#-----------------------------------------------------------
# Vivado v2018.1 (64-bit)
# SW Build 2188600 on Wed Apr  4 18:40:38 MDT 2018
# IP Build 2185939 on Wed Apr  4 20:55:05 MDT 2018
# Start of session at: Sat Sep 12 09:24:58 2026
# Process ID: 12672
# Current directory: D:/vivado_pj
# Command line: vivado.exe -mode batch -source scripts/v4/run_ooc_probe.tcl -log work/v4_ooc_panel_mux_20260912_0925.log -journal work/v4_ooc_panel_mux_20260912_0925.jou -tclargs -top factor_panel_service -clock_ns 10.0 -out_dir work/v4_ooc_panel_mux_20260912_0925
# Log file: D:/vivado_pj/work/v4_ooc_panel_mux_20260912_0925.log
# Journal file: D:/vivado_pj\work/v4_ooc_panel_mux_20260912_0925.jou
#-----------------------------------------------------------
CRITICAL WARNING: [Common 17-741] No write access right to the local Tcl store at 'C'. XilinxTclStore is reverted to the installation area. If you want to use local Tcl Store, please change the access right and relaunch Vivado.
source scripts/v4/run_ooc_probe.tcl
# set repo_root [file normalize [file join [file dirname [info script]] ../..]]
# set part xczu7ev-ffvc1156-2-e
# set top ""
# set clock_ns 10.0
# set out_dir ""
# for {set index 0} {$index < $argc} {incr index} {
#     set argument [lindex $argv $index]
#     if {$argument in {-help --help}} {
#         puts "Usage: vivado -mode batch -source scripts/v4/run_ooc_probe.tcl -tclargs -top TOP ?-part PART? ?-clock_ns 10.0? ?-out_dir work/v4_ooc_*?"
#         exit 0
#     }
#     if {$argument ni {-top -part -clock_ns -out_dir}} { error "Unknown argument: $argument" }
#     incr index
#     if {$index >= $argc} { error "Missing value for $argument" }
#     set value [lindex $argv $index]
#     switch -- $argument {
#         -top { set top $value }
#         -part { set part $value }
#         -clock_ns { set clock_ns $value }
#         -out_dir { set out_dir $value }
#     }
# }
# if {$top eq ""} { error "-top is required" }
# if {![string is double -strict $clock_ns] || !($clock_ns > 0)} { error "-clock_ns must be positive" }
# if {[llength [get_parts -quiet $part]] != 1} { error "Part not installed or not unique: $part" }
# set work_dir [file join $repo_root work]
# if {$out_dir eq ""} { set out_dir [file join $work_dir "v4_ooc_${top}_[clock format [clock seconds] -format %Y%m%d_%H%M%S]"] }
# if {[file pathtype $out_dir] ne "absolute"} { set out_dir [file join $repo_root $out_dir] }
# set out_dir [file normalize $out_dir]
# if {[file dirname $out_dir] ne $work_dir || ![string match v4_ooc_* [file tail $out_dir]]} { error "Output must be a direct child of work named v4_ooc_*" }
# if {[file exists $out_dir]} { error "Refusing existing output directory: $out_dir" }
# set source_files {}
# set include_dirs {}
# set filelist [open [file join $repo_root rtl v4 files.f] r]
# foreach raw_line [split [read $filelist] "\n"] {
#     regsub {#.*$} $raw_line {} line
#     foreach token [regexp -all -inline {\S+} $line] {
#         if {[string first +incdir+ $token] == 0} {
#             foreach directory [split [string range $token 8 end] +] {
#                 set directory [file normalize [file join $repo_root $directory]]
#                 if {![file isdirectory $directory]} { error "Missing include directory: $directory" }
#                 lappend include_dirs $directory
#             }
#         } elseif {[file extension $token] in {.sv .v}} {
#             set source [file normalize [file join $repo_root $token]]
#             if {![file isfile $source]} { error "Missing RTL: $source" }
#             lappend source_files $source
#         }
#     }
# }
# close $filelist
# file mkdir $out_dir
# set snapshot_dir [file join $out_dir source_snapshot]
# file mkdir $snapshot_dir
# set snapshot_sources {}
# foreach source $source_files {
#     set target [file join $snapshot_dir [file tail $source]]
#     if {[file exists $target]} { error "Duplicate source basename: $source" }
#     file copy $source $target
#     lappend snapshot_sources $target
# }
# foreach directory $include_dirs {
#     foreach header [glob -nocomplain -directory $directory *.vh *.svh] {
#         set target [file join $snapshot_dir [file tail $header]]
#         if {[file exists $target]} { error "Duplicate header basename: $header" }
#         file copy $header $target
#     }
# }
# set xdc [file join $out_dir probe.xdc]
# set channel [open $xdc w]
# puts $channel "create_clock -name clk -period $clock_ns \[get_ports clk\]"
# close $channel
# set channel [open [file join $out_dir run_config.txt] w]
# puts $channel "part=$part\ntop=$top\nclock_ns=$clock_ns\nmode=out_of_context\ndirectives=Vivado defaults\nsource_count=[llength $source_files]"
# close $channel
# file copy [info script] [file join $out_dir run_ooc_probe.tcl]
# create_project -in_memory -part $part
# set_property include_dirs [list $snapshot_dir] [current_fileset]
# read_verilog -sv $snapshot_sources
# read_xdc $xdc
# synth_design -top $top -part $part -mode out_of_context
Command: synth_design -top factor_panel_service -part xczu7ev-ffvc1156-2-e -mode out_of_context
Starting synth_design
Attempting to get a license for feature 'Synthesis' and/or device 'xczu7ev'
INFO: [Common 17-349] Got license for feature 'Synthesis' and/or device 'xczu7ev'
INFO: Launching helper process for spawning children vivado processes
INFO: Helper process launched with PID 24608 
---------------------------------------------------------------------------------
Starting RTL Elaboration : Time (s): cpu = 00:00:06 ; elapsed = 00:00:07 . Memory (MB): peak = 418.883 ; gain = 107.617
---------------------------------------------------------------------------------
INFO: [Synth 8-6157] synthesizing module 'factor_panel_service' [D:/vivado_pj/work/v4_ooc_panel_mux_20260912_0925/source_snapshot/factor_panel_service.sv:5]
	Parameter NARROW_PANEL_MAPPING bound to: 1'b1 
	Parameter PROJECT_DOT_SPLIT_ENABLE bound to: 1'b1 
	Parameter PROJECT_DOT_SPLIT_MIN_ROWS bound to: 11'b00000011000 
	Parameter IDLE bound to: 6'b000000 
	Parameter CHECK bound to: 6'b000001 
	Parameter A_REQ bound to: 6'b000010 
	Parameter A_WAIT bound to: 6'b000011 
	Parameter B_REQ bound to: 6'b000100 
	Parameter B_WAIT bound to: 6'b000101 
	Parameter CONFIG bound to: 6'b000110 
	Parameter CONFIG_WAIT bound to: 6'b000111 
	Parameter LAUNCH bound to: 6'b001000 
	Parameter RUN bound to: 6'b001001 
	Parameter CANDIDATE bound to: 6'b001010 
	Parameter FAILED bound to: 6'b001011 
	Parameter DONE bound to: 6'b001100 
	Parameter EMPTY bound to: 3'b000 
	Parameter READ_PENDING bound to: 3'b001 
	Parameter READY bound to: 3'b010 
	Parameter PE_PENDING bound to: 3'b011 
	Parameter RESULT bound to: 3'b100 
	Parameter WRITE_PENDING bound to: 3'b101 
	Parameter PROJECT_DOT bound to: 2'b00 
	Parameter PROJECT_SCALE bound to: 2'b01 
	Parameter PROJECT_RANK bound to: 2'b10 
	Parameter PROJECT_DOT_CONTEXT bound to: 64'b0000000000000000000000000000000000000000000000000000000100101001 
	Parameter PROJECT_SCALE_CONTEXT bound to: 64'b0000000000000000000000000000000000000000000000000000000100101000 
	Parameter PROJECT_RANK_CONTEXT bound to: 64'b0000000000000000000000000000000000000000000000000000000100100011 
	Parameter PROJECT_PADDING_CONTEXT bound to: 64'b0000000000000000000000000000000000000000000000000000000000000000 
WARNING: [Synth 8-6014] Unused sequential element row_value_reg was removed.  [D:/vivado_pj/work/v4_ooc_panel_mux_20260912_0925/source_snapshot/factor_panel_service.sv:652]
WARNING: [Synth 8-6014] Unused sequential element seq_row_reg was removed.  [D:/vivado_pj/work/v4_ooc_panel_mux_20260912_0925/source_snapshot/factor_panel_service.sv:654]
WARNING: [Synth 8-6014] Unused sequential element seq_col_reg was removed.  [D:/vivado_pj/work/v4_ooc_panel_mux_20260912_0925/source_snapshot/factor_panel_service.sv:655]
WARNING: [Synth 8-6014] Unused sequential element bank_reg was removed.  [D:/vivado_pj/work/v4_ooc_panel_mux_20260912_0925/source_snapshot/factor_panel_service.sv:661]
WARNING: [Synth 8-6014] Unused sequential element col_value_reg was removed.  [D:/vivado_pj/work/v4_ooc_panel_mux_20260912_0925/source_snapshot/factor_panel_service.sv:669]
WARNING: [Synth 8-6014] Unused sequential element factor_response_data_reg was removed.  [D:/vivado_pj/work/v4_ooc_panel_mux_20260912_0925/source_snapshot/factor_panel_service.sv:662]
INFO: [Synth 8-6155] done synthesizing module 'factor_panel_service' (1#1) [D:/vivado_pj/work/v4_ooc_panel_mux_20260912_0925/source_snapshot/factor_panel_service.sv:5]
WARNING: [Synth 8-3331] design factor_panel_service has unconnected port fabric_out_acc[2047]
WARNING: [Synth 8-3331] design factor_panel_service has unconnected port fabric_out_acc[2046]
WARNING: [Synth 8-3331] design factor_panel_service has unconnected port fabric_out_acc[2045]
WARNING: [Synth 8-3331] design factor_panel_service has unconnected port fabric_out_acc[2044]
WARNING: [Synth 8-3331] design factor_panel_service has unconnected port fabric_out_acc[2043]
WARNING: [Synth 8-3331] design factor_panel_service has unconnected port fabric_out_acc[2042]
WARNING: [Synth 8-3331] design factor_panel_service has unconnected port fabric_out_acc[2041]
WARNING: [Synth 8-3331] design factor_panel_service has unconnected port fabric_out_acc[2040]
WARNING: [Synth 8-3331] design factor_panel_service has unconnected port fabric_out_acc[2039]
WARNING: [Synth 8-3331] design factor_panel_service has unconnected port fabric_out_acc[2038]
WARNING: [Synth 8-3331] design factor_panel_service has unconnected port fabric_out_acc[2037]
WARNING: [Synth 8-3331] design factor_panel_service has unconnected port fabric_out_acc[2036]
WARNING: [Synth 8-3331] design factor_panel_service has unconnected port fabric_out_acc[2035]
WARNING: [Synth 8-3331] design factor_panel_service has unconnected port fabric_out_acc[2034]
WARNING: [Synth 8-3331] design factor_panel_service has unconnected port fabric_out_acc[2033]
WARNING: [Synth 8-3331] design factor_panel_service has unconnected port fabric_out_acc[2032]
WARNING: [Synth 8-3331] design factor_panel_service has unconnected port fabric_out_acc[2031]
WARNING: [Synth 8-3331] design factor_panel_service has unconnected port fabric_out_acc[2030]
WARNING: [Synth 8-3331] design factor_panel_service has unconnected port fabric_out_acc[2029]
WARNING: [Synth 8-3331] design factor_panel_service has unconnected port fabric_out_acc[2028]
WARNING: [Synth 8-3331] design factor_panel_service has unconnected port fabric_out_acc[2027]
WARNING: [Synth 8-3331] design factor_panel_service has unconnected port fabric_out_acc[2026]
WARNING: [Synth 8-3331] design factor_panel_service has unconnected port fabric_out_acc[2025]
WARNING: [Synth 8-3331] design factor_panel_service has unconnected port fabric_out_acc[2024]
WARNING: [Synth 8-3331] design factor_panel_service has unconnected port fabric_out_acc[2023]
WARNING: [Synth 8-3331] design factor_panel_service has unconnected port fabric_out_acc[2022]
WARNING: [Synth 8-3331] design factor_panel_service has unconnected port fabric_out_acc[2021]
WARNING: [Synth 8-3331] design factor_panel_service has unconnected port fabric_out_acc[2020]
WARNING: [Synth 8-3331] design factor_panel_service has unconnected port fabric_out_acc[2019]
WARNING: [Synth 8-3331] design factor_panel_service has unconnected port fabric_out_acc[2018]
WARNING: [Synth 8-3331] design factor_panel_service has unconnected port fabric_out_acc[2017]
WARNING: [Synth 8-3331] design factor_panel_service has unconnected port fabric_out_acc[2016]
WARNING: [Synth 8-3331] design factor_panel_service has unconnected port fabric_out_acc[2015]
WARNING: [Synth 8-3331] design factor_panel_service has unconnected port fabric_out_acc[2014]
WARNING: [Synth 8-3331] design factor_panel_service has unconnected port fabric_out_acc[2013]
WARNING: [Synth 8-3331] design factor_panel_service has unconnected port fabric_out_acc[2012]
WARNING: [Synth 8-3331] design factor_panel_service has unconnected port fabric_out_acc[2011]
WARNING: [Synth 8-3331] design factor_panel_service has unconnected port fabric_out_acc[2010]
WARNING: [Synth 8-3331] design factor_panel_service has unconnected port fabric_out_acc[2009]
WARNING: [Synth 8-3331] design factor_panel_service has unconnected port fabric_out_acc[2008]
WARNING: [Synth 8-3331] design factor_panel_service has unconnected port fabric_out_acc[2007]
WARNING: [Synth 8-3331] design factor_panel_service has unconnected port fabric_out_acc[2006]
WARNING: [Synth 8-3331] design factor_panel_service has unconnected port fabric_out_acc[2005]
WARNING: [Synth 8-3331] design factor_panel_service has unconnected port fabric_out_acc[2004]
WARNING: [Synth 8-3331] design factor_panel_service has unconnected port fabric_out_acc[2003]
WARNING: [Synth 8-3331] design factor_panel_service has unconnected port fabric_out_acc[2002]
WARNING: [Synth 8-3331] design factor_panel_service has unconnected port fabric_out_acc[2001]
WARNING: [Synth 8-3331] design factor_panel_service has unconnected port fabric_out_acc[2000]
WARNING: [Synth 8-3331] design factor_panel_service has unconnected port fabric_out_acc[1999]
WARNING: [Synth 8-3331] design factor_panel_service has unconnected port fabric_out_acc[1998]
WARNING: [Synth 8-3331] design factor_panel_service has unconnected port fabric_out_acc[1997]
WARNING: [Synth 8-3331] design factor_panel_service has unconnected port fabric_out_acc[1996]
WARNING: [Synth 8-3331] design factor_panel_service has unconnected port fabric_out_acc[1995]
WARNING: [Synth 8-3331] design factor_panel_service has unconnected port fabric_out_acc[1994]
WARNING: [Synth 8-3331] design factor_panel_service has unconnected port fabric_out_acc[1993]
WARNING: [Synth 8-3331] design factor_panel_service has unconnected port fabric_out_acc[1992]
WARNING: [Synth 8-3331] design factor_panel_service has unconnected port fabric_out_acc[1991]
WARNING: [Synth 8-3331] design factor_panel_service has unconnected port fabric_out_acc[1990]
WARNING: [Synth 8-3331] design factor_panel_service has unconnected port fabric_out_acc[1989]
WARNING: [Synth 8-3331] design factor_panel_service has unconnected port fabric_out_acc[1988]
WARNING: [Synth 8-3331] design factor_panel_service has unconnected port fabric_out_acc[1987]
WARNING: [Synth 8-3331] design factor_panel_service has unconnected port fabric_out_acc[1986]
WARNING: [Synth 8-3331] design factor_panel_service has unconnected port fabric_out_acc[1985]
WARNING: [Synth 8-3331] design factor_panel_service has unconnected port fabric_out_acc[1984]
WARNING: [Synth 8-3331] design factor_panel_service has unconnected port fabric_out_acc[1983]
WARNING: [Synth 8-3331] design factor_panel_service has unconnected port fabric_out_acc[1982]
WARNING: [Synth 8-3331] design factor_panel_service has unconnected port fabric_out_acc[1981]
WARNING: [Synth 8-3331] design factor_panel_service has unconnected port fabric_out_acc[1980]
WARNING: [Synth 8-3331] design factor_panel_service has unconnected port fabric_out_acc[1979]
WARNING: [Synth 8-3331] design factor_panel_service has unconnected port fabric_out_acc[1978]
WARNING: [Synth 8-3331] design factor_panel_service has unconnected port fabric_out_acc[1977]
WARNING: [Synth 8-3331] design factor_panel_service has unconnected port fabric_out_acc[1976]
WARNING: [Synth 8-3331] design factor_panel_service has unconnected port fabric_out_acc[1975]
WARNING: [Synth 8-3331] design factor_panel_service has unconnected port fabric_out_acc[1974]
WARNING: [Synth 8-3331] design factor_panel_service has unconnected port fabric_out_acc[1973]
WARNING: [Synth 8-3331] design factor_panel_service has unconnected port fabric_out_acc[1972]
WARNING: [Synth 8-3331] design factor_panel_service has unconnected port fabric_out_acc[1971]
WARNING: [Synth 8-3331] design factor_panel_service has unconnected port fabric_out_acc[1970]
WARNING: [Synth 8-3331] design factor_panel_service has unconnected port fabric_out_acc[1969]
WARNING: [Synth 8-3331] design factor_panel_service has unconnected port fabric_out_acc[1968]
WARNING: [Synth 8-3331] design factor_panel_service has unconnected port fabric_out_acc[1967]
WARNING: [Synth 8-3331] design factor_panel_service has unconnected port fabric_out_acc[1966]
WARNING: [Synth 8-3331] design factor_panel_service has unconnected port fabric_out_acc[1965]
WARNING: [Synth 8-3331] design factor_panel_service has unconnected port fabric_out_acc[1964]
WARNING: [Synth 8-3331] design factor_panel_service has unconnected port fabric_out_acc[1963]
WARNING: [Synth 8-3331] design factor_panel_service has unconnected port fabric_out_acc[1962]
WARNING: [Synth 8-3331] design factor_panel_service has unconnected port fabric_out_acc[1961]
WARNING: [Synth 8-3331] design factor_panel_service has unconnected port fabric_out_acc[1960]
WARNING: [Synth 8-3331] design factor_panel_service has unconnected port fabric_out_acc[1959]
WARNING: [Synth 8-3331] design factor_panel_service has unconnected port fabric_out_acc[1958]
WARNING: [Synth 8-3331] design factor_panel_service has unconnected port fabric_out_acc[1957]
WARNING: [Synth 8-3331] design factor_panel_service has unconnected port fabric_out_acc[1956]
WARNING: [Synth 8-3331] design factor_panel_service has unconnected port fabric_out_acc[1955]
WARNING: [Synth 8-3331] design factor_panel_service has unconnected port fabric_out_acc[1954]
WARNING: [Synth 8-3331] design factor_panel_service has unconnected port fabric_out_acc[1953]
WARNING: [Synth 8-3331] design factor_panel_service has unconnected port fabric_out_acc[1952]
WARNING: [Synth 8-3331] design factor_panel_service has unconnected port fabric_out_acc[1951]
WARNING: [Synth 8-3331] design factor_panel_service has unconnected port fabric_out_acc[1950]
WARNING: [Synth 8-3331] design factor_panel_service has unconnected port fabric_out_acc[1949]
WARNING: [Synth 8-3331] design factor_panel_service has unconnected port fabric_out_acc[1948]
INFO: [Common 17-14] Message 'Synth 8-3331' appears 100 times and further instances of the messages will be disabled. Use the Tcl command set_msg_config to change the current settings.
---------------------------------------------------------------------------------
Finished RTL Elaboration : Time (s): cpu = 00:00:24 ; elapsed = 00:00:26 . Memory (MB): peak = 1001.359 ; gain = 690.094
---------------------------------------------------------------------------------

Report Check Netlist: 
+------+------------------+-------+---------+-------+------------------+
|      |Item              |Errors |Warnings |Status |Description       |
+------+------------------+-------+---------+-------+------------------+
|1     |multi_driven_nets |      0|        0|Passed |Multi driven nets |
+------+------------------+-------+---------+-------+------------------+
---------------------------------------------------------------------------------
Start Handling Custom Attributes
---------------------------------------------------------------------------------
---------------------------------------------------------------------------------
Finished Handling Custom Attributes : Time (s): cpu = 00:00:28 ; elapsed = 00:00:31 . Memory (MB): peak = 1001.359 ; gain = 690.094
---------------------------------------------------------------------------------
---------------------------------------------------------------------------------
Finished RTL Optimization Phase 1 : Time (s): cpu = 00:00:28 ; elapsed = 00:00:31 . Memory (MB): peak = 1001.359 ; gain = 690.094
---------------------------------------------------------------------------------
INFO: [Device 21-403] Loading part xczu7ev-ffvc1156-2-e
INFO: [Project 1-570] Preparing netlist for logic optimization

Processing XDC Constraints
Initializing timing engine
Parsing XDC File [D:/vivado_pj/work/v4_ooc_panel_mux_20260912_0925/probe.xdc]
Finished Parsing XDC File [D:/vivado_pj/work/v4_ooc_panel_mux_20260912_0925/probe.xdc]
Completed Processing XDC Constraints

INFO: [Project 1-111] Unisim Transformation Summary:
No Unisim elements were transformed.

Constraint Validation Runtime : Time (s): cpu = 00:00:01 ; elapsed = 00:00:00.981 . Memory (MB): peak = 2163.723 ; gain = 15.449
---------------------------------------------------------------------------------
Finished Constraint Validation : Time (s): cpu = 00:01:21 ; elapsed = 00:01:28 . Memory (MB): peak = 2163.723 ; gain = 1852.457
---------------------------------------------------------------------------------
INFO: [Synth 8-5580] Multithreading enabled for synth_design using a maximum of 2 processes.
---------------------------------------------------------------------------------
Start Loading Part and Timing Information
---------------------------------------------------------------------------------
Loading part: xczu7ev-ffvc1156-2-e
---------------------------------------------------------------------------------
Finished Loading Part and Timing Information : Time (s): cpu = 00:01:21 ; elapsed = 00:01:28 . Memory (MB): peak = 2163.723 ; gain = 1852.457
---------------------------------------------------------------------------------
---------------------------------------------------------------------------------
Start Applying 'set_property' XDC Constraints
---------------------------------------------------------------------------------
---------------------------------------------------------------------------------
Finished applying 'set_property' XDC Constraints : Time (s): cpu = 00:01:21 ; elapsed = 00:01:28 . Memory (MB): peak = 2163.723 ; gain = 1852.457
---------------------------------------------------------------------------------
INFO: [Synth 8-4471] merging register 'rsp_job_reg[15:0]' into 'job_reg[15:0]' [D:/vivado_pj/work/v4_ooc_panel_mux_20260912_0925/source_snapshot/factor_panel_service.sv:480]
INFO: [Synth 8-4471] merging register 'rsp_tag_reg[15:0]' into 'tag_reg[15:0]' [D:/vivado_pj/work/v4_ooc_panel_mux_20260912_0925/source_snapshot/factor_panel_service.sv:481]
INFO: [Synth 8-4471] merging register 'rsp_fmt_reg[7:0]' into 'fmt_reg[7:0]' [D:/vivado_pj/work/v4_ooc_panel_mux_20260912_0925/source_snapshot/factor_panel_service.sv:482]
WARNING: [Synth 8-6014] Unused sequential element rsp_job_reg was removed.  [D:/vivado_pj/work/v4_ooc_panel_mux_20260912_0925/source_snapshot/factor_panel_service.sv:480]
WARNING: [Synth 8-6014] Unused sequential element rsp_tag_reg was removed.  [D:/vivado_pj/work/v4_ooc_panel_mux_20260912_0925/source_snapshot/factor_panel_service.sv:481]
WARNING: [Synth 8-6014] Unused sequential element rsp_fmt_reg was removed.  [D:/vivado_pj/work/v4_ooc_panel_mux_20260912_0925/source_snapshot/factor_panel_service.sv:482]
INFO: [Synth 8-5818] HDL ADVISOR - The operator resource <adder> is shared. To prevent sharing consider applying a KEEP on the output of the operator [D:/vivado_pj/work/v4_ooc_panel_mux_20260912_0925/source_snapshot/factor_panel_service.sv:497]
INFO: [Synth 8-5818] HDL ADVISOR - The operator resource <adder> is shared. To prevent sharing consider applying a KEEP on the output of the operator [D:/vivado_pj/work/v4_ooc_panel_mux_20260912_0925/source_snapshot/factor_panel_service.sv:139]
INFO: [Synth 8-5544] ROM "slot_state_reg[0]" won't be mapped to Block RAM because address size (2) smaller than threshold (5)
INFO: [Synth 8-5544] ROM "slot_state_reg[1]" won't be mapped to Block RAM because address size (2) smaller than threshold (5)
INFO: [Synth 8-5544] ROM "slot_state_reg[2]" won't be mapped to Block RAM because address size (2) smaller than threshold (5)
INFO: [Synth 8-5544] ROM "slot_state_reg[3]" won't be mapped to Block RAM because address size (2) smaller than threshold (5)
INFO: [Synth 8-5544] ROM "slot_row_reg[0]" won't be mapped to Block RAM because address size (2) smaller than threshold (5)
INFO: [Synth 8-5544] ROM "slot_row_reg[1]" won't be mapped to Block RAM because address size (2) smaller than threshold (5)
INFO: [Synth 8-5544] ROM "slot_row_reg[2]" won't be mapped to Block RAM because address size (2) smaller than threshold (5)
INFO: [Synth 8-5544] ROM "slot_row_reg[3]" won't be mapped to Block RAM because address size (2) smaller than threshold (5)
INFO: [Synth 8-5544] ROM "slot_result_reg[0]" won't be mapped to Block RAM because address size (2) smaller than threshold (5)
INFO: [Synth 8-5544] ROM "slot_result_reg[1]" won't be mapped to Block RAM because address size (2) smaller than threshold (5)
INFO: [Synth 8-5544] ROM "slot_result_reg[2]" won't be mapped to Block RAM because address size (2) smaller than threshold (5)
INFO: [Synth 8-5544] ROM "slot_result_reg[3]" won't be mapped to Block RAM because address size (2) smaller than threshold (5)
INFO: [Synth 8-5544] ROM "request_valid" won't be mapped to Block RAM because address size (3) smaller than threshold (5)
WARNING: [Synth 8-6014] Unused sequential element  was removed.  [D:/vivado_pj/work/v4_ooc_panel_mux_20260912_0925/source_snapshot/factor_panel_service.sv:197]
WARNING: [Synth 8-6014] Unused sequential element  was removed. 
WARNING: [Synth 8-6014] Unused sequential element  was removed.  [D:/vivado_pj/work/v4_ooc_panel_mux_20260912_0925/source_snapshot/factor_panel_service.sv:207]
WARNING: [Synth 8-6014] Unused sequential element  was removed. 
WARNING: [Synth 8-6014] Unused sequential element  was removed.  [D:/vivado_pj/work/v4_ooc_panel_mux_20260912_0925/source_snapshot/factor_panel_service.sv:179]
WARNING: [Synth 8-6014] Unused sequential element  was removed.  [D:/vivado_pj/work/v4_ooc_panel_mux_20260912_0925/source_snapshot/factor_panel_service.sv:179]
WARNING: [Synth 8-6014] Unused sequential element  was removed.  [D:/vivado_pj/work/v4_ooc_panel_mux_20260912_0925/source_snapshot/factor_panel_service.sv:179]
WARNING: [Synth 8-6014] Unused sequential element  was removed.  [D:/vivado_pj/work/v4_ooc_panel_mux_20260912_0925/source_snapshot/factor_panel_service.sv:179]
WARNING: [Synth 8-6014] Unused sequential element  was removed.  [D:/vivado_pj/work/v4_ooc_panel_mux_20260912_0925/source_snapshot/factor_panel_service.sv:179]
WARNING: [Synth 8-6014] Unused sequential element  was removed.  [D:/vivado_pj/work/v4_ooc_panel_mux_20260912_0925/source_snapshot/factor_panel_service.sv:179]
WARNING: [Synth 8-6014] Unused sequential element  was removed.  [D:/vivado_pj/work/v4_ooc_panel_mux_20260912_0925/source_snapshot/factor_panel_service.sv:179]
WARNING: [Synth 8-6014] Unused sequential element  was removed.  [D:/vivado_pj/work/v4_ooc_panel_mux_20260912_0925/source_snapshot/factor_panel_service.sv:179]
WARNING: [Synth 8-6014] Unused sequential element  was removed.  [D:/vivado_pj/work/v4_ooc_panel_mux_20260912_0925/source_snapshot/factor_panel_service.sv:179]
WARNING: [Synth 8-6014] Unused sequential element  was removed.  [D:/vivado_pj/work/v4_ooc_panel_mux_20260912_0925/source_snapshot/factor_panel_service.sv:179]
WARNING: [Synth 8-6014] Unused sequential element  was removed.  [D:/vivado_pj/work/v4_ooc_panel_mux_20260912_0925/source_snapshot/factor_panel_service.sv:179]
WARNING: [Synth 8-6014] Unused sequential element  was removed.  [D:/vivado_pj/work/v4_ooc_panel_mux_20260912_0925/source_snapshot/factor_panel_service.sv:179]
WARNING: [Synth 8-6014] Unused sequential element  was removed.  [D:/vivado_pj/work/v4_ooc_panel_mux_20260912_0925/source_snapshot/factor_panel_service.sv:179]
WARNING: [Synth 8-6014] Unused sequential element  was removed.  [D:/vivado_pj/work/v4_ooc_panel_mux_20260912_0925/source_snapshot/factor_panel_service.sv:179]
WARNING: [Synth 8-6014] Unused sequential element  was removed.  [D:/vivado_pj/work/v4_ooc_panel_mux_20260912_0925/source_snapshot/factor_panel_service.sv:179]
WARNING: [Synth 8-6014] Unused sequential element  was removed.  [D:/vivado_pj/work/v4_ooc_panel_mux_20260912_0925/source_snapshot/factor_panel_service.sv:179]
WARNING: [Synth 8-6014] Unused sequential element  was removed.  [D:/vivado_pj/work/v4_ooc_panel_mux_20260912_0925/source_snapshot/factor_panel_service.sv:179]
WARNING: [Synth 8-6014] Unused sequential element  was removed.  [D:/vivado_pj/work/v4_ooc_panel_mux_20260912_0925/source_snapshot/factor_panel_service.sv:179]
WARNING: [Synth 8-6014] Unused sequential element  was removed.  [D:/vivado_pj/work/v4_ooc_panel_mux_20260912_0925/source_snapshot/factor_panel_service.sv:179]
WARNING: [Synth 8-6014] Unused sequential element  was removed.  [D:/vivado_pj/work/v4_ooc_panel_mux_20260912_0925/source_snapshot/factor_panel_service.sv:179]
WARNING: [Synth 8-6014] Unused sequential element  was removed.  [D:/vivado_pj/work/v4_ooc_panel_mux_20260912_0925/source_snapshot/factor_panel_service.sv:179]
WARNING: [Synth 8-6014] Unused sequential element  was removed.  [D:/vivado_pj/work/v4_ooc_panel_mux_20260912_0925/source_snapshot/factor_panel_service.sv:179]
WARNING: [Synth 8-6014] Unused sequential element  was removed.  [D:/vivado_pj/work/v4_ooc_panel_mux_20260912_0925/source_snapshot/factor_panel_service.sv:179]
WARNING: [Synth 8-6014] Unused sequential element  was removed.  [D:/vivado_pj/work/v4_ooc_panel_mux_20260912_0925/source_snapshot/factor_panel_service.sv:179]
WARNING: [Synth 8-6014] Unused sequential element  was removed.  [D:/vivado_pj/work/v4_ooc_panel_mux_20260912_0925/source_snapshot/factor_panel_service.sv:179]
WARNING: [Synth 8-6014] Unused sequential element  was removed.  [D:/vivado_pj/work/v4_ooc_panel_mux_20260912_0925/source_snapshot/factor_panel_service.sv:179]
WARNING: [Synth 8-6014] Unused sequential element  was removed.  [D:/vivado_pj/work/v4_ooc_panel_mux_20260912_0925/source_snapshot/factor_panel_service.sv:179]
WARNING: [Synth 8-6014] Unused sequential element  was removed.  [D:/vivado_pj/work/v4_ooc_panel_mux_20260912_0925/source_snapshot/factor_panel_service.sv:179]
WARNING: [Synth 8-6014] Unused sequential element  was removed.  [D:/vivado_pj/work/v4_ooc_panel_mux_20260912_0925/source_snapshot/factor_panel_service.sv:179]
WARNING: [Synth 8-6014] Unused sequential element  was removed.  [D:/vivado_pj/work/v4_ooc_panel_mux_20260912_0925/source_snapshot/factor_panel_service.sv:179]
WARNING: [Synth 8-6014] Unused sequential element  was removed.  [D:/vivado_pj/work/v4_ooc_panel_mux_20260912_0925/source_snapshot/factor_panel_service.sv:179]
WARNING: [Synth 8-6014] Unused sequential element  was removed.  [D:/vivado_pj/work/v4_ooc_panel_mux_20260912_0925/source_snapshot/factor_panel_service.sv:179]
WARNING: [Synth 8-6014] Unused sequential element  was removed.  [D:/vivado_pj/work/v4_ooc_panel_mux_20260912_0925/source_snapshot/factor_panel_service.sv:560]
WARNING: [Synth 8-6014] Unused sequential element  was removed.  [D:/vivado_pj/work/v4_ooc_panel_mux_20260912_0925/source_snapshot/factor_panel_service.sv:179]
WARNING: [Synth 8-6014] Unused sequential element  was removed.  [D:/vivado_pj/work/v4_ooc_panel_mux_20260912_0925/source_snapshot/factor_panel_service.sv:179]
WARNING: [Synth 8-6014] Unused sequential element  was removed.  [D:/vivado_pj/work/v4_ooc_panel_mux_20260912_0925/source_snapshot/factor_panel_service.sv:179]
WARNING: [Synth 8-6014] Unused sequential element  was removed.  [D:/vivado_pj/work/v4_ooc_panel_mux_20260912_0925/source_snapshot/factor_panel_service.sv:179]
WARNING: [Synth 8-6014] Unused sequential element  was removed.  [D:/vivado_pj/work/v4_ooc_panel_mux_20260912_0925/source_snapshot/factor_panel_service.sv:179]
WARNING: [Synth 8-6014] Unused sequential element  was removed.  [D:/vivado_pj/work/v4_ooc_panel_mux_20260912_0925/source_snapshot/factor_panel_service.sv:179]
WARNING: [Synth 8-6014] Unused sequential element  was removed.  [D:/vivado_pj/work/v4_ooc_panel_mux_20260912_0925/source_snapshot/factor_panel_service.sv:179]
WARNING: [Synth 8-6014] Unused sequential element  was removed.  [D:/vivado_pj/work/v4_ooc_panel_mux_20260912_0925/source_snapshot/factor_panel_service.sv:179]
WARNING: [Synth 8-6014] Unused sequential element  was removed.  [D:/vivado_pj/work/v4_ooc_panel_mux_20260912_0925/source_snapshot/factor_panel_service.sv:179]
WARNING: [Synth 8-6014] Unused sequential element  was removed.  [D:/vivado_pj/work/v4_ooc_panel_mux_20260912_0925/source_snapshot/factor_panel_service.sv:179]
WARNING: [Synth 8-6014] Unused sequential element  was removed.  [D:/vivado_pj/work/v4_ooc_panel_mux_20260912_0925/source_snapshot/factor_panel_service.sv:179]
WARNING: [Synth 8-6014] Unused sequential element  was removed.  [D:/vivado_pj/work/v4_ooc_panel_mux_20260912_0925/source_snapshot/factor_panel_service.sv:179]
WARNING: [Synth 8-6014] Unused sequential element  was removed.  [D:/vivado_pj/work/v4_ooc_panel_mux_20260912_0925/source_snapshot/factor_panel_service.sv:179]
WARNING: [Synth 8-6014] Unused sequential element  was removed.  [D:/vivado_pj/work/v4_ooc_panel_mux_20260912_0925/source_snapshot/factor_panel_service.sv:179]
WARNING: [Synth 8-6014] Unused sequential element  was removed.  [D:/vivado_pj/work/v4_ooc_panel_mux_20260912_0925/source_snapshot/factor_panel_service.sv:179]
WARNING: [Synth 8-6014] Unused sequential element  was removed.  [D:/vivado_pj/work/v4_ooc_panel_mux_20260912_0925/source_snapshot/factor_panel_service.sv:179]
WARNING: [Synth 8-6014] Unused sequential element  was removed.  [D:/vivado_pj/work/v4_ooc_panel_mux_20260912_0925/source_snapshot/factor_panel_service.sv:179]
WARNING: [Synth 8-6014] Unused sequential element  was removed.  [D:/vivado_pj/work/v4_ooc_panel_mux_20260912_0925/source_snapshot/factor_panel_service.sv:179]
WARNING: [Synth 8-6014] Unused sequential element  was removed.  [D:/vivado_pj/work/v4_ooc_panel_mux_20260912_0925/source_snapshot/factor_panel_service.sv:179]
WARNING: [Synth 8-6014] Unused sequential element  was removed.  [D:/vivado_pj/work/v4_ooc_panel_mux_20260912_0925/source_snapshot/factor_panel_service.sv:179]
WARNING: [Synth 8-6014] Unused sequential element  was removed.  [D:/vivado_pj/work/v4_ooc_panel_mux_20260912_0925/source_snapshot/factor_panel_service.sv:179]
WARNING: [Synth 8-6014] Unused sequential element  was removed.  [D:/vivado_pj/work/v4_ooc_panel_mux_20260912_0925/source_snapshot/factor_panel_service.sv:179]
WARNING: [Synth 8-6014] Unused sequential element  was removed.  [D:/vivado_pj/work/v4_ooc_panel_mux_20260912_0925/source_snapshot/factor_panel_service.sv:179]
WARNING: [Synth 8-6014] Unused sequential element  was removed.  [D:/vivado_pj/work/v4_ooc_panel_mux_20260912_0925/source_snapshot/factor_panel_service.sv:179]
WARNING: [Synth 8-6014] Unused sequential element  was removed.  [D:/vivado_pj/work/v4_ooc_panel_mux_20260912_0925/source_snapshot/factor_panel_service.sv:179]
WARNING: [Synth 8-6014] Unused sequential element  was removed.  [D:/vivado_pj/work/v4_ooc_panel_mux_20260912_0925/source_snapshot/factor_panel_service.sv:179]
WARNING: [Synth 8-6014] Unused sequential element  was removed.  [D:/vivado_pj/work/v4_ooc_panel_mux_20260912_0925/source_snapshot/factor_panel_service.sv:179]
WARNING: [Synth 8-6014] Unused sequential element  was removed.  [D:/vivado_pj/work/v4_ooc_panel_mux_20260912_0925/source_snapshot/factor_panel_service.sv:179]
WARNING: [Synth 8-6014] Unused sequential element  was removed.  [D:/vivado_pj/work/v4_ooc_panel_mux_20260912_0925/source_snapshot/factor_panel_service.sv:179]
WARNING: [Synth 8-6014] Unused sequential element  was removed.  [D:/vivado_pj/work/v4_ooc_panel_mux_20260912_0925/source_snapshot/factor_panel_service.sv:179]
WARNING: [Synth 8-6014] Unused sequential element  was removed.  [D:/vivado_pj/work/v4_ooc_panel_mux_20260912_0925/source_snapshot/factor_panel_service.sv:179]
WARNING: [Synth 8-6014] Unused sequential element  was removed.  [D:/vivado_pj/work/v4_ooc_panel_mux_20260912_0925/source_snapshot/factor_panel_service.sv:179]
WARNING: [Synth 8-6014] Unused sequential element  was removed.  [D:/vivado_pj/work/v4_ooc_panel_mux_20260912_0925/source_snapshot/factor_panel_service.sv:179]
WARNING: [Synth 8-6014] Unused sequential element  was removed.  [D:/vivado_pj/work/v4_ooc_panel_mux_20260912_0925/source_snapshot/factor_panel_service.sv:179]
WARNING: [Synth 8-6014] Unused sequential element  was removed.  [D:/vivado_pj/work/v4_ooc_panel_mux_20260912_0925/source_snapshot/factor_panel_service.sv:179]
WARNING: [Synth 8-6014] Unused sequential element  was removed.  [D:/vivado_pj/work/v4_ooc_panel_mux_20260912_0925/source_snapshot/factor_panel_service.sv:675]
WARNING: [Synth 8-6014] Unused sequential element  was removed.  [D:/vivado_pj/work/v4_ooc_panel_mux_20260912_0925/source_snapshot/factor_panel_service.sv:668]
INFO: [Synth 8-5544] ROM "slot_state_reg[0]" won't be mapped to Block RAM because address size (2) smaller than threshold (5)
INFO: [Synth 8-5544] ROM "slot_state_reg[1]" won't be mapped to Block RAM because address size (2) smaller than threshold (5)
INFO: [Synth 8-5544] ROM "slot_state_reg[2]" won't be mapped to Block RAM because address size (2) smaller than threshold (5)
INFO: [Synth 8-5544] ROM "slot_state_reg[3]" won't be mapped to Block RAM because address size (2) smaller than threshold (5)
INFO: [Synth 8-5544] ROM "slot_row_reg[0]" won't be mapped to Block RAM because address size (2) smaller than threshold (5)
INFO: [Synth 8-5544] ROM "slot_row_reg[1]" won't be mapped to Block RAM because address size (2) smaller than threshold (5)
INFO: [Synth 8-5544] ROM "slot_row_reg[2]" won't be mapped to Block RAM because address size (2) smaller than threshold (5)
INFO: [Synth 8-5544] ROM "slot_row_reg[3]" won't be mapped to Block RAM because address size (2) smaller than threshold (5)
INFO: [Synth 8-5544] ROM "slot_result_reg[0]" won't be mapped to Block RAM because address size (2) smaller than threshold (5)
INFO: [Synth 8-5544] ROM "slot_result_reg[1]" won't be mapped to Block RAM because address size (2) smaller than threshold (5)
INFO: [Synth 8-5544] ROM "slot_result_reg[2]" won't be mapped to Block RAM because address size (2) smaller than threshold (5)
INFO: [Synth 8-5544] ROM "slot_result_reg[3]" won't be mapped to Block RAM because address size (2) smaller than threshold (5)
INFO: [Synth 8-5544] ROM "request_valid" won't be mapped to Block RAM because address size (3) smaller than threshold (5)
INFO: [Synth 8-5544] ROM "state" won't be mapped to Block RAM because address size (1) smaller than threshold (5)
INFO: [Synth 8-5544] ROM "state" won't be mapped to Block RAM because address size (1) smaller than threshold (5)
INFO: [Synth 8-5544] ROM "state0" won't be mapped to Block RAM because address size (1) smaller than threshold (5)
INFO: [Synth 8-5544] ROM "panel_req_tag1" won't be mapped to Block RAM because address size (1) smaller than threshold (5)
INFO: [Synth 8-5544] ROM "fabric_cfg_contexts1" won't be mapped to Block RAM because address size (1) smaller than threshold (5)
INFO: [Synth 8-5544] ROM "fabric_cmd_terminal1" won't be mapped to Block RAM because address size (1) smaller than threshold (5)
INFO: [Synth 8-5544] ROM "fabric_cmd_shift" won't be mapped to Block RAM because address size (1) smaller than threshold (5)
INFO: [Synth 8-5544] ROM "fabric_cmd_flow" won't be mapped to Block RAM because address size (1) smaller than threshold (5)
INFO: [Synth 8-5544] ROM "slot_state" won't be mapped to Block RAM because address size (1) smaller than threshold (5)
INFO: [Synth 8-5544] ROM "state" won't be mapped to Block RAM because address size (1) smaller than threshold (5)
INFO: [Synth 8-5544] ROM "state" won't be mapped to Block RAM because address size (1) smaller than threshold (5)
INFO: [Synth 8-5544] ROM "state" won't be mapped to Block RAM because address size (1) smaller than threshold (5)
INFO: [Synth 8-5544] ROM "state" won't be mapped to Block RAM because address size (1) smaller than threshold (5)
INFO: [Synth 8-5544] ROM "state" won't be mapped to Block RAM because address size (1) smaller than threshold (5)
INFO: [Synth 8-5544] ROM "state" won't be mapped to Block RAM because address size (1) smaller than threshold (5)
INFO: [Synth 8-5544] ROM "state" won't be mapped to Block RAM because address size (1) smaller than threshold (5)
INFO: [Synth 8-5544] ROM "project_phase" won't be mapped to Block RAM because address size (1) smaller than threshold (5)
INFO: [Synth 8-5544] ROM "rsp_fault" won't be mapped to Block RAM because address size (1) smaller than threshold (5)
INFO: [Synth 8-5544] ROM "rsp_fault" won't be mapped to Block RAM because address size (1) smaller than threshold (5)
INFO: [Synth 8-5544] ROM "code" won't be mapped to Block RAM because address size (1) smaller than threshold (5)
INFO: [Synth 8-5544] ROM "code" won't be mapped to Block RAM because address size (1) smaller than threshold (5)
INFO: [Synth 8-5544] ROM "rsp_fault" won't be mapped to Block RAM because address size (1) smaller than threshold (5)
INFO: [Synth 8-5544] ROM "rsp_fault" won't be mapped to Block RAM because address size (1) smaller than threshold (5)
INFO: [Synth 8-5544] ROM "rsp_count1" won't be mapped to Block RAM because address size (1) smaller than threshold (5)
INFO: [Synth 8-5544] ROM "fabric_in_mask" won't be mapped to Block RAM because address size (1) smaller than threshold (5)
INFO: [Synth 8-5544] ROM "fabric_in_mask" won't be mapped to Block RAM because address size (1) smaller than threshold (5)
---------------------------------------------------------------------------------
Finished RTL Optimization Phase 2 : Time (s): cpu = 00:04:01 ; elapsed = 00:04:14 . Memory (MB): peak = 3926.688 ; gain = 3615.422
---------------------------------------------------------------------------------

Report RTL Partitions: 
+------+--------------------------+------------+----------+
|      |RTL Partition             |Replication |Instances |
+------+--------------------------+------------+----------+
|1     |factor_panel_service__GB0 |           1|   7218889|
+------+--------------------------+------------+----------+
---------------------------------------------------------------------------------
Start RTL Component Statistics 
---------------------------------------------------------------------------------
INFO: [Synth 8-3538] Detected potentially large (wide) register contexts_reg [D:/vivado_pj/work/v4_ooc_panel_mux_20260912_0925/source_snapshot/factor_panel_service.sv:441]
Detailed RTL Component Info : 
+---Adders : 
	   2 Input     32 Bit       Adders := 226   
	   3 Input     32 Bit       Adders := 1     
	   2 Input     18 Bit       Adders := 3     
	   2 Input     17 Bit       Adders := 8     
	   5 Input     17 Bit       Adders := 32    
	   2 Input     16 Bit       Adders := 3     
	   3 Input     16 Bit       Adders := 9     
	   3 Input     14 Bit       Adders := 37    
	   2 Input     13 Bit       Adders := 3     
	   3 Input     13 Bit       Adders := 95    
	   4 Input     13 Bit       Adders := 1     
	   2 Input     12 Bit       Adders := 36    
	   3 Input     12 Bit       Adders := 26    
	   3 Input     11 Bit       Adders := 4     
	   2 Input     11 Bit       Adders := 10    
	   2 Input     10 Bit       Adders := 4     
	   3 Input     10 Bit       Adders := 96    
	   3 Input      9 Bit       Adders := 2     
	   4 Input      9 Bit       Adders := 1     
	   2 Input      9 Bit       Adders := 159   
	   3 Input      8 Bit       Adders := 62    
	   2 Input      8 Bit       Adders := 124   
	   2 Input      7 Bit       Adders := 62    
	   3 Input      7 Bit       Adders := 1     
	   2 Input      6 Bit       Adders := 30    
	   2 Input      5 Bit       Adders := 32    
	   3 Input      5 Bit       Adders := 2     
	   2 Input      3 Bit       Adders := 1     
	   2 Input      2 Bit       Adders := 1     
+---Registers : 
	             2048 Bit    Registers := 1     
	              864 Bit    Registers := 8     
	              128 Bit    Registers := 1     
	               64 Bit    Registers := 1     
	               32 Bit    Registers := 11    
	               27 Bit    Registers := 225   
	               17 Bit    Registers := 2     
	               16 Bit    Registers := 2     
	               12 Bit    Registers := 2     
	               11 Bit    Registers := 11    
	                9 Bit    Registers := 4     
	                8 Bit    Registers := 3     
	                6 Bit    Registers := 1     
	                5 Bit    Registers := 1     
	                4 Bit    Registers := 2     
	                3 Bit    Registers := 4     
	                2 Bit    Registers := 3     
	                1 Bit    Registers := 7     
+---Muxes : 
	   2 Input   2048 Bit        Muxes := 1     
	   3 Input   1993 Bit        Muxes := 1     
	   2 Input    864 Bit        Muxes := 120   
	  14 Input    864 Bit        Muxes := 3     
	   4 Input    864 Bit        Muxes := 4     
	   4 Input    837 Bit        Muxes := 3     
	   4 Input    810 Bit        Muxes := 3     
	   4 Input    783 Bit        Muxes := 3     
	   4 Input    756 Bit        Muxes := 3     
	   4 Input    729 Bit        Muxes := 3     
	   4 Input    702 Bit        Muxes := 3     
	   4 Input    675 Bit        Muxes := 3     
	   4 Input    648 Bit        Muxes := 3     
	   4 Input    621 Bit        Muxes := 3     
	   4 Input    594 Bit        Muxes := 3     
	   4 Input    567 Bit        Muxes := 3     
	   4 Input    540 Bit        Muxes := 3     
	   4 Input    513 Bit        Muxes := 3     
	   4 Input    486 Bit        Muxes := 3     
	   4 Input    459 Bit        Muxes := 3     
	   4 Input    432 Bit        Muxes := 3     
	   4 Input    405 Bit        Muxes := 3     
	   4 Input    378 Bit        Muxes := 3     
	   4 Input    351 Bit        Muxes := 3     
	   4 Input    324 Bit        Muxes := 3     
	   4 Input    297 Bit        Muxes := 3     
	   2 Input    288 Bit        Muxes := 7     
	   4 Input    270 Bit        Muxes := 3     
	   4 Input    243 Bit        Muxes := 3     
	   4 Input    216 Bit        Muxes := 3     
	   4 Input    189 Bit        Muxes := 3     
	   4 Input    162 Bit        Muxes := 3     
	   4 Input    135 Bit        Muxes := 3     
	   4 Input    108 Bit        Muxes := 3     
	   4 Input     81 Bit        Muxes := 3     
	   2 Input     64 Bit        Muxes := 9     
	  14 Input     64 Bit        Muxes := 1     
	   4 Input     54 Bit        Muxes := 3     
	   2 Input     32 Bit        Muxes := 159   
	  14 Input     32 Bit        Muxes := 3     
	   4 Input     32 Bit        Muxes := 3     
	   4 Input     31 Bit        Muxes := 2     
	   4 Input     30 Bit        Muxes := 2     
	   4 Input     29 Bit        Muxes := 2     
	   4 Input     28 Bit        Muxes := 2     
	   2 Input     27 Bit        Muxes := 2060  
	   4 Input     27 Bit        Muxes := 259   
	  32 Input     27 Bit        Muxes := 96    
	  14 Input     27 Bit        Muxes := 96    
	   4 Input     26 Bit        Muxes := 2     
	   4 Input     25 Bit        Muxes := 2     
	   4 Input     24 Bit        Muxes := 2     
	   4 Input     23 Bit        Muxes := 2     
	   4 Input     22 Bit        Muxes := 2     
	   4 Input     21 Bit        Muxes := 2     
	   4 Input     20 Bit        Muxes := 2     
	   4 Input     19 Bit        Muxes := 2     
	   4 Input     18 Bit        Muxes := 2     
	   4 Input     17 Bit        Muxes := 2     
	   2 Input     17 Bit        Muxes := 1     
	   6 Input     17 Bit        Muxes := 1     
	   2 Input     16 Bit        Muxes := 1     
	   4 Input     16 Bit        Muxes := 2     
	   4 Input     15 Bit        Muxes := 2     
	   4 Input     14 Bit        Muxes := 2     
	   4 Input     13 Bit        Muxes := 2     
	   4 Input     12 Bit        Muxes := 2     
	   2 Input     12 Bit        Muxes := 1     
	   2 Input     11 Bit        Muxes := 31    
	  14 Input     11 Bit        Muxes := 7     
	   4 Input     11 Bit        Muxes := 5     
	   4 Input     10 Bit        Muxes := 2     
	   2 Input      9 Bit        Muxes := 286   
	  14 Input      9 Bit        Muxes := 3     
	   4 Input      9 Bit        Muxes := 2     
	   4 Input      8 Bit        Muxes := 2     
	   4 Input      7 Bit        Muxes := 3     
	   4 Input      6 Bit        Muxes := 2     
	   3 Input      6 Bit        Muxes := 1     
	   2 Input      5 Bit        Muxes := 8     
	  14 Input      5 Bit        Muxes := 1     
	   4 Input      5 Bit        Muxes := 3     
	 128 Input      5 Bit        Muxes := 32    
	 256 Input      5 Bit        Muxes := 64    
	   2 Input      4 Bit        Muxes := 64    
	   4 Input      4 Bit        Muxes := 3     
	   3 Input      4 Bit        Muxes := 3     
	   2 Input      3 Bit        Muxes := 72    
	   4 Input      3 Bit        Muxes := 8     
	  14 Input      3 Bit        Muxes := 6     
	   3 Input      3 Bit        Muxes := 1     
	   2 Input      2 Bit        Muxes := 46    
	  14 Input      2 Bit        Muxes := 2     
	   6 Input      2 Bit        Muxes := 1     
	   4 Input      2 Bit        Muxes := 2     
	   2 Input      1 Bit        Muxes := 1867  
	  14 Input      1 Bit        Muxes := 257   
	  32 Input      1 Bit        Muxes := 4     
	  64 Input      1 Bit        Muxes := 2     
	   4 Input      1 Bit        Muxes := 6     
	   8 Input      1 Bit        Muxes := 2     
---------------------------------------------------------------------------------
Finished RTL Component Statistics 
---------------------------------------------------------------------------------
---------------------------------------------------------------------------------
Start RTL Hierarchical Component Statistics 
---------------------------------------------------------------------------------
INFO: [Synth 8-3538] Detected potentially large (wide) register contexts_reg [D:/vivado_pj/work/v4_ooc_panel_mux_20260912_0925/source_snapshot/factor_panel_service.sv:441]
Hierarchical RTL Component report 
Module factor_panel_service 
Detailed RTL Component Info : 
+---Adders : 
	   2 Input     32 Bit       Adders := 226   
	   3 Input     32 Bit       Adders := 1     
	   2 Input     18 Bit       Adders := 3     
	   2 Input     17 Bit       Adders := 8     
	   5 Input     17 Bit       Adders := 32    
	   2 Input     16 Bit       Adders := 3     
	   3 Input     16 Bit       Adders := 9     
	   3 Input     14 Bit       Adders := 37    
	   2 Input     13 Bit       Adders := 3     
	   3 Input     13 Bit       Adders := 95    
	   4 Input     13 Bit       Adders := 1     
	   2 Input     12 Bit       Adders := 36    
	   3 Input     12 Bit       Adders := 26    
	   3 Input     11 Bit       Adders := 4     
	   2 Input     11 Bit       Adders := 10    
	   2 Input     10 Bit       Adders := 4     
	   3 Input     10 Bit       Adders := 96    
	   3 Input      9 Bit       Adders := 2     
	   4 Input      9 Bit       Adders := 1     
	   2 Input      9 Bit       Adders := 159   
	   3 Input      8 Bit       Adders := 62    
	   2 Input      8 Bit       Adders := 124   
	   2 Input      7 Bit       Adders := 62    
	   3 Input      7 Bit       Adders := 1     
	   2 Input      6 Bit       Adders := 30    
	   2 Input      5 Bit       Adders := 32    
	   3 Input      5 Bit       Adders := 2     
	   2 Input      3 Bit       Adders := 1     
	   2 Input      2 Bit       Adders := 1     
+---Registers : 
	             2048 Bit    Registers := 1     
	              864 Bit    Registers := 8     
	              128 Bit    Registers := 1     
	               64 Bit    Registers := 1     
	               32 Bit    Registers := 11    
	               27 Bit    Registers := 225   
	               17 Bit    Registers := 2     
	               16 Bit    Registers := 2     
	               12 Bit    Registers := 2     
	               11 Bit    Registers := 11    
	                9 Bit    Registers := 4     
	                8 Bit    Registers := 3     
	                6 Bit    Registers := 1     
	                5 Bit    Registers := 1     
	                4 Bit    Registers := 2     
	                3 Bit    Registers := 4     
	                2 Bit    Registers := 3     
	                1 Bit    Registers := 7     
+---Muxes : 
	   2 Input   2048 Bit        Muxes := 1     
	   3 Input   1993 Bit        Muxes := 1     
	   2 Input    864 Bit        Muxes := 120   
	  14 Input    864 Bit        Muxes := 3     
	   4 Input    864 Bit        Muxes := 4     
	   4 Input    837 Bit        Muxes := 3     
	   4 Input    810 Bit        Muxes := 3     
	   4 Input    783 Bit        Muxes := 3     
	   4 Input    756 Bit        Muxes := 3     
	   4 Input    729 Bit        Muxes := 3     
	   4 Input    702 Bit        Muxes := 3     
	   4 Input    675 Bit        Muxes := 3     
	   4 Input    648 Bit        Muxes := 3     
	   4 Input    621 Bit        Muxes := 3     
	   4 Input    594 Bit        Muxes := 3     
	   4 Input    567 Bit        Muxes := 3     
	   4 Input    540 Bit        Muxes := 3     
	   4 Input    513 Bit        Muxes := 3     
	   4 Input    486 Bit        Muxes := 3     
	   4 Input    459 Bit        Muxes := 3     
	   4 Input    432 Bit        Muxes := 3     
	   4 Input    405 Bit        Muxes := 3     
	   4 Input    378 Bit        Muxes := 3     
	   4 Input    351 Bit        Muxes := 3     
	   4 Input    324 Bit        Muxes := 3     
	   4 Input    297 Bit        Muxes := 3     
	   2 Input    288 Bit        Muxes := 7     
	   4 Input    270 Bit        Muxes := 3     
	   4 Input    243 Bit        Muxes := 3     
	   4 Input    216 Bit        Muxes := 3     
	   4 Input    189 Bit        Muxes := 3     
	   4 Input    162 Bit        Muxes := 3     
	   4 Input    135 Bit        Muxes := 3     
	   4 Input    108 Bit        Muxes := 3     
	   4 Input     81 Bit        Muxes := 3     
	   2 Input     64 Bit        Muxes := 9     
	  14 Input     64 Bit        Muxes := 1     
	   4 Input     54 Bit        Muxes := 3     
	   2 Input     32 Bit        Muxes := 159   
	  14 Input     32 Bit        Muxes := 3     
	   4 Input     32 Bit        Muxes := 3     
	   4 Input     31 Bit        Muxes := 2     
	   4 Input     30 Bit        Muxes := 2     
	   4 Input     29 Bit        Muxes := 2     
	   4 Input     28 Bit        Muxes := 2     
	   2 Input     27 Bit        Muxes := 2060  
	   4 Input     27 Bit        Muxes := 259   
	  32 Input     27 Bit        Muxes := 96    
	  14 Input     27 Bit        Muxes := 96    
	   4 Input     26 Bit        Muxes := 2     
	   4 Input     25 Bit        Muxes := 2     
	   4 Input     24 Bit        Muxes := 2     
	   4 Input     23 Bit        Muxes := 2     
	   4 Input     22 Bit        Muxes := 2     
	   4 Input     21 Bit        Muxes := 2     
	   4 Input     20 Bit        Muxes := 2     
	   4 Input     19 Bit        Muxes := 2     
	   4 Input     18 Bit        Muxes := 2     
	   4 Input     17 Bit        Muxes := 2     
	   2 Input     17 Bit        Muxes := 1     
	   6 Input     17 Bit        Muxes := 1     
	   2 Input     16 Bit        Muxes := 1     
	   4 Input     16 Bit        Muxes := 2     
	   4 Input     15 Bit        Muxes := 2     
	   4 Input     14 Bit        Muxes := 2     
	   4 Input     13 Bit        Muxes := 2     
	   4 Input     12 Bit        Muxes := 2     
	   2 Input     12 Bit        Muxes := 1     
	   2 Input     11 Bit        Muxes := 31    
	  14 Input     11 Bit        Muxes := 7     
	   4 Input     11 Bit        Muxes := 5     
	   4 Input     10 Bit        Muxes := 2     
	   2 Input      9 Bit        Muxes := 286   
	  14 Input      9 Bit        Muxes := 3     
	   4 Input      9 Bit        Muxes := 2     
	   4 Input      8 Bit        Muxes := 2     
	   4 Input      7 Bit        Muxes := 3     
	   4 Input      6 Bit        Muxes := 2     
	   3 Input      6 Bit        Muxes := 1     
	   2 Input      5 Bit        Muxes := 8     
	  14 Input      5 Bit        Muxes := 1     
	   4 Input      5 Bit        Muxes := 3     
	 128 Input      5 Bit        Muxes := 32    
	 256 Input      5 Bit        Muxes := 64    
	   2 Input      4 Bit        Muxes := 64    
	   4 Input      4 Bit        Muxes := 3     
	   3 Input      4 Bit        Muxes := 3     
	   2 Input      3 Bit        Muxes := 72    
	   4 Input      3 Bit        Muxes := 8     
	  14 Input      3 Bit        Muxes := 6     
	   3 Input      3 Bit        Muxes := 1     
	   2 Input      2 Bit        Muxes := 46    
	  14 Input      2 Bit        Muxes := 2     
	   6 Input      2 Bit        Muxes := 1     
	   4 Input      2 Bit        Muxes := 2     
	   2 Input      1 Bit        Muxes := 1867  
	  14 Input      1 Bit        Muxes := 257   
	  32 Input      1 Bit        Muxes := 4     
	  64 Input      1 Bit        Muxes := 2     
	   4 Input      1 Bit        Muxes := 6     
	   8 Input      1 Bit        Muxes := 2     
---------------------------------------------------------------------------------
Finished RTL Hierarchical Component Statistics
---------------------------------------------------------------------------------
---------------------------------------------------------------------------------
Start Part Resource Summary
---------------------------------------------------------------------------------
Part Resources:
DSPs: 1728 (col length:144)
BRAMs: 624 (col length: RAMB18 144 RAMB36 72)
---------------------------------------------------------------------------------
Finished Part Resource Summary
---------------------------------------------------------------------------------
---------------------------------------------------------------------------------
Start Cross Boundary and Area Optimization
---------------------------------------------------------------------------------
Warning: Parallel synthesis criteria is not met 
WARNING: [Synth 8-6014] Unused sequential element A was removed. 
WARNING: [Synth 8-6014] Unused sequential element C was removed.  [D:/vivado_pj/work/v4_ooc_panel_mux_20260912_0925/source_snapshot/factor_panel_service.sv:668]
WARNING: [Synth 8-6014] Unused sequential element B was removed.  [D:/vivado_pj/work/v4_ooc_panel_mux_20260912_0925/source_snapshot/factor_panel_service.sv:179]
WARNING: [Synth 8-6014] Unused sequential element B was removed.  [D:/vivado_pj/work/v4_ooc_panel_mux_20260912_0925/source_snapshot/factor_panel_service.sv:179]
WARNING: [Synth 8-6014] Unused sequential element B was removed.  [D:/vivado_pj/work/v4_ooc_panel_mux_20260912_0925/source_snapshot/factor_panel_service.sv:179]
WARNING: [Synth 8-6014] Unused sequential element B was removed.  [D:/vivado_pj/work/v4_ooc_panel_mux_20260912_0925/source_snapshot/factor_panel_service.sv:179]
WARNING: [Synth 8-6014] Unused sequential element B was removed.  [D:/vivado_pj/work/v4_ooc_panel_mux_20260912_0925/source_snapshot/factor_panel_service.sv:179]
WARNING: [Synth 8-6014] Unused sequential element B was removed.  [D:/vivado_pj/work/v4_ooc_panel_mux_20260912_0925/source_snapshot/factor_panel_service.sv:179]
WARNING: [Synth 8-6014] Unused sequential element B was removed.  [D:/vivado_pj/work/v4_ooc_panel_mux_20260912_0925/source_snapshot/factor_panel_service.sv:179]
WARNING: [Synth 8-6014] Unused sequential element B was removed.  [D:/vivado_pj/work/v4_ooc_panel_mux_20260912_0925/source_snapshot/factor_panel_service.sv:179]
WARNING: [Synth 8-6014] Unused sequential element B was removed.  [D:/vivado_pj/work/v4_ooc_panel_mux_20260912_0925/source_snapshot/factor_panel_service.sv:179]
WARNING: [Synth 8-6014] Unused sequential element B was removed.  [D:/vivado_pj/work/v4_ooc_panel_mux_20260912_0925/source_snapshot/factor_panel_service.sv:179]
WARNING: [Synth 8-6014] Unused sequential element B was removed.  [D:/vivado_pj/work/v4_ooc_panel_mux_20260912_0925/source_snapshot/factor_panel_service.sv:179]
WARNING: [Synth 8-6014] Unused sequential element B was removed.  [D:/vivado_pj/work/v4_ooc_panel_mux_20260912_0925/source_snapshot/factor_panel_service.sv:179]
WARNING: [Synth 8-6014] Unused sequential element B was removed.  [D:/vivado_pj/work/v4_ooc_panel_mux_20260912_0925/source_snapshot/factor_panel_service.sv:179]
WARNING: [Synth 8-6014] Unused sequential element B was removed.  [D:/vivado_pj/work/v4_ooc_panel_mux_20260912_0925/source_snapshot/factor_panel_service.sv:179]
WARNING: [Synth 8-6014] Unused sequential element B was removed.  [D:/vivado_pj/work/v4_ooc_panel_mux_20260912_0925/source_snapshot/factor_panel_service.sv:179]
INFO: [Common 17-14] Message 'Synth 8-6014' appears 100 times and further instances of the messages will be disabled. Use the Tcl command set_msg_config to change the current settings.
WARNING: [Synth 8-3917] design factor_panel_service has port fabric_cmd_shift[5] driven by constant 0
WARNING: [Synth 8-3917] design factor_panel_service has port fabric_cmd_shift[3] driven by constant 0
WARNING: [Synth 8-3917] design factor_panel_service has port fabric_cmd_shift[0] driven by constant 0
WARNING: [Synth 8-3917] design factor_panel_service has port fabric_cmd_flow[1] driven by constant 0
INFO: [Synth 8-3886] merging instance 'i_0/B[0]__0' (FDRE) to 'i_0/issued_count_reg[0]'
INFO: [Synth 8-3886] merging instance 'i_0/B[1]__0' (FDRE) to 'i_0/issued_count_reg[1]'
INFO: [Synth 8-3333] propagating constant 0 across sequential element (i_0/\B[2]__0 )
INFO: [Synth 8-3886] merging instance 'i_0/C[0]__1' (FDRE) to 'i_0/C[0]'
INFO: [Synth 8-3886] merging instance 'i_0/C[1]__1' (FDRE) to 'i_0/C[1]'
INFO: [Synth 8-3886] merging instance 'i_0/C[2]__1' (FDRE) to 'i_0/C[2]'
INFO: [Synth 8-3886] merging instance 'i_0/C[3]__1' (FDRE) to 'i_0/C[3]'
INFO: [Synth 8-3886] merging instance 'i_0/C[4]__0' (FDRE) to 'i_0/C[4]'
INFO: [Synth 8-3886] merging instance 'i_0/C[5]' (FDRE) to 'i_0/row_start_reg[5]'
INFO: [Synth 8-3886] merging instance 'i_0/C[6]' (FDRE) to 'i_0/row_start_reg[6]'
INFO: [Synth 8-3886] merging instance 'i_0/C[7]' (FDRE) to 'i_0/row_start_reg[7]'
INFO: [Synth 8-3886] merging instance 'i_0/C[8]' (FDRE) to 'i_0/row_start_reg[8]'
INFO: [Synth 8-3886] merging instance 'i_0/C[9]' (FDRE) to 'i_0/row_start_reg[9]'
INFO: [Synth 8-3886] merging instance 'i_0/C[10]' (FDRE) to 'i_0/row_start_reg[10]'
INFO: [Synth 8-3333] propagating constant 0 across sequential element (i_0/\C[11] )
INFO: [Synth 8-3886] merging instance 'i_0/C[4]' (FDRE) to 'i_0/row_start_reg[4]'
INFO: [Synth 8-3886] merging instance 'i_0/C[3]' (FDRE) to 'i_0/row_start_reg[3]'
INFO: [Synth 8-3886] merging instance 'i_0/C[2]' (FDRE) to 'i_0/row_start_reg[2]'
INFO: [Synth 8-3886] merging instance 'i_0/C[1]' (FDRE) to 'i_0/row_start_reg[1]'
INFO: [Synth 8-3886] merging instance 'i_0/C[0]' (FDRE) to 'i_0/row_start_reg[0]'
INFO: [Synth 8-3333] propagating constant 0 across sequential element (i_0/\B[2] )
INFO: [Synth 8-3886] merging instance 'i_0/B[1]' (FDRE) to 'i_0/source_bundle_reg[1]'
INFO: [Synth 8-3886] merging instance 'i_0/B[0]' (FDRE) to 'i_0/source_bundle_reg[0]'
INFO: [Synth 8-3886] merging instance 'i_0/C[2]__0' (FDRE) to 'i_0/retired_count_reg[2]'
INFO: [Synth 8-3886] merging instance 'i_0/C[0]__0' (FDRE) to 'i_0/retired_count_reg[0]'
INFO: [Synth 8-3886] merging instance 'i_0/C[1]__0' (FDRE) to 'i_0/retired_count_reg[1]'
INFO: [Synth 8-3886] merging instance 'i_0/A[15]' (FDRE) to 'i_0/C[3]__0'
INFO: [Synth 8-3886] merging instance 'i_0/A[14]' (FDRE) to 'i_0/C[3]__0'
INFO: [Synth 8-3886] merging instance 'i_0/A[13]' (FDRE) to 'i_0/C[3]__0'
INFO: [Synth 8-3886] merging instance 'i_0/A[12]' (FDRE) to 'i_0/C[3]__0'
INFO: [Synth 8-3886] merging instance 'i_0/A[11]' (FDRE) to 'i_0/C[3]__0'
INFO: [Synth 8-3886] merging instance 'i_0/C[3]__0' (FDRE) to 'i_0/A[10]'
INFO: [Synth 8-3886] merging instance 'i_0/A[-1]' (FDRE) to 'i_0/retired_count_reg[3]'
INFO: [Synth 8-3886] merging instance 'i_0/A[0]' (FDRE) to 'i_0/retired_count_reg[4]'
INFO: [Synth 8-3886] merging instance 'i_0/A[1]' (FDRE) to 'i_0/retired_count_reg[5]'
INFO: [Synth 8-3886] merging instance 'i_0/A[2]' (FDRE) to 'i_0/retired_count_reg[6]'
INFO: [Synth 8-3886] merging instance 'i_0/A[3]' (FDRE) to 'i_0/retired_count_reg[7]'
INFO: [Synth 8-3886] merging instance 'i_0/A[4]' (FDRE) to 'i_0/retired_count_reg[8]'
INFO: [Synth 8-3886] merging instance 'i_0/A[5]' (FDRE) to 'i_0/retired_count_reg[9]'
INFO: [Synth 8-3886] merging instance 'i_0/A[6]' (FDRE) to 'i_0/retired_count_reg[10]'
INFO: [Synth 8-3886] merging instance 'i_0/A[7]' (FDRE) to 'i_0/A[10]'
INFO: [Synth 8-3886] merging instance 'i_0/A[8]' (FDRE) to 'i_0/A[10]'
INFO: [Synth 8-3886] merging instance 'i_0/A[9]' (FDRE) to 'i_0/A[10]'
INFO: [Synth 8-3333] propagating constant 0 across sequential element (i_0/\A[10] )
INFO: [Synth 8-3333] propagating constant 0 across sequential element (i_0/\rsp_fault_reg[3] )
INFO: [Synth 8-3886] merging instance 'i_0/state_reg[5]' (FDRE) to 'i_0/state_reg[4]'
INFO: [Synth 8-3333] propagating constant 0 across sequential element (i_0/\state_reg[4] )
