PROFILE mode=0 setup=39420 load=305 compute=40424 writeback=2099 total=82248 native=40406 iterations=8 dma_active=0 dma_stall=0 read_beats=0 write_beats=0 upload_active=0 upload_stall=0
X 0 000000b0
X 1 00000000
X 2 00000000
X 3 00000000
X 4 00000000
X 5 07ffff44
X 6 00000000
X 7 00000000
X 8 00000000
X 9 00000000
X 10 00000000
X 11 00000000
X 12 00000000
X 13 00000000
X 14 00000000
X 15 00000000
X 16 00000000
X 17 00140fcc
X 18 00000000
X 19 00000000
X 20 00000000
X 21 07fffefc
X 22 00000000
X 23 00000000
X 24 00000000
X 25 00000000
X 26 00000000
X 27 00000000
X 28 00000000
X 29 07e4e9b4
X 30 00000000
X 31 07dd8e70
X 32 001d4fb4
X 33 00000000
X 34 00000000
X 35 00000000
X 36 07ffffa4
X 37 00000000
X 38 07ffff9c
X 39 07ffff88
X 40 00000000
X 41 001fe9bc
X 42 00000000
X 43 00000000
X 44 00000000
X 45 00000000
X 46 00000000
X 47 00000000
X 48 00000000
X 49 07deb90c
X 50 00000000
X 51 07ffff4c
X 52 07ffff68
X 53 00000000
X 54 00000000
X 55 00000000
X 56 00000000
X 57 0026176c
X 58 00000000
X 59 07de9b6c
X 60 00000000
X 61 00000000
X 62 00000000
X 63 00000000
SUPPORT 0000000000000000000000000000000000000000000000000000000000000000000000000000000000000000000000000000000000000000000000000000000000000000000000000000000000000000000000000000000000000000000000000000000000027098240d0050541d0cc3b044200c41f0a439
V 0 0000004
V 1 000000f
V 2 7fffff3
V 3 7ffffea
V 4 000001f
V 5 7ffffe6
V 6 7fffff6
V 7 7ffffd2
V 8 7ffffd4
V 9 0000041
V 10 7fffffc
V 11 0000010
V 12 000002b
V 13 7fffff2
V 14 0000006
V 15 000000f
V 16 0000011
V 17 0000010
V 18 0000005
V 19 0000022
V 20 000001a
V 21 0000003
V 22 0000017
V 23 7ffffe2
V 24 7fffffc
V 25 7fffff9
V 26 7fffffa
V 27 0000004
V 28 7ffffea
V 29 7fffffd
V 30 0000000
V 31 7ffffde
PASS payload_benchmark
