PROFILE mode=1 setup=18036 load=89 compute=4416 writeback=256 total=22797 native=4398 iterations=8 dma_active=198 dma_stall=31 read_beats=8 write_beats=16 upload_active=28 upload_stall=14
X 0 07fd8d00
X 1 00000000
X 2 07fd2600
X 3 07f9f500
X 4 00073900
X 5 07fd3300
X 6 07fbd800
X 7 07fb1d00
X 8 07f97b00
X 9 00027300
X 10 00009700
X 11 00025100
X 12 00009500
X 13 00022c00
X 14 00021100
X 15 00044400
X 16 07fb4c00
X 17 00080e00
X 18 00018a00
X 19 00030100
X 20 0002f500
X 21 00009f00
X 22 07fec700
X 23 0008a400
X 24 07fbf500
X 25 07fcd500
X 26 07fb8400
X 27 07f78200
X 28 07ff7b00
X 29 07f58000
X 30 07ffbd00
X 31 07f13b00
X 32 00080000
X 33 00024900
X 34 07f98a00
X 35 00016c00
X 36 0002cd00
X 37 07fdd400
X 38 00013700
X 39 00003300
X 40 00022400
X 41 000df500
X 42 07fbc500
X 43 00049e00
X 44 07f9e000
X 45 07ff0e00
X 46 00030b00
X 47 0000cf00
X 48 07fd3100
X 49 07f54400
X 50 0003a800
X 51 07f8f200
X 52 0000b400
X 53 07fe8600
X 54 07fc8f00
X 55 07fa7000
X 56 07ffac00
X 57 000fba00
X 58 00037e00
X 59 07fb8200
X 60 0006ab00
X 61 00046900
X 62 07ff7b00
X 63 07fd9e00
SUPPORT 000000000000000000000000000000000000000000000000000000000000000000000000000000000000000000000000000000000000000000000000000000000000000000000000000000000000000000000000000000000000000000000000000000000000000000000000000000000000000000000000
V 0 0085b94
V 1 7fdd430
V 2 7ff6fc3
V 3 7f6ee1a
V 4 7fa3c69
V 5 006a522
V 6 7ffb2ae
V 7 7f8ff86
V 8 7fab22f
V 9 0025cd1
V 10 7f9ba27
V 11 000048b
V 12 006f3a8
V 13 7ffb87d
V 14 0039bfd
V 15 003d2e9
V 16 7fc81dc
V 17 7f6b648
V 18 00252b9
V 19 7fbc4b8
V 20 7f936d8
V 21 7ff6b8f
V 22 0031e93
V 23 0038366
V 24 7ff4327
V 25 7fc69ea
V 26 0033f12
V 27 7fdf6fb
V 28 001868d
V 29 0022c5b
V 30 7f8ba08
V 31 7feea98
PASS payload_benchmark
