PROFILE mode=1 setup=32820 load=89 compute=44916 writeback=268 total=78093 native=44897 iterations=8 dma_active=198 dma_stall=31 read_beats=8 write_beats=16 upload_active=28 upload_stall=14
X 0 00000000
X 1 00000000
X 2 00000000
X 3 00000000
X 4 00000000
X 5 00000000
X 6 00000000
X 7 00000000
X 8 00000000
X 9 00000000
X 10 00000000
X 11 00000000
X 12 00000000
X 13 00000000
X 14 00000000
X 15 00000000
X 16 00000000
X 17 00140f4c
X 18 00000000
X 19 00000000
X 20 00000000
X 21 00000000
X 22 00000000
X 23 00000000
X 24 00000000
X 25 00000000
X 26 00000000
X 27 00000000
X 28 00000000
X 29 07e4ea10
X 30 00000000
X 31 07dd8e00
X 32 001d4fe4
X 33 00000000
X 34 00000000
X 35 00000000
X 36 00000000
X 37 00000000
X 38 00000000
X 39 00000000
X 40 00000000
X 41 001fe9e4
X 42 00000000
X 43 00000000
X 44 00000000
X 45 00000000
X 46 00000000
X 47 00000000
X 48 00000000
X 49 07deb9ac
X 50 00000000
X 51 00000000
X 52 00000000
X 53 00000000
X 54 00000000
X 55 00000000
X 56 00000000
X 57 00261808
X 58 00000000
X 59 07de9b70
X 60 00000000
X 61 00000000
X 62 00000000
X 63 00000000
SUPPORT 00000000000000000000000000000000000000000000000000000000000000000000000000000000000000000000000000000000000000000000000000000000000000000000000000000000000000000000000000000000000000000000000000000000000000000000000000000ec390c4290801f07411
V 0 0000011
V 1 7ffff80
V 2 7ffff8f
V 3 000003f
V 4 000006b
V 5 7ffffb4
V 6 0000026
V 7 7ffffe4
V 8 7ffff8a
V 9 0000046
V 10 000002c
V 11 0000034
V 12 0000023
V 13 0000066
V 14 7ffffbc
V 15 0000039
V 16 000001b
V 17 000008e
V 18 7fffffb
V 19 7ffffdc
V 20 0000017
V 21 7ffffce
V 22 0000003
V 23 0000045
V 24 0000034
V 25 7fffff6
V 26 7fffffb
V 27 0000026
V 28 7fffffb
V 29 000005e
V 30 7ffffc3
V 31 7ffffc8
PASS payload_benchmark
