PROFILE mode=0 setup=15746 load=305 compute=5504 writeback=2091 total=23646 native=5485 iterations=8 dma_active=0 dma_stall=0 read_beats=0 write_beats=0 upload_active=0 upload_stall=0
X 0 00000000
X 1 00000000
X 2 00000000
X 3 00000000
X 4 00000000
X 5 00000000
X 6 00000000
X 7 00000000
X 8 00000000
X 9 00000000
X 10 00000000
X 11 00000000
X 12 00000000
X 13 00000000
X 14 00000000
X 15 00000000
X 16 00000000
X 17 00152234
X 18 00000000
X 19 00000000
X 20 00000000
X 21 00000000
X 22 00000000
X 23 00000000
X 24 00000000
X 25 00000000
X 26 00000000
X 27 00000000
X 28 00000000
X 29 07ead4d8
X 30 00000000
X 31 07e00b54
X 32 00195d80
X 33 00000000
X 34 00000000
X 35 00000000
X 36 00000000
X 37 00000000
X 38 00000000
X 39 00000000
X 40 00000000
X 41 001e43e4
X 42 00000000
X 43 00000000
X 44 00000000
X 45 00000000
X 46 00000000
X 47 00000000
X 48 00000000
X 49 07e40a70
X 50 00000000
X 51 00000000
X 52 00000000
X 53 00000000
X 54 00000000
X 55 00000000
X 56 00000000
X 57 002eecc0
X 58 00000000
X 59 07e74b80
X 60 00000000
X 61 00000000
X 62 00000000
X 63 00000000
SUPPORT 00000000000000000000000000000000000000000000000000000000000000000000000000000000000000000000000000000000000000000000000000000000000000000000000000000000000000000000000000000000000000000000000000000000000000000000000000000441d0ec200c42907c39
V 0 7fe3fc7
V 1 00254fc
V 2 00012c2
V 3 7feae39
V 4 7fd457c
V 5 002517e
V 6 001d9c3
V 7 7ffa885
V 8 7fab12f
V 9 000477a
V 10 7fc5a88
V 11 7fdbfc8
V 12 00017ae
V 13 002c4b6
V 14 0009b2c
V 15 7ff3ab3
V 16 7fb46f2
V 17 7ffdfc0
V 18 003dc13
V 19 0012ad5
V 20 0022ad6
V 21 0022a8d
V 22 7ff0b7d
V 23 002b340
V 24 7fdbfc8
V 25 0032578
V 26 7ff1cc2
V 27 001d9c3
V 28 7ff1cc2
V 29 002d5fc
V 30 7fcbfb0
V 31 000f94f
PASS payload_benchmark
