PROFILE mode=0 setup=18484 load=610 compute=17316 writeback=8223 total=44633 native=17296 iterations=8 dma_active=0 dma_stall=0 read_beats=0 write_beats=0 upload_active=0 upload_stall=0
X 0 0002bf00
X 1 0002c100
X 2 00040000
X 3 00036d00
X 4 07ff0000
X 5 000cec00
X 6 00014d00
X 7 00019800
X 8 00030700
X 9 00001700
X 10 07fe6d00
X 11 07fdf300
X 12 07fd4c00
X 13 00000100
X 14 07fc8200
X 15 00007100
X 16 07ff4600
X 17 0005cc00
X 18 07fc0a00
X 19 00011c00
X 20 0005c500
X 21 00000000
X 22 07ff8800
X 23 00000000
X 24 00007400
X 25 00013300
X 26 07febb00
X 27 07fe8b00
X 28 07fff300
X 29 00031400
X 30 00013900
X 31 00030b00
X 32 07ff8e00
X 33 00029500
X 34 00017500
X 35 00000500
X 36 0000c700
X 37 0000db00
X 38 00018100
X 39 0000cd00
X 40 07fb0200
X 41 00017600
X 42 0004f300
X 43 07ffaf00
X 44 07fffa00
X 45 0002c500
X 46 00043600
X 47 07fc8d00
X 48 0004ec00
X 49 0004e500
X 50 07fd4900
X 51 00002c00
X 52 00043100
X 53 07ffef00
X 54 00015300
X 55 00008f00
X 56 0000e000
X 57 07f9ee00
X 58 07fe9a00
X 59 07fd1800
X 60 00009200
X 61 00021500
X 62 0000a500
X 63 07fe5100
X 64 07fc7800
X 65 00000000
X 66 07ff7b00
X 67 07fd1700
X 68 07ff1c00
X 69 07ff2500
X 70 00023600
X 71 07fadf00
X 72 07f98d00
X 73 07ff1b00
X 74 00005f00
X 75 00003f00
X 76 00027f00
X 77 00021b00
X 78 07ffa200
X 79 00016800
X 80 00020300
X 81 07fee000
X 82 07fddb00
X 83 00026d00
X 84 0000f900
X 85 00038f00
X 86 0000c800
X 87 07f96800
X 88 07fb7d00
X 89 0003fd00
X 90 0000bd00
X 91 07faca00
X 92 00027900
X 93 07fbc400
X 94 07fb0d00
X 95 00010400
X 96 0000e900
X 97 07fda400
X 98 07ffcb00
X 99 0004cf00
X 100 07fedf00
X 101 07fe7000
X 102 0001f600
X 103 0003d700
X 104 0001fc00
X 105 00003b00
X 106 00018e00
X 107 0001a700
X 108 00018000
X 109 00052d00
X 110 00000000
X 111 07fefb00
X 112 07fcea00
X 113 0000c200
X 114 00034c00
X 115 07f8a000
X 116 07ffb200
X 117 07fd1500
X 118 07ffce00
X 119 00008700
X 120 07ffb800
X 121 07fef600
X 122 07ffd800
X 123 00000000
X 124 07ffa700
X 125 00000000
X 126 00045b00
X 127 07fd4800
X 128 07fcb600
X 129 00001f00
X 130 00000000
X 131 07ff9400
X 132 00002e00
X 133 07fe6800
X 134 0001a000
X 135 07fe9f00
X 136 07f38c00
X 137 00042c00
X 138 0002a400
X 139 07fb0500
X 140 07fce300
X 141 07ffda00
X 142 07f40300
X 143 00009300
X 144 07feeb00
X 145 07fb1c00
X 146 00024600
X 147 0001b500
X 148 07fa1600
X 149 07ffa600
X 150 00000000
X 151 00000000
X 152 07f4ee00
X 153 00000000
X 154 07fec200
X 155 07fea000
X 156 0001e100
X 157 00008700
X 158 0005e600
X 159 00000000
X 160 00013b00
X 161 07f92b00
X 162 07fc9d00
X 163 00006700
X 164 07fccb00
X 165 07fd8500
X 166 07fb3e00
X 167 07ffed00
X 168 0000a400
X 169 07fd9100
X 170 07ff6f00
X 171 00019c00
X 172 0002a100
X 173 00005200
X 174 0000e200
X 175 0003fe00
X 176 00036500
X 177 07fd6400
X 178 07fdb700
X 179 00024d00
X 180 07f68d00
X 181 00003600
X 182 00058d00
X 183 07fe5900
X 184 07fd8100
X 185 07ffb900
X 186 00000000
X 187 0001af00
X 188 0000d400
X 189 00006800
X 190 0004e700
X 191 00000000
X 192 07fc3c00
X 193 00003700
X 194 07ffb100
X 195 07fed900
X 196 00031e00
X 197 00000000
X 198 0000d100
X 199 07ffdd00
X 200 00006d00
X 201 07fe2300
X 202 07f8eb00
X 203 00001100
X 204 07fe6200
X 205 00032500
X 206 00002900
X 207 07ffa100
X 208 07f7c100
X 209 00033900
X 210 00030e00
X 211 07fcd900
X 212 00013500
X 213 00051500
X 214 00068d00
X 215 07fdf100
X 216 07ffe700
X 217 07ffc500
X 218 07ffbf00
X 219 00000000
X 220 00001400
X 221 00047e00
X 222 07fcb800
X 223 00050100
X 224 07fe2700
X 225 00009d00
X 226 07feff00
X 227 07ff7700
X 228 00015f00
X 229 07fc9300
X 230 0000a600
X 231 00051200
X 232 07fe7100
X 233 07fd6e00
X 234 00026400
X 235 07ffeb00
X 236 00000000
X 237 07fe7100
X 238 00000000
X 239 07ffc400
X 240 00010b00
X 241 00014700
X 242 07ffca00
X 243 07ff4300
X 244 07fe2300
X 245 07faaf00
X 246 07fbee00
X 247 07fb6800
X 248 07fd0200
X 249 0002d900
X 250 07fd2900
X 251 00020300
X 252 07fecc00
X 253 00031700
X 254 07fca100
X 255 0001c200
SUPPORT 000000000000000000000000000000000000000000000000000000000000000000000000000000000000000000000000000000000000000000000000000000000000000000000000000000000000000000000000000000000000000000000000000000000000000000000000000000000000000000000000
V 0 00423c0
V 1 7ffff80
V 2 7fec000
V 3 0025800
V 4 7fea100
V 5 0028f00
V 6 0001f40
V 7 000a8c0
V 8 0017680
V 9 7fd1e40
V 10 00181c0
V 11 0010180
V 12 7ff4280
V 13 7ffb480
V 14 7ffdc00
V 15 7fdd0c0
V 16 0035e80
V 17 7fdd340
V 18 7fd67c0
V 19 7fe7680
V 20 0002500
V 21 7fe03c0
V 22 0006f40
V 23 7fe2240
V 24 001eac0
V 25 7fdf640
V 26 7fdd040
V 27 0007540
V 28 7fecec0
V 29 0004c40
V 30 7ff4fc0
V 31 0024f40
V 32 7fe4040
V 33 7ff5bc0
V 34 7fcfd40
V 35 7fd8840
V 36 0012f40
V 37 7ff1a00
V 38 7fe54c0
V 39 000b780
V 40 0004840
V 41 0015fc0
V 42 0001a00
V 43 7ff9ac0
V 44 7fe9340
V 45 7ff5a00
V 46 7fef5c0
V 47 7fedd80
V 48 7fe78c0
V 49 0023080
V 50 000ff80
V 51 0044d80
V 52 0014000
V 53 7fba240
V 54 7fffb00
V 55 7feee00
V 56 0010f40
V 57 7fe4480
V 58 000ca80
V 59 0042080
V 60 0021ec0
V 61 0023740
V 62 7ff2240
V 63 7fee2c0
PASS payload_benchmark
