PROFILE mode=0 setup=17868 load=610 compute=14720 writeback=8235 total=41433 native=14699 iterations=8 dma_active=0 dma_stall=0 read_beats=0 write_beats=0 upload_active=0 upload_stall=0
X 0 00000000
X 1 00000000
X 2 00000000
X 3 00000000
X 4 00000000
X 5 0024c21c
X 6 00000000
X 7 00000000
X 8 00000000
X 9 00000000
X 10 00000000
X 11 00000000
X 12 00000000
X 13 00000000
X 14 00000000
X 15 00000000
X 16 00000000
X 17 00000000
X 18 00000000
X 19 00000000
X 20 00256198
X 21 00000000
X 22 00000000
X 23 00000000
X 24 00000000
X 25 00000000
X 26 00000000
X 27 00000000
X 28 00000000
X 29 00000000
X 30 00000000
X 31 00000000
X 32 00000000
X 33 00000000
X 34 00000000
X 35 00000000
X 36 00000000
X 37 00000000
X 38 00000000
X 39 00000000
X 40 00000000
X 41 00000000
X 42 00000000
X 43 00000000
X 44 00000000
X 45 00000000
X 46 00000000
X 47 00000000
X 48 00000000
X 49 00000000
X 50 00000000
X 51 00000000
X 52 00000000
X 53 00000000
X 54 00000000
X 55 00000000
X 56 00000000
X 57 00000000
X 58 00000000
X 59 00000000
X 60 00000000
X 61 00000000
X 62 00000000
X 63 00000000
X 64 00000000
X 65 00000000
X 66 00000000
X 67 00000000
X 68 00000000
X 69 00000000
X 70 00000000
X 71 00000000
X 72 00000000
X 73 00000000
X 74 00000000
X 75 00000000
X 76 00000000
X 77 00000000
X 78 00000000
X 79 00000000
X 80 00000000
X 81 00000000
X 82 00000000
X 83 00000000
X 84 00000000
X 85 00000000
X 86 00000000
X 87 00000000
X 88 07e705cc
X 89 00000000
X 90 00000000
X 91 00000000
X 92 00000000
X 93 00000000
X 94 00000000
X 95 00000000
X 96 00000000
X 97 00000000
X 98 00000000
X 99 00000000
X 100 00000000
X 101 00000000
X 102 00000000
X 103 00000000
X 104 00000000
X 105 00000000
X 106 00000000
X 107 00000000
X 108 00000000
X 109 00000000
X 110 00000000
X 111 00000000
X 112 00000000
X 113 00000000
X 114 00000000
X 115 00000000
X 116 00000000
X 117 00000000
X 118 00000000
X 119 00000000
X 120 00000000
X 121 00000000
X 122 00000000
X 123 00000000
X 124 00000000
X 125 00000000
X 126 00000000
X 127 00000000
X 128 00000000
X 129 00000000
X 130 00000000
X 131 00000000
X 132 00000000
X 133 00000000
X 134 00000000
X 135 00000000
X 136 07d82a44
X 137 00000000
X 138 00000000
X 139 00000000
X 140 00000000
X 141 00000000
X 142 07d339f8
X 143 00000000
X 144 00000000
X 145 00000000
X 146 00000000
X 147 00000000
X 148 00000000
X 149 00000000
X 150 00000000
X 151 00000000
X 152 07e017a0
X 153 00000000
X 154 00000000
X 155 00000000
X 156 00000000
X 157 00000000
X 158 00000000
X 159 00000000
X 160 00000000
X 161 00000000
X 162 00000000
X 163 00000000
X 164 00000000
X 165 00000000
X 166 00000000
X 167 00000000
X 168 00000000
X 169 00000000
X 170 00000000
X 171 00000000
X 172 00000000
X 173 00000000
X 174 00000000
X 175 00000000
X 176 00000000
X 177 00000000
X 178 00000000
X 179 00000000
X 180 07d85ff0
X 181 00000000
X 182 00000000
X 183 00000000
X 184 00000000
X 185 00000000
X 186 00000000
X 187 00000000
X 188 00000000
X 189 00000000
X 190 00000000
X 191 00000000
X 192 00000000
X 193 00000000
X 194 00000000
X 195 00000000
X 196 00000000
X 197 00000000
X 198 00000000
X 199 00000000
X 200 00000000
X 201 00000000
X 202 00000000
X 203 00000000
X 204 00000000
X 205 00000000
X 206 00000000
X 207 00000000
X 208 07d17f88
X 209 00000000
X 210 00000000
X 211 00000000
X 212 00000000
X 213 00000000
X 214 00000000
X 215 00000000
X 216 00000000
X 217 00000000
X 218 00000000
X 219 00000000
X 220 00000000
X 221 00000000
X 222 00000000
X 223 00000000
X 224 00000000
X 225 00000000
X 226 00000000
X 227 00000000
X 228 00000000
X 229 00000000
X 230 00000000
X 231 00000000
X 232 00000000
X 233 00000000
X 234 00000000
X 235 00000000
X 236 00000000
X 237 00000000
X 238 00000000
X 239 00000000
X 240 00000000
X 241 00000000
X 242 00000000
X 243 00000000
X 244 00000000
X 245 00000000
X 246 00000000
X 247 00000000
X 248 00000000
X 249 00000000
X 250 00000000
X 251 00000000
X 252 00000000
X 253 00000000
X 254 00000000
X 255 00000000
SUPPORT 000000000000000000000000000000000000000000000000000000000000000000000000000000000000000000000000000000000000000000000000000000000000000000000000000000000000000000000000000000000000000000000000000000000000000000000000000016098050b4340880148e
V 0 00094c1
V 1 7fedc86
V 2 7ff1b39
V 3 00038a0
V 4 7fe8faf
V 5 000085c
V 6 7fe1838
V 7 001a195
V 8 001495c
V 9 7fdaa35
V 10 000e256
V 11 000a4df
V 12 7fe6d34
V 13 00216b8
V 14 7ffaf47
V 15 7ffb2b4
V 16 000ac1c
V 17 7ffcf6f
V 18 7ff68d3
V 19 7ff79c6
V 20 0002e3e
V 21 7ff93cd
V 22 000fc04
V 23 7ffb2b4
V 24 0007870
V 25 0017128
V 26 7ff93cd
V 27 000d948
V 28 7fe75a8
V 29 7ff8217
V 30 7fea7db
V 31 7ff09b7
V 32 7fde948
V 33 0006f62
V 34 7fefbed
V 35 7ffc94a
V 36 7ff909e
V 37 0018fd1
V 38 0007de9
V 39 0017051
V 40 0002ad6
V 41 0006cf1
V 42 7ff09b7
V 43 000a4df
V 44 0000dd5
V 45 7ff61ae
V 46 7feb4bb
V 47 7fec342
V 48 00085f7
V 49 7feb662
V 50 7feeb0e
V 51 000d522
V 52 7ff5a4b
V 53 001e7c8
V 54 0020831
V 55 7fe8ed8
V 56 7ffd2df
V 57 001e7c8
V 58 000a4df
V 59 000863a
V 60 0013143
V 61 00255cb
V 62 0005745
V 63 7ffc760
PASS payload_benchmark
