PROFILE mode=1 setup=18528 load=117 compute=17056 writeback=764 total=36465 native=17037 iterations=8 dma_active=733 dma_stall=97 read_beats=16 write_beats=64 upload_active=55 upload_stall=28
X 0 00029900
X 1 0002a100
X 2 0003f500
X 3 0003f900
X 4 07ffb300
X 5 000f1400
X 6 00016300
X 7 0001df00
X 8 00036800
X 9 00001900
X 10 07fe3e00
X 11 07fde100
X 12 07fd6f00
X 13 00007900
X 14 07fc1600
X 15 00000000
X 16 07ffcb00
X 17 00062900
X 18 07fc1700
X 19 0001ad00
X 20 00074500
X 21 07ffd100
X 22 07ff1600
X 23 00000000
X 24 0000f200
X 25 00014600
X 26 07ff1a00
X 27 07fe5d00
X 28 07ff9600
X 29 00032500
X 30 0001c600
X 31 0002b000
X 32 07ffdd00
X 33 00023400
X 34 0001b400
X 35 00004c00
X 36 07ffda00
X 37 0000c000
X 38 00018700
X 39 0000cf00
X 40 07faa500
X 41 0001a900
X 42 00059100
X 43 00000100
X 44 07ff9900
X 45 00038600
X 46 00044d00
X 47 07fc6200
X 48 0004c900
X 49 00050500
X 50 07fd0e00
X 51 07ffb200
X 52 0004c000
X 53 07ff8900
X 54 00007500
X 55 00009c00
X 56 00015800
X 57 07f8bd00
X 58 07ff0500
X 59 07fda800
X 60 00002600
X 61 00026100
X 62 07ff6200
X 63 07fd7600
X 64 07fb9200
X 65 07ffea00
X 66 00000000
X 67 07fd4200
X 68 07ff0f00
X 69 07ff2100
X 70 0001f700
X 71 07fa1e00
X 72 07f8f500
X 73 07ff9f00
X 74 00002a00
X 75 00001500
X 76 00027100
X 77 00028400
X 78 00000400
X 79 00015200
X 80 00013e00
X 81 07fed200
X 82 07fd4c00
X 83 0002fb00
X 84 0000f900
X 85 00035b00
X 86 00002600
X 87 07f8ca00
X 88 07fb6300
X 89 0003ec00
X 90 0000d500
X 91 07fa3100
X 92 0002c000
X 93 07fb9000
X 94 07fb1e00
X 95 0000af00
X 96 00000000
X 97 07fdde00
X 98 00001300
X 99 0004d600
X 100 07fe6900
X 101 07fe2d00
X 102 0001f200
X 103 00044200
X 104 0001f000
X 105 00009300
X 106 00022700
X 107 0001e100
X 108 0001aa00
X 109 00059d00
X 110 00000000
X 111 07fec600
X 112 07fce000
X 113 0001ba00
X 114 0003a500
X 115 07f83a00
X 116 07fff300
X 117 07fd4f00
X 118 07ff3200
X 119 07ffea00
X 120 00000500
X 121 07fee700
X 122 00000000
X 123 00000000
X 124 00004c00
X 125 07fff000
X 126 00052a00
X 127 07fc8e00
X 128 07fcd000
X 129 00000000
X 130 00000000
X 131 07ff8800
X 132 00006400
X 133 07fe6500
X 134 00027a00
X 135 07ff2000
X 136 07f1c200
X 137 00046400
X 138 0002ba00
X 139 07fa9e00
X 140 07fcbb00
X 141 00000000
X 142 07f26f00
X 143 00008700
X 144 07fe8900
X 145 07fa0b00
X 146 00022000
X 147 00014000
X 148 07f8a400
X 149 00000100
X 150 00000000
X 151 00000000
X 152 07f2e600
X 153 00000000
X 154 07feff00
X 155 07fe1800
X 156 0000eb00
X 157 00007500
X 158 0006a800
X 159 00001900
X 160 0000f100
X 161 07f82d00
X 162 07fbdf00
X 163 00007c00
X 164 07fc7000
X 165 07fcf600
X 166 07fa3c00
X 167 07ffda00
X 168 07ffdb00
X 169 07fcd900
X 170 07ff7a00
X 171 00020e00
X 172 0002e000
X 173 0000f300
X 174 0000cb00
X 175 0004de00
X 176 00029800
X 177 07fdb000
X 178 07fda800
X 179 00030800
X 180 07f55a00
X 181 00007700
X 182 0005fb00
X 183 07fe4d00
X 184 07fd5300
X 185 07ffb300
X 186 07ff7200
X 187 00013200
X 188 00018800
X 189 00000000
X 190 0005e700
X 191 00000000
X 192 07fb6300
X 193 00008800
X 194 07ffb100
X 195 07ff0700
X 196 0003c100
X 197 00000000
X 198 0000b200
X 199 07ffc900
X 200 00006f00
X 201 07fe2e00
X 202 07f7e200
X 203 00008500
X 204 07feed00
X 205 00032c00
X 206 00008b00
X 207 07ff5b00
X 208 07f62a00
X 209 0003c500
X 210 00041100
X 211 07fc3200
X 212 00013700
X 213 00053200
X 214 00071d00
X 215 07fd6800
X 216 00000000
X 217 07ffc500
X 218 07ff7b00
X 219 00000000
X 220 00000000
X 221 00049600
X 222 07fcff00
X 223 0005d900
X 224 07fe1700
X 225 07ffde00
X 226 07ffa400
X 227 07fed500
X 228 00013100
X 229 07fc7f00
X 230 00005900
X 231 0005e700
X 232 07fef400
X 233 07fd5600
X 234 00027300
X 235 07ffb800
X 236 00000000
X 237 07ff4100
X 238 00000000
X 239 07ffac00
X 240 00010d00
X 241 00014500
X 242 07ff8900
X 243 07ff6b00
X 244 07fe2300
X 245 07f9e600
X 246 07fbdb00
X 247 07faf300
X 248 07fd0300
X 249 00033e00
X 250 07fd4000
X 251 00027b00
X 252 07fe3700
X 253 00032700
X 254 07fc4800
X 255 00022100
SUPPORT 000000000000000000000000000000000000000000000000000000000000000000000000000000000000000000000000000000000000000000000000000000000000000000000000000000000000000000000000000000000000000000000000000000000000000000000000000000000000000000000000
V 0 000cfe0
V 1 7ffcd20
V 2 7ff90e0
V 3 000cce0
V 4 7ff5260
V 5 000b060
V 6 0005120
V 7 7fffbe0
V 8 0000da0
V 9 7ff0da0
V 10 0008020
V 11 7ffe720
V 12 7ffb1e0
V 13 7ff9de0
V 14 00035a0
V 15 7ff1ba0
V 16 000c6e0
V 17 7ffab20
V 18 7ff6c60
V 19 7ff52a0
V 20 00034e0
V 21 7ff52e0
V 22 00037e0
V 23 7ff5220
V 24 0009ce0
V 25 7fff160
V 26 7ff7b60
V 27 7ffd560
V 28 7ff98a0
V 29 0003760
V 30 7ff7a20
V 31 000bf60
V 32 7ff3120
V 33 7ffaa60
V 34 7fecde0
V 35 7ffc7a0
V 36 0004420
V 37 7ffefe0
V 38 00024a0
V 39 0002ea0
V 40 0000760
V 41 0001460
V 42 0003860
V 43 7ffdde0
V 44 7ff6220
V 45 7ff91a0
V 46 7ffa860
V 47 7ffdaa0
V 48 7ff7860
V 49 0001320
V 50 0004820
V 51 0010760
V 52 7ffb620
V 53 7fe87e0
V 54 0002020
V 55 7ff33a0
V 56 0006a20
V 57 7ffa360
V 58 0000820
V 59 00116e0
V 60 000a5e0
V 61 0001d60
V 62 7fff3e0
V 63 7ff82a0
PASS payload_benchmark
