PROFILE mode=1 setup=33312 load=117 compute=21200 writeback=776 total=55405 native=21179 iterations=8 dma_active=734 dma_stall=98 read_beats=16 write_beats=64 upload_active=55 upload_stall=28
X 0 00000000
X 1 00000000
X 2 00000000
X 3 00000000
X 4 00000000
X 5 00278aa8
X 6 00000000
X 7 00000000
X 8 00000000
X 9 00000000
X 10 00000000
X 11 00000000
X 12 00000000
X 13 00000000
X 14 00000000
X 15 00000000
X 16 00000000
X 17 00000000
X 18 00000000
X 19 00000000
X 20 00000000
X 21 00000000
X 22 00000000
X 23 00000000
X 24 00000000
X 25 00000000
X 26 00000000
X 27 00000000
X 28 00000000
X 29 00000000
X 30 00000000
X 31 00000000
X 32 00000000
X 33 00000000
X 34 00000000
X 35 00000000
X 36 00000000
X 37 00000000
X 38 00000000
X 39 00000000
X 40 00000000
X 41 00000000
X 42 00000000
X 43 00000000
X 44 00000000
X 45 00000000
X 46 00000000
X 47 00000000
X 48 00000000
X 49 00000000
X 50 00000000
X 51 00000000
X 52 00000000
X 53 00000000
X 54 00000000
X 55 00000000
X 56 00000000
X 57 00000000
X 58 00000000
X 59 00000000
X 60 00000000
X 61 00000000
X 62 00000000
X 63 00000000
X 64 00000000
X 65 00000000
X 66 00000000
X 67 00000000
X 68 00000000
X 69 00000000
X 70 00000000
X 71 00000000
X 72 07f30218
X 73 00000000
X 74 00000000
X 75 00000000
X 76 00000000
X 77 00000000
X 78 00000000
X 79 00000000
X 80 00000000
X 81 00000000
X 82 00000000
X 83 00000000
X 84 00000000
X 85 00000000
X 86 00000000
X 87 00000000
X 88 00000000
X 89 00000000
X 90 00000000
X 91 00000000
X 92 00000000
X 93 00000000
X 94 00000000
X 95 00000000
X 96 00000000
X 97 00000000
X 98 00000000
X 99 00000000
X 100 00000000
X 101 00000000
X 102 00000000
X 103 00000000
X 104 00000000
X 105 00000000
X 106 00000000
X 107 00000000
X 108 00000000
X 109 00000000
X 110 00000000
X 111 00000000
X 112 00000000
X 113 00000000
X 114 00000000
X 115 07f8dda4
X 116 00000000
X 117 00000000
X 118 00000000
X 119 00000000
X 120 00000000
X 121 00000000
X 122 00000000
X 123 00000000
X 124 00000000
X 125 00000000
X 126 00000000
X 127 00000000
X 128 00000000
X 129 00000000
X 130 00000000
X 131 00000000
X 132 00000000
X 133 00000000
X 134 00000000
X 135 00000000
X 136 07db3c68
X 137 00000000
X 138 00000000
X 139 00000000
X 140 00000000
X 141 00000000
X 142 07d9b768
X 143 00000000
X 144 00000000
X 145 00000000
X 146 00000000
X 147 00000000
X 148 00000000
X 149 00000000
X 150 00000000
X 151 00000000
X 152 07e0f36c
X 153 00000000
X 154 00000000
X 155 00000000
X 156 00000000
X 157 00000000
X 158 00000000
X 159 00000000
X 160 00000000
X 161 00000000
X 162 00000000
X 163 00000000
X 164 00000000
X 165 00000000
X 166 00000000
X 167 00000000
X 168 00000000
X 169 00000000
X 170 00000000
X 171 00000000
X 172 00000000
X 173 00000000
X 174 00000000
X 175 00000000
X 176 00000000
X 177 00000000
X 178 00000000
X 179 00000000
X 180 07ddfccc
X 181 00000000
X 182 00000000
X 183 00000000
X 184 00000000
X 185 00000000
X 186 00000000
X 187 00000000
X 188 00000000
X 189 00000000
X 190 00000000
X 191 00000000
X 192 00000000
X 193 00000000
X 194 00000000
X 195 00000000
X 196 00000000
X 197 00000000
X 198 00000000
X 199 00000000
X 200 00000000
X 201 00000000
X 202 00000000
X 203 00000000
X 204 00000000
X 205 00000000
X 206 00000000
X 207 00000000
X 208 07d8c164
X 209 00000000
X 210 00000000
X 211 00000000
X 212 00000000
X 213 00000000
X 214 00000000
X 215 00000000
X 216 00000000
X 217 00000000
X 218 00000000
X 219 00000000
X 220 00000000
X 221 00000000
X 222 00000000
X 223 00000000
X 224 00000000
X 225 00000000
X 226 00000000
X 227 00000000
X 228 00000000
X 229 00000000
X 230 00000000
X 231 00000000
X 232 00000000
X 233 00000000
X 234 00000000
X 235 00000000
X 236 00000000
X 237 00000000
X 238 00000000
X 239 00000000
X 240 00000000
X 241 00000000
X 242 00000000
X 243 00000000
X 244 00000000
X 245 00000000
X 246 00000000
X 247 00000000
X 248 00000000
X 249 00000000
X 250 00000000
X 251 00000000
X 252 00000000
X 253 00000000
X 254 00000000
X 255 00000000
SUPPORT 0000000000000000000000000000000000000000000000000000000000000000000000000000000000000000000000000000000000000000000000000000000000000000000000000000000000000000000000000000000000000000000000000000000000000000000000000000340b42608e2207312005
V 0 004a891
V 1 7fe6f7d
V 2 7fe4e8c
V 3 7fbb8ca
V 4 7f9c67f
V 5 7fe69c4
V 6 00555bf
V 7 7fe8176
V 8 008a74c
V 9 7f7a309
V 10 007fd05
V 11 0026efb
V 12 0005544
V 13 0047fb2
V 14 003fbfe
V 15 7f5974a
V 16 007bf36
V 17 004ea93
V 18 007f48c
V 19 7fde0b0
V 20 0074924
V 21 7fac2bd
V 22 7fedff3
V 23 7f75fe1
V 24 0000a1c
V 25 0031598
V 26 7f78343
V 27 00706f4
V 28 7fead09
V 29 7fe62b4
V 30 7f881fa
V 31 7ff526a
V 32 7febfc8
V 33 000dca2
V 34 0007cb0
V 35 7f5846e
V 36 0009a41
V 37 7ffa6ad
V 38 00365e3
V 39 00978fb
V 40 7f6641c
V 41 008f0ca
V 42 7fd89d3
V 43 0026efb
V 44 001c58b
V 45 7f54ded
V 46 0028a4e
V 47 005138f
V 48 000c9c6
V 49 7f942a4
V 50 7ff3027
V 51 7fc7e87
V 52 003f468
V 53 7f9335e
V 54 001f671
V 55 00029e2
V 56 003a813
V 57 7faaa41
V 58 000a664
V 59 0055eca
V 60 001dd20
V 61 0085cf7
V 62 7f8c8fb
V 63 0044736
PASS payload_benchmark
