PROFILE mode=0 setup=39868 load=610 compute=30712 writeback=8235 total=79425 native=30692 iterations=8 dma_active=0 dma_stall=0 read_beats=0 write_beats=0 upload_active=0 upload_stall=0
X 0 00000000
X 1 00000000
X 2 00000000
X 3 00000000
X 4 00000000
X 5 002488e0
X 6 00000000
X 7 00000000
X 8 00000000
X 9 00000000
X 10 00000000
X 11 00000000
X 12 00000000
X 13 00000000
X 14 00000000
X 15 00000000
X 16 00000000
X 17 00000000
X 18 00000000
X 19 00000000
X 20 00269768
X 21 00000000
X 22 00000000
X 23 00000000
X 24 00000000
X 25 00000000
X 26 00000000
X 27 00000000
X 28 00000000
X 29 00000000
X 30 00000000
X 31 00000000
X 32 00000000
X 33 00000000
X 34 00000000
X 35 00000000
X 36 00000000
X 37 00000000
X 38 00000000
X 39 00000000
X 40 00000000
X 41 00000000
X 42 00000000
X 43 00000000
X 44 00000000
X 45 00000000
X 46 00000000
X 47 00000000
X 48 00000000
X 49 00000000
X 50 00000000
X 51 00000000
X 52 00000000
X 53 00000000
X 54 00000000
X 55 00000000
X 56 00000000
X 57 00000000
X 58 00000000
X 59 00000000
X 60 00000000
X 61 00000000
X 62 00000000
X 63 00000000
X 64 00000000
X 65 00000000
X 66 00000000
X 67 00000000
X 68 00000000
X 69 00000000
X 70 00000000
X 71 00000000
X 72 00000000
X 73 00000000
X 74 00000000
X 75 00000000
X 76 00000000
X 77 00000000
X 78 00000000
X 79 00000000
X 80 00000000
X 81 00000000
X 82 00000000
X 83 00000000
X 84 00000000
X 85 00000000
X 86 00000000
X 87 00000000
X 88 07e3d7a8
X 89 00000000
X 90 00000000
X 91 00000000
X 92 00000000
X 93 00000000
X 94 00000000
X 95 00000000
X 96 00000000
X 97 00000000
X 98 00000000
X 99 00000000
X 100 00000000
X 101 00000000
X 102 00000000
X 103 00000000
X 104 00000000
X 105 00000000
X 106 00000000
X 107 00000000
X 108 00000000
X 109 00000000
X 110 00000000
X 111 00000000
X 112 00000000
X 113 00000000
X 114 00000000
X 115 00000000
X 116 00000000
X 117 00000000
X 118 00000000
X 119 00000000
X 120 00000000
X 121 00000000
X 122 00000000
X 123 00000000
X 124 00000000
X 125 00000000
X 126 00000000
X 127 00000000
X 128 00000000
X 129 00000000
X 130 00000000
X 131 00000000
X 132 00000000
X 133 00000000
X 134 00000000
X 135 00000000
X 136 07d594f8
X 137 00000000
X 138 00000000
X 139 00000000
X 140 00000000
X 141 00000000
X 142 07d5ad48
X 143 00000000
X 144 00000000
X 145 00000000
X 146 00000000
X 147 00000000
X 148 00000000
X 149 00000000
X 150 00000000
X 151 00000000
X 152 07dbcee0
X 153 00000000
X 154 00000000
X 155 00000000
X 156 00000000
X 157 00000000
X 158 00000000
X 159 00000000
X 160 00000000
X 161 00000000
X 162 00000000
X 163 00000000
X 164 00000000
X 165 00000000
X 166 00000000
X 167 00000000
X 168 00000000
X 169 00000000
X 170 00000000
X 171 00000000
X 172 00000000
X 173 00000000
X 174 00000000
X 175 00000000
X 176 00000000
X 177 00000000
X 178 00000000
X 179 00000000
X 180 07d25770
X 181 00000000
X 182 00000000
X 183 00000000
X 184 00000000
X 185 00000000
X 186 00000000
X 187 00000000
X 188 00000000
X 189 00000000
X 190 00000000
X 191 00000000
X 192 00000000
X 193 00000000
X 194 00000000
X 195 00000000
X 196 00000000
X 197 00000000
X 198 00000000
X 199 00000000
X 200 00000000
X 201 00000000
X 202 00000000
X 203 00000000
X 204 00000000
X 205 00000000
X 206 00000000
X 207 00000000
X 208 07d58fbc
X 209 00000000
X 210 00000000
X 211 00000000
X 212 00000000
X 213 00000000
X 214 00000000
X 215 00000000
X 216 00000000
X 217 00000000
X 218 00000000
X 219 00000000
X 220 00000000
X 221 00000000
X 222 00000000
X 223 00000000
X 224 00000000
X 225 00000000
X 226 00000000
X 227 00000000
X 228 00000000
X 229 00000000
X 230 00000000
X 231 00000000
X 232 00000000
X 233 00000000
X 234 00000000
X 235 00000000
X 236 00000000
X 237 00000000
X 238 00000000
X 239 00000000
X 240 00000000
X 241 00000000
X 242 00000000
X 243 00000000
X 244 00000000
X 245 00000000
X 246 00000000
X 247 00000000
X 248 00000000
X 249 00000000
X 250 00000000
X 251 00000000
X 252 00000000
X 253 00000000
X 254 00000000
X 255 00000000
SUPPORT 000000000000000000000000000000000000000000000000000000000000000000000000000000000000000000000000000000000000000000000000000000000000000000000000000000000000000000000000000000000000000000000000000000000000000000000000000016098050b4340880148e
V 0 0000043
V 1 7ffffb5
V 2 0000022
V 3 7ffffe5
V 4 0000028
V 5 0000040
V 6 0000023
V 7 000007d
V 8 7fffff7
V 9 7fffffa
V 10 0000062
V 11 7ffffef
V 12 0000029
V 13 0000018
V 14 0000015
V 15 000008b
V 16 7ffffb7
V 17 7ffffab
V 18 0000048
V 19 7fffff5
V 20 7ffffec
V 21 0000039
V 22 000003f
V 23 000008b
V 24 0000064
V 25 7ffffdb
V 26 0000039
V 27 7ffffd3
V 28 7ffffe4
V 29 7fffff3
V 30 7ffff63
V 31 7ffffd8
V 32 7ffffe8
V 33 7ffffd5
V 34 0000031
V 35 0000053
V 36 000002b
V 37 7ffffc5
V 38 000000d
V 39 7ffffd8
V 40 000003e
V 41 0000059
V 42 7ffffd8
V 43 7ffffef
V 44 7ffffe9
V 45 7fffff0
V 46 7ffffd2
V 47 000000a
V 48 7ffff9c
V 49 7ffff9b
V 50 7ffffee
V 51 7ffff93
V 52 000000f
V 53 7ffffdd
V 54 7ffffe0
V 55 0000025
V 56 0000026
V 57 7ffffdd
V 58 7ffffef
V 59 000000b
V 60 7fffff1
V 61 0000006
V 62 7ffffc9
V 63 000001b
PASS payload_benchmark
