Copyright 1986-2018 Xilinx, Inc. All Rights Reserved.
--------------------------------------------------------------------------------------------------------------------------------
| Tool Version      : Vivado v.2018.1 (win64) Build 2188600 Wed Apr  4 18:40:38 MDT 2018
| Date              : Sat Sep 12 05:18:14 2026
| Host              : DESKTOP-4VU606L running 64-bit major release  (build 9200)
| Command           : report_timing_summary -report_unconstrained -file D:/vivado_pj/work/v4_ooc_panel_20260912_0339/timing.rpt
| Design            : factor_panel_service
| Device            : xczu7ev-ffvc1156
| Speed File        : -2  PRODUCTION 1.19 03-17-2018
| Temperature Grade : E
--------------------------------------------------------------------------------------------------------------------------------

Timing Summary Report

------------------------------------------------------------------------------------------------
| Timer Settings
| --------------
------------------------------------------------------------------------------------------------

  Enable Multi Corner Analysis               :  Yes
  Enable Pessimism Removal                   :  Yes
  Pessimism Removal Resolution               :  Nearest Common Node
  Enable Input Delay Default Clock           :  No
  Enable Preset / Clear Arcs                 :  No
  Disable Flight Delays                      :  No
  Ignore I/O Paths                           :  No
  Timing Early Launch at Borrowing Latches   :  false

  Corner  Analyze    Analyze    
  Name    Max Paths  Min Paths  
  ------  ---------  ---------  
  Slow    Yes        Yes        
  Fast    Yes        Yes        



check_timing report

Table of Contents
-----------------
1. checking no_clock
2. checking constant_clock
3. checking pulse_width_clock
4. checking unconstrained_internal_endpoints
5. checking no_input_delay
6. checking no_output_delay
7. checking multiple_clock
8. checking generated_clocks
9. checking loops
10. checking partial_input_delay
11. checking partial_output_delay
12. checking latch_loops

1. checking no_clock
--------------------
 There are 0 register/latch pins with no clock.


2. checking constant_clock
--------------------------
 There are 0 register/latch pins with constant_clock.


3. checking pulse_width_clock
-----------------------------
 There are 0 register/latch pins which need pulse_width check


4. checking unconstrained_internal_endpoints
--------------------------------------------
 There are 0 pins that are not constrained for maximum delay.

 There are 0 pins that are not constrained for maximum delay due to constant clock.


5. checking no_input_delay
--------------------------
 There are 5618 input ports with no input delay specified. (HIGH)

 There are 0 input ports with no input delay but user has a false path constraint.


6. checking no_output_delay
---------------------------
 There are 6396 ports with no output delay specified. (HIGH)

 There are 0 ports with no output delay but user has a false path constraint

 There are 0 ports with no output delay but with a timing clock defined on it or propagating through it


7. checking multiple_clock
--------------------------
 There are 0 register/latch pins with multiple clocks.


8. checking generated_clocks
----------------------------
 There are 0 generated clocks that are not connected to a clock source.


9. checking loops
-----------------
 There are 0 combinational loops in the design.


10. checking partial_input_delay
--------------------------------
 There are 0 input ports with partial input delay specified.


11. checking partial_output_delay
---------------------------------
 There are 0 ports with partial output delay specified.


12. checking latch_loops
------------------------
 There are 0 combinational latch loops in the design through latch input



------------------------------------------------------------------------------------------------
| Design Timing Summary
| ---------------------
------------------------------------------------------------------------------------------------

    WNS(ns)      TNS(ns)  TNS Failing Endpoints  TNS Total Endpoints      WHS(ns)      THS(ns)  THS Failing Endpoints  THS Total Endpoints     WPWS(ns)     TPWS(ns)  TPWS Failing Endpoints  TPWS Total Endpoints  
    -------      -------  ---------------------  -------------------      -------      -------  ---------------------  -------------------     --------     --------  ----------------------  --------------------  
      2.443        0.000                      0                31584        0.067        0.000                      0                31584        4.725        0.000                       0                 17023  


All user specified timing constraints are met.


------------------------------------------------------------------------------------------------
| Clock Summary
| -------------
------------------------------------------------------------------------------------------------

Clock  Waveform(ns)       Period(ns)      Frequency(MHz)
-----  ------------       ----------      --------------
clk    {0.000 5.000}      10.000          100.000         


------------------------------------------------------------------------------------------------
| Intra Clock Table
| -----------------
------------------------------------------------------------------------------------------------

Clock             WNS(ns)      TNS(ns)  TNS Failing Endpoints  TNS Total Endpoints      WHS(ns)      THS(ns)  THS Failing Endpoints  THS Total Endpoints     WPWS(ns)     TPWS(ns)  TPWS Failing Endpoints  TPWS Total Endpoints  
-----             -------      -------  ---------------------  -------------------      -------      -------  ---------------------  -------------------     --------     --------  ----------------------  --------------------  
clk                 2.443        0.000                      0                31584        0.067        0.000                      0                31584        4.725        0.000                       0                 17023  


------------------------------------------------------------------------------------------------
| Inter Clock Table
| -----------------
------------------------------------------------------------------------------------------------

From Clock    To Clock          WNS(ns)      TNS(ns)  TNS Failing Endpoints  TNS Total Endpoints      WHS(ns)      THS(ns)  THS Failing Endpoints  THS Total Endpoints  
----------    --------          -------      -------  ---------------------  -------------------      -------      -------  ---------------------  -------------------  


------------------------------------------------------------------------------------------------
| Other Path Groups Table
| -----------------------
------------------------------------------------------------------------------------------------

Path Group    From Clock    To Clock          WNS(ns)      TNS(ns)  TNS Failing Endpoints  TNS Total Endpoints      WHS(ns)      THS(ns)  THS Failing Endpoints  THS Total Endpoints  
----------    ----------    --------          -------      -------  ---------------------  -------------------      -------      -------  ---------------------  -------------------  


------------------------------------------------------------------------------------------------
| User Ignored Path Table
| -----------------------
------------------------------------------------------------------------------------------------

Path Group    From Clock    To Clock    
----------    ----------    --------    


------------------------------------------------------------------------------------------------
| Unconstrained Path Table
| ------------------------
------------------------------------------------------------------------------------------------

Path Group    From Clock    To Clock    
----------    ----------    --------    
(none)                                    
(none)        clk                         
(none)                      clk           


------------------------------------------------------------------------------------------------
| Timing Details
| --------------
------------------------------------------------------------------------------------------------


---------------------------------------------------------------------------------------------------
From Clock:  clk
  To Clock:  clk

Setup :            0  Failing Endpoints,  Worst Slack        2.443ns,  Total Violation        0.000ns
Hold  :            0  Failing Endpoints,  Worst Slack        0.067ns,  Total Violation        0.000ns
PW    :            0  Failing Endpoints,  Worst Slack        4.725ns,  Total Violation        0.000ns
---------------------------------------------------------------------------------------------------


Max Delay Paths
--------------------------------------------------------------------------------------
Slack (MET) :             2.443ns  (required time - arrival time)
  Source:                 col_position_reg[0]_rep__1/C
                            (rising edge-triggered cell FDRE clocked by clk  {rise@0.000ns fall@5.000ns period=10.000ns})
  Destination:            slot_lane_mask_reg[0][0]/D
                            (rising edge-triggered cell FDRE clocked by clk  {rise@0.000ns fall@5.000ns period=10.000ns})
  Path Group:             clk
  Path Type:              Setup (Max at Slow Process Corner)
  Requirement:            10.000ns  (clk rise@10.000ns - clk rise@0.000ns)
  Data Path Delay:        7.547ns  (logic 1.701ns (22.539%)  route 5.846ns (77.461%))
  Logic Levels:           29  (CARRY8=4 LUT2=2 LUT3=3 LUT4=4 LUT5=1 LUT6=14 MUXF7=1)
  Clock Uncertainty:      0.035ns  ((TSJ^2 + TIJ^2)^1/2 + DJ) / 2 + PE
    Total System Jitter     (TSJ):    0.071ns
    Total Input Jitter      (TIJ):    0.000ns
    Discrete Jitter          (DJ):    0.000ns
    Phase Error              (PE):    0.000ns

    Location             Delay type                Incr(ns)  Path(ns)    Netlist Resource(s)
  -------------------------------------------------------------------    -------------------
                         (clock clk rise edge)        0.000     0.000 r  
                                                      0.000     0.000 r  clk (IN)
                         net (fo=17022, unset)        0.000     0.000    clk
                         FDRE                                         r  col_position_reg[0]_rep__1/C
  -------------------------------------------------------------------    -------------------
                         FDRE (Prop_FDRE_C_Q)         0.077     0.077 r  col_position_reg[0]_rep__1/Q
                         net (fo=178, unplaced)       0.236     0.313    col_position_reg[0]_rep__1_n_0
                         LUT2 (Prop_LUT2_I1_O)        0.038     0.351 r  panel_req_data[863]_INST_0_i_96/O
                         net (fo=1, unplaced)         0.020     0.371    panel_req_data[863]_INST_0_i_96_n_0
                         CARRY8 (Prop_CARRY8_S[0]_CO[7])
                                                      0.199     0.570 r  panel_req_data[863]_INST_0_i_31/CO[7]
                         net (fo=1, unplaced)         0.005     0.575    panel_req_data[863]_INST_0_i_31_n_0
                         CARRY8 (Prop_CARRY8_CI_O[2])
                                                      0.067     0.642 f  panel_req_data[631]_INST_0_i_40/O[2]
                         net (fo=6, unplaced)         0.207     0.849    remaining_columns[10]
                         LUT6 (Prop_LUT6_I2_O)        0.038     0.887 r  panel_req_data[631]_INST_0_i_41/O
                         net (fo=134, unplaced)       0.277     1.164    panel_req_data[631]_INST_0_i_41_n_0
                         LUT6 (Prop_LUT6_I5_O)        0.038     1.202 f  panel_req_data[863]_INST_0_i_25/O
                         net (fo=20, unplaced)        0.234     1.436    panel_req_data[863]_INST_0_i_25_n_0
                         LUT2 (Prop_LUT2_I1_O)        0.038     1.474 r  panel_req_data[631]_INST_0_i_44/O
                         net (fo=79, unplaced)        0.265     1.739    p_0_out[1]
                         LUT6 (Prop_LUT6_I5_O)        0.038     1.777 f  panel_req_data[631]_INST_0_i_14/O
                         net (fo=21, unplaced)        0.235     2.012    panel_req_data[631]_INST_0_i_14_n_0
                         LUT6 (Prop_LUT6_I4_O)        0.038     2.050 f  panel_req_mask[31]_INST_0_i_7/O
                         net (fo=123, unplaced)       0.275     2.325    panel_req_mask[31]_INST_0_i_7_n_0
                         LUT3 (Prop_LUT3_I1_O)        0.038     2.363 r  fabric_in_last_INST_0_i_45/O
                         net (fo=1, unplaced)         0.185     2.548    fabric_in_last_INST_0_i_45_n_0
                         LUT6 (Prop_LUT6_I5_O)        0.038     2.586 r  fabric_in_last_INST_0_i_25/O
                         net (fo=13, unplaced)        0.224     2.810    phase_frame_count[1]
                         LUT4 (Prop_LUT4_I3_O)        0.070     2.880 r  panel_req_valid_INST_0_i_13/O
                         net (fo=1, unplaced)         0.260     3.140    panel_req_valid_INST_0_i_13_n_0
                         CARRY8 (Prop_CARRY8_DI[0]_CO[5])
                                                      0.170     3.310 r  panel_req_valid_INST_0_i_4/CO[5]
                         net (fo=1, unplaced)         0.095     3.405    request_valid3
                         LUT6 (Prop_LUT6_I0_O)        0.038     3.443 r  panel_req_valid_INST_0_i_3/O
                         net (fo=29, unplaced)        0.242     3.685    request_valid12501_out
                         LUT6 (Prop_LUT6_I3_O)        0.038     3.723 r  req_hold_slot[0]_i_1/O
                         net (fo=26, unplaced)        0.240     3.963    request_slot[0]
                         LUT6 (Prop_LUT6_I5_O)        0.038     4.001 r  panel_req_tag[8]_INST_0_i_19/O
                         net (fo=125, unplaced)       0.276     4.277    panel_req_tag[8]_INST_0_i_19_n_0
                         LUT4 (Prop_LUT4_I2_O)        0.038     4.315 r  panel_req_tag[0]_INST_0_i_30/O
                         net (fo=6, unplaced)         0.207     4.522    panel_req_tag[0]_INST_0_i_30_n_0
                         LUT4 (Prop_LUT4_I1_O)        0.038     4.560 r  panel_req_mask[0]_INST_0_i_19/O
                         net (fo=126, unplaced)       0.276     4.836    panel_req_mask[0]_INST_0_i_19_n_0
                         LUT6 (Prop_LUT6_I4_O)        0.038     4.874 r  panel_req_mask[28]_INST_0_i_102/O
                         net (fo=4, unplaced)         0.197     5.071    panel_req_mask[28]_INST_0_i_102_n_0
                         LUT6 (Prop_LUT6_I5_O)        0.038     5.109 r  panel_req_mask[24]_INST_0_i_74/O
                         net (fo=22, unplaced)        0.236     5.345    panel_req_mask[24]_INST_0_i_74_n_0
                         LUT6 (Prop_LUT6_I0_O)        0.038     5.383 f  panel_req_data[26]_INST_0_i_7/O
                         net (fo=7, unplaced)         0.210     5.593    p_0_in4_out[4]
                         LUT6 (Prop_LUT6_I5_O)        0.038     5.631 f  panel_req_addr[0]_INST_0_i_7/O
                         net (fo=13, unplaced)        0.224     5.855    panel_req_addr[0]_INST_0_i_7_n_0
                         LUT4 (Prop_LUT4_I3_O)        0.068     5.923 r  panel_req_data[26]_INST_0_i_33/O
                         net (fo=1, unplaced)         0.245     6.168    panel_req_data[26]_INST_0_i_33_n_0
                         CARRY8 (Prop_CARRY8_DI[2]_CO[5])
                                                      0.148     6.316 r  panel_req_data[26]_INST_0_i_6/CO[5]
                         net (fo=1, unplaced)         0.095     6.411    panel_req_mask22151_in
                         LUT3 (Prop_LUT3_I0_O)        0.038     6.449 r  panel_req_data[26]_INST_0_i_2/O
                         net (fo=38, unplaced)        0.249     6.698    panel_req_mask0
                         LUT6 (Prop_LUT6_I3_O)        0.038     6.736 r  panel_req_mask[0]_INST_0_i_22/O
                         net (fo=1, unplaced)         0.185     6.921    panel_req_mask[0]_INST_0_i_22_n_0
                         LUT3 (Prop_LUT3_I2_O)        0.038     6.959 r  panel_req_mask[0]_INST_0_i_21/O
                         net (fo=2, unplaced)         0.185     7.144    panel_req_mask[0]_INST_0_i_21_n_0
                         LUT6 (Prop_LUT6_I3_O)        0.037     7.181 r  panel_req_mask[0]_INST_0_i_16/O
                         net (fo=1, unplaced)         0.024     7.205    panel_req_mask[0]_INST_0_i_16_n_0
                         MUXF7 (Prop_MUXF7_I0_O)      0.067     7.272 r  panel_req_mask[0]_INST_0_i_2/O
                         net (fo=3, unplaced)         0.189     7.461    panel_req_mask[0]_INST_0_i_2_n_0
                         LUT5 (Prop_LUT5_I2_O)        0.038     7.499 r  slot_lane_mask[3][0]_i_1/O
                         net (fo=4, unplaced)         0.048     7.547    slot_lane_mask[3][0]_i_1_n_0
                         FDRE                                         r  slot_lane_mask_reg[0][0]/D
  -------------------------------------------------------------------    -------------------

                         (clock clk rise edge)       10.000    10.000 r  
                                                      0.000    10.000 r  clk (IN)
                         net (fo=17022, unset)        0.000    10.000    clk
                         FDRE                                         r  slot_lane_mask_reg[0][0]/C
                         clock pessimism              0.000    10.000    
                         clock uncertainty           -0.035     9.965    
                         FDRE (Setup_FDRE_C_D)        0.025     9.990    slot_lane_mask_reg[0][0]
  -------------------------------------------------------------------
                         required time                          9.990    
                         arrival time                          -7.547    
  -------------------------------------------------------------------
                         slack                                  2.443    





Min Delay Paths
--------------------------------------------------------------------------------------
Slack (MET) :             0.067ns  (arrival time - required time)
  Source:                 dense_reg/C
                            (rising edge-triggered cell FDRE clocked by clk  {rise@0.000ns fall@5.000ns period=10.000ns})
  Destination:            dense_reg/D
                            (rising edge-triggered cell FDRE clocked by clk  {rise@0.000ns fall@5.000ns period=10.000ns})
  Path Group:             clk
  Path Type:              Hold (Min at Fast Process Corner)
  Requirement:            0.000ns  (clk rise@0.000ns - clk rise@0.000ns)
  Data Path Delay:        0.113ns  (logic 0.052ns (45.966%)  route 0.061ns (54.034%))
  Logic Levels:           1  (LUT4=1)

    Location             Delay type                Incr(ns)  Path(ns)    Netlist Resource(s)
  -------------------------------------------------------------------    -------------------
                         (clock clk rise edge)        0.000     0.000 r  
                                                      0.000     0.000 r  clk (IN)
                         net (fo=17022, unset)        0.000     0.000    clk
                         FDRE                                         r  dense_reg/C
  -------------------------------------------------------------------    -------------------
                         FDRE (Prop_FDRE_C_Q)         0.038     0.038 r  dense_reg/Q
                         net (fo=2, unplaced)         0.045     0.083    dense
                         LUT4 (Prop_LUT4_I3_O)        0.014     0.097 r  dense_i_1/O
                         net (fo=1, unplaced)         0.016     0.113    dense_i_1_n_0
                         FDRE                                         r  dense_reg/D
  -------------------------------------------------------------------    -------------------

                         (clock clk rise edge)        0.000     0.000 r  
                                                      0.000     0.000 r  clk (IN)
                         net (fo=17022, unset)        0.000     0.000    clk
                         FDRE                                         r  dense_reg/C
                         clock pessimism              0.000     0.000    
                         FDRE (Hold_FDRE_C_D)         0.046     0.046    dense_reg
  -------------------------------------------------------------------
                         required time                         -0.046    
                         arrival time                           0.113    
  -------------------------------------------------------------------
                         slack                                  0.067    





Pulse Width Checks
--------------------------------------------------------------------------------------
Clock Name:         clk
Waveform(ns):       { 0.000 5.000 }
Period(ns):         10.000
Sources:            { clk }

Check Type        Corner  Lib Pin  Reference Pin  Required(ns)  Actual(ns)  Slack(ns)  Location  Pin
Min Period        n/a     FDRE/C   n/a            0.550         10.000      9.450                b_cache_reg[30][2]/C
Low Pulse Width   Slow    FDRE/C   n/a            0.275         5.000       4.725                b_cache_reg[30][2]/C
High Pulse Width  Slow    FDRE/C   n/a            0.275         5.000       4.725                b_cache_reg[30][2]/C



--------------------------------------------------------------------------------------
Path Group:  (none)
From Clock:  
  To Clock:  

Max Delay            13 Endpoints
Min Delay            13 Endpoints
--------------------------------------------------------------------------------------


Max Delay Paths
--------------------------------------------------------------------------------------
Slack:                    inf
  Source:                 rst
                            (input port)
  Destination:            fabric_done_ready
                            (output port)
  Path Group:             (none)
  Path Type:              Max at Slow Process Corner
  Data Path Delay:        0.657ns  (logic 0.268ns (40.791%)  route 0.389ns (59.209%))
  Logic Levels:           3  (LUT2=1 LUT3=1 LUT5=1)

    Location             Delay type                Incr(ns)  Path(ns)    Netlist Resource(s)
  -------------------------------------------------------------------    -------------------
                                                      0.000     0.000 f  rst (IN)
                         net (fo=3, unset)            0.000     0.000    rst
                         LUT2 (Prop_LUT2_I0_O)        0.053     0.053 r  panel_req_valid_INST_0_i_2/O
                         net (fo=116, unplaced)       0.187     0.240    panel_req_valid_INST_0_i_2_n_0
                         LUT5 (Prop_LUT5_I0_O)        0.125     0.365 r  panel_rsp_ready_INST_0/O
                         net (fo=35, unplaced)        0.202     0.567    panel_rsp_ready
                         LUT3 (Prop_LUT3_I2_O)        0.090     0.657 r  fabric_done_ready_INST_0/O
                         net (fo=0)                   0.000     0.657    fabric_done_ready
                                                                      r  fabric_done_ready (OUT)
  -------------------------------------------------------------------    -------------------





Min Delay Paths
--------------------------------------------------------------------------------------
Slack:                    inf
  Source:                 cancel
                            (input port)
  Destination:            panel_invalidate
                            (output port)
  Path Group:             (none)
  Path Type:              Min at Fast Process Corner
  Data Path Delay:        0.060ns  (logic 0.060ns (100.000%)  route 0.000ns (0.000%))
  Logic Levels:           1  (LUT6=1)

    Location             Delay type                Incr(ns)  Path(ns)    Netlist Resource(s)
  -------------------------------------------------------------------    -------------------
                                                      0.000     0.000 r  cancel (IN)
                         net (fo=4, unset)            0.000     0.000    cancel
                         LUT6 (Prop_LUT6_I0_O)        0.060     0.060 r  panel_invalidate_INST_0/O
                         net (fo=0)                   0.000     0.060    panel_invalidate
                                                                      r  panel_invalidate (OUT)
  -------------------------------------------------------------------    -------------------





--------------------------------------------------------------------------------------
Path Group:  (none)
From Clock:  clk
  To Clock:  

Max Delay          6396 Endpoints
Min Delay          6396 Endpoints
--------------------------------------------------------------------------------------


Max Delay Paths
--------------------------------------------------------------------------------------
Slack:                    inf
  Source:                 col_position_reg[0]_rep__1/C
                            (rising edge-triggered cell FDRE clocked by clk  {rise@0.000ns fall@5.000ns period=10.000ns})
  Destination:            panel_req_addr[52]
                            (output port)
  Path Group:             (none)
  Path Type:              Max at Slow Process Corner
  Data Path Delay:        8.399ns  (logic 1.769ns (21.062%)  route 6.630ns (78.938%))
  Logic Levels:           33  (CARRY8=3 LUT2=2 LUT3=6 LUT4=4 LUT5=5 LUT6=13)
  Clock Uncertainty:      0.025ns  ((TSJ^2 + TIJ^2)^1/2 + DJ) / 2 + PE
    Total System Jitter     (TSJ):    0.050ns
    Total Input Jitter      (TIJ):    0.000ns
    Discrete Jitter          (DJ):    0.000ns
    Phase Error              (PE):    0.000ns

    Location             Delay type                Incr(ns)  Path(ns)    Netlist Resource(s)
  -------------------------------------------------------------------    -------------------
                         (clock clk rise edge)        0.000     0.000 r  
                                                      0.000     0.000 r  clk (IN)
                         net (fo=17022, unset)        0.000     0.000    clk
                         FDRE                                         r  col_position_reg[0]_rep__1/C
  -------------------------------------------------------------------    -------------------
                         FDRE (Prop_FDRE_C_Q)         0.077     0.077 r  col_position_reg[0]_rep__1/Q
                         net (fo=178, unplaced)       0.236     0.313    col_position_reg[0]_rep__1_n_0
                         LUT2 (Prop_LUT2_I1_O)        0.038     0.351 r  panel_req_data[863]_INST_0_i_96/O
                         net (fo=1, unplaced)         0.020     0.371    panel_req_data[863]_INST_0_i_96_n_0
                         CARRY8 (Prop_CARRY8_S[0]_CO[7])
                                                      0.199     0.570 r  panel_req_data[863]_INST_0_i_31/CO[7]
                         net (fo=1, unplaced)         0.005     0.575    panel_req_data[863]_INST_0_i_31_n_0
                         CARRY8 (Prop_CARRY8_CI_O[2])
                                                      0.067     0.642 f  panel_req_data[631]_INST_0_i_40/O[2]
                         net (fo=6, unplaced)         0.207     0.849    remaining_columns[10]
                         LUT6 (Prop_LUT6_I2_O)        0.038     0.887 r  panel_req_data[631]_INST_0_i_41/O
                         net (fo=134, unplaced)       0.277     1.164    panel_req_data[631]_INST_0_i_41_n_0
                         LUT6 (Prop_LUT6_I5_O)        0.038     1.202 f  panel_req_data[863]_INST_0_i_25/O
                         net (fo=20, unplaced)        0.234     1.436    panel_req_data[863]_INST_0_i_25_n_0
                         LUT2 (Prop_LUT2_I1_O)        0.038     1.474 r  panel_req_data[631]_INST_0_i_44/O
                         net (fo=79, unplaced)        0.265     1.739    p_0_out[1]
                         LUT6 (Prop_LUT6_I5_O)        0.038     1.777 f  panel_req_data[631]_INST_0_i_14/O
                         net (fo=21, unplaced)        0.235     2.012    panel_req_data[631]_INST_0_i_14_n_0
                         LUT6 (Prop_LUT6_I4_O)        0.038     2.050 f  panel_req_mask[31]_INST_0_i_7/O
                         net (fo=123, unplaced)       0.275     2.325    panel_req_mask[31]_INST_0_i_7_n_0
                         LUT3 (Prop_LUT3_I1_O)        0.038     2.363 r  fabric_in_last_INST_0_i_45/O
                         net (fo=1, unplaced)         0.185     2.548    fabric_in_last_INST_0_i_45_n_0
                         LUT6 (Prop_LUT6_I5_O)        0.038     2.586 r  fabric_in_last_INST_0_i_25/O
                         net (fo=13, unplaced)        0.224     2.810    phase_frame_count[1]
                         LUT4 (Prop_LUT4_I3_O)        0.070     2.880 r  panel_req_valid_INST_0_i_13/O
                         net (fo=1, unplaced)         0.260     3.140    panel_req_valid_INST_0_i_13_n_0
                         CARRY8 (Prop_CARRY8_DI[0]_CO[5])
                                                      0.170     3.310 r  panel_req_valid_INST_0_i_4/CO[5]
                         net (fo=1, unplaced)         0.095     3.405    request_valid3
                         LUT6 (Prop_LUT6_I0_O)        0.038     3.443 r  panel_req_valid_INST_0_i_3/O
                         net (fo=29, unplaced)        0.242     3.685    request_valid12501_out
                         LUT6 (Prop_LUT6_I3_O)        0.038     3.723 r  req_hold_slot[0]_i_1/O
                         net (fo=26, unplaced)        0.240     3.963    request_slot[0]
                         LUT6 (Prop_LUT6_I5_O)        0.038     4.001 r  panel_req_tag[8]_INST_0_i_19/O
                         net (fo=125, unplaced)       0.276     4.277    panel_req_tag[8]_INST_0_i_19_n_0
                         LUT4 (Prop_LUT4_I2_O)        0.038     4.315 r  panel_req_tag[0]_INST_0_i_30/O
                         net (fo=6, unplaced)         0.207     4.522    panel_req_tag[0]_INST_0_i_30_n_0
                         LUT4 (Prop_LUT4_I1_O)        0.038     4.560 r  panel_req_mask[0]_INST_0_i_19/O
                         net (fo=126, unplaced)       0.276     4.836    panel_req_mask[0]_INST_0_i_19_n_0
                         LUT6 (Prop_LUT6_I4_O)        0.038     4.874 r  panel_req_addr[45]_INST_0_i_8/O
                         net (fo=4, unplaced)         0.197     5.071    panel_req_addr[45]_INST_0_i_8_n_0
                         LUT6 (Prop_LUT6_I5_O)        0.038     5.109 r  panel_req_mask[29]_INST_0_i_76/O
                         net (fo=21, unplaced)        0.235     5.344    panel_req_mask[29]_INST_0_i_76_n_0
                         LUT6 (Prop_LUT6_I5_O)        0.038     5.382 r  panel_req_mask[21]_INST_0_i_61/O
                         net (fo=3, unplaced)         0.191     5.573    panel_req_mask[21]_INST_0_i_61_n_0
                         LUT5 (Prop_LUT5_I0_O)        0.038     5.611 r  panel_req_mask[5]_INST_0_i_43/O
                         net (fo=7, unplaced)         0.210     5.821    panel_req_mask[5]_INST_0_i_43_n_0
                         LUT5 (Prop_LUT5_I3_O)        0.038     5.859 r  panel_req_mask[5]_INST_0_i_73/O
                         net (fo=15, unplaced)        0.227     6.086    panel_req_mask[5]_INST_0_i_73_n_0
                         LUT6 (Prop_LUT6_I5_O)        0.038     6.124 r  panel_req_addr[45]_INST_0_i_11/O
                         net (fo=3, unplaced)         0.191     6.315    panel_req_addr[45]_INST_0_i_11_n_0
                         LUT4 (Prop_LUT4_I1_O)        0.070     6.385 r  panel_req_addr[47]_INST_0_i_9/O
                         net (fo=2, unplaced)         0.140     6.525    panel_req_addr[47]_INST_0_i_9_n_0
                         LUT5 (Prop_LUT5_I2_O)        0.090     6.615 r  panel_req_addr[47]_INST_0_i_5/O
                         net (fo=2, unplaced)         0.185     6.800    panel_req_addr[47]_INST_0_i_5_n_0
                         LUT3 (Prop_LUT3_I2_O)        0.038     6.838 r  panel_req_addr[48]_INST_0_i_5/O
                         net (fo=2, unplaced)         0.185     7.023    panel_req_addr[48]_INST_0_i_5_n_0
                         LUT3 (Prop_LUT3_I2_O)        0.038     7.061 r  panel_req_addr[49]_INST_0_i_5/O
                         net (fo=2, unplaced)         0.185     7.246    panel_req_addr[49]_INST_0_i_5_n_0
                         LUT3 (Prop_LUT3_I2_O)        0.038     7.284 r  panel_req_addr[50]_INST_0_i_5/O
                         net (fo=2, unplaced)         0.185     7.469    panel_req_addr[50]_INST_0_i_5_n_0
                         LUT3 (Prop_LUT3_I2_O)        0.038     7.507 r  panel_req_addr[51]_INST_0_i_10/O
                         net (fo=2, unplaced)         0.185     7.692    panel_req_addr[51]_INST_0_i_10_n_0
                         LUT3 (Prop_LUT3_I2_O)        0.038     7.730 r  panel_req_addr[53]_INST_0_i_8/O
                         net (fo=2, unplaced)         0.185     7.915    panel_req_addr[53]_INST_0_i_8_n_0
                         LUT5 (Prop_LUT5_I2_O)        0.038     7.953 r  panel_req_addr[52]_INST_0_i_5/O
                         net (fo=1, unplaced)         0.185     8.138    panel_req_addr[52]_INST_0_i_5_n_0
                         LUT6 (Prop_LUT6_I5_O)        0.038     8.176 r  panel_req_addr[52]_INST_0_i_1/O
                         net (fo=1, unplaced)         0.185     8.361    panel_req_addr[52]_INST_0_i_1_n_0
                         LUT5 (Prop_LUT5_I1_O)        0.038     8.399 r  panel_req_addr[52]_INST_0/O
                         net (fo=0)                   0.000     8.399    panel_req_addr[52]
                                                                      r  panel_req_addr[52] (OUT)
  -------------------------------------------------------------------    -------------------





Min Delay Paths
--------------------------------------------------------------------------------------
Slack:                    inf
  Source:                 candidate_block_reg[0]/C
                            (rising edge-triggered cell FDRE clocked by clk  {rise@0.000ns fall@5.000ns period=10.000ns})
  Destination:            candidate_block[0]
                            (output port)
  Path Group:             (none)
  Path Type:              Min at Fast Process Corner
  Data Path Delay:        0.038ns  (logic 0.038ns (100.000%)  route 0.000ns (0.000%))
  Logic Levels:           0  
  Clock Uncertainty:      0.025ns  ((TSJ^2 + TIJ^2)^1/2 + DJ) / 2 + PE
    Total System Jitter     (TSJ):    0.050ns
    Total Input Jitter      (TIJ):    0.000ns
    Discrete Jitter          (DJ):    0.000ns
    Phase Error              (PE):    0.000ns

    Location             Delay type                Incr(ns)  Path(ns)    Netlist Resource(s)
  -------------------------------------------------------------------    -------------------
                         (clock clk rise edge)        0.000     0.000 r  
                                                      0.000     0.000 r  clk (IN)
                         net (fo=17022, unset)        0.000     0.000    clk
                         FDRE                                         r  candidate_block_reg[0]/C
  -------------------------------------------------------------------    -------------------
                         FDRE (Prop_FDRE_C_Q)         0.038     0.038 r  candidate_block_reg[0]/Q
                         net (fo=0)                   0.000     0.038    candidate_block[0]
                                                                      r  candidate_block[0] (OUT)
  -------------------------------------------------------------------    -------------------





--------------------------------------------------------------------------------------
Path Group:  (none)
From Clock:  
  To Clock:  clk

Max Delay         44546 Endpoints
Min Delay         44546 Endpoints
--------------------------------------------------------------------------------------


Max Delay Paths
--------------------------------------------------------------------------------------
Slack:                    inf
  Source:                 fabric_out_faults[7]
                            (input port)
  Destination:            slot_factor_reg[0][0]/CE
                            (rising edge-triggered cell FDRE clocked by clk  {rise@0.000ns fall@5.000ns period=10.000ns})
  Path Group:             (none)
  Path Type:              Setup (Max at Slow Process Corner)
  Data Path Delay:        8.939ns  (logic 1.494ns (16.713%)  route 7.445ns (83.287%))
  Logic Levels:           36  (LUT3=2 LUT4=1 LUT5=4 LUT6=29)

    Location             Delay type                Incr(ns)  Path(ns)    Netlist Resource(s)
  -------------------------------------------------------------------    -------------------
                                                      0.000     0.000 r  fabric_out_faults[7] (IN)
                         net (fo=2, unset)            0.000     0.000    fabric_out_faults[7]
                         LUT4 (Prop_LUT4_I0_O)        0.100     0.100 r  rsp_detail[3]_i_240/O
                         net (fo=6, unplaced)         0.207     0.307    first_fault2
                         LUT6 (Prop_LUT6_I5_O)        0.038     0.345 r  rsp_detail[3]_i_237/O
                         net (fo=5, unplaced)         0.203     0.548    rsp_detail[3]_i_237_n_0
                         LUT6 (Prop_LUT6_I5_O)        0.038     0.586 f  rsp_detail[3]_i_226/O
                         net (fo=5, unplaced)         0.203     0.789    rsp_detail[3]_i_226_n_0
                         LUT6 (Prop_LUT6_I4_O)        0.038     0.827 r  rsp_detail[3]_i_222/O
                         net (fo=5, unplaced)         0.203     1.030    rsp_detail[3]_i_222_n_0
                         LUT6 (Prop_LUT6_I4_O)        0.038     1.068 f  rsp_detail[3]_i_212/O
                         net (fo=5, unplaced)         0.203     1.271    rsp_detail[3]_i_212_n_0
                         LUT6 (Prop_LUT6_I4_O)        0.038     1.309 r  rsp_detail[3]_i_209/O
                         net (fo=5, unplaced)         0.203     1.512    rsp_detail[3]_i_209_n_0
                         LUT6 (Prop_LUT6_I5_O)        0.038     1.550 f  rsp_detail[3]_i_198/O
                         net (fo=5, unplaced)         0.203     1.753    rsp_detail[3]_i_198_n_0
                         LUT6 (Prop_LUT6_I4_O)        0.038     1.791 r  rsp_detail[3]_i_194/O
                         net (fo=5, unplaced)         0.203     1.994    rsp_detail[3]_i_194_n_0
                         LUT6 (Prop_LUT6_I4_O)        0.038     2.032 f  rsp_detail[3]_i_184/O
                         net (fo=5, unplaced)         0.203     2.235    rsp_detail[3]_i_184_n_0
                         LUT6 (Prop_LUT6_I4_O)        0.038     2.273 r  rsp_detail[3]_i_181/O
                         net (fo=5, unplaced)         0.203     2.476    rsp_detail[3]_i_181_n_0
                         LUT6 (Prop_LUT6_I5_O)        0.038     2.514 f  rsp_detail[3]_i_170/O
                         net (fo=5, unplaced)         0.203     2.717    rsp_detail[3]_i_170_n_0
                         LUT6 (Prop_LUT6_I4_O)        0.038     2.755 r  rsp_detail[3]_i_166/O
                         net (fo=5, unplaced)         0.203     2.958    rsp_detail[3]_i_166_n_0
                         LUT6 (Prop_LUT6_I4_O)        0.038     2.996 f  rsp_detail[3]_i_156/O
                         net (fo=5, unplaced)         0.203     3.199    rsp_detail[3]_i_156_n_0
                         LUT6 (Prop_LUT6_I4_O)        0.038     3.237 r  rsp_detail[3]_i_153/O
                         net (fo=5, unplaced)         0.203     3.440    rsp_detail[3]_i_153_n_0
                         LUT6 (Prop_LUT6_I5_O)        0.038     3.478 f  rsp_detail[3]_i_142/O
                         net (fo=5, unplaced)         0.203     3.681    rsp_detail[3]_i_142_n_0
                         LUT6 (Prop_LUT6_I4_O)        0.038     3.719 r  rsp_detail[3]_i_138/O
                         net (fo=5, unplaced)         0.203     3.922    rsp_detail[3]_i_138_n_0
                         LUT6 (Prop_LUT6_I4_O)        0.038     3.960 f  rsp_detail[3]_i_128/O
                         net (fo=5, unplaced)         0.203     4.163    rsp_detail[3]_i_128_n_0
                         LUT6 (Prop_LUT6_I4_O)        0.038     4.201 r  rsp_detail[3]_i_125/O
                         net (fo=5, unplaced)         0.203     4.404    rsp_detail[3]_i_125_n_0
                         LUT6 (Prop_LUT6_I5_O)        0.038     4.442 f  rsp_detail[3]_i_114/O
                         net (fo=5, unplaced)         0.203     4.645    rsp_detail[3]_i_114_n_0
                         LUT6 (Prop_LUT6_I4_O)        0.038     4.683 r  rsp_detail[3]_i_109/O
                         net (fo=3, unplaced)         0.191     4.874    rsp_detail[3]_i_109_n_0
                         LUT6 (Prop_LUT6_I4_O)        0.038     4.912 r  rsp_detail[3]_i_99/O
                         net (fo=5, unplaced)         0.203     5.115    rsp_detail[3]_i_99_n_0
                         LUT5 (Prop_LUT5_I3_O)        0.038     5.153 f  rsp_detail[3]_i_95/O
                         net (fo=10, unplaced)        0.218     5.371    rsp_detail[3]_i_95_n_0
                         LUT6 (Prop_LUT6_I4_O)        0.038     5.409 r  rsp_detail[3]_i_92/O
                         net (fo=2, unplaced)         0.185     5.594    rsp_detail[3]_i_92_n_0
                         LUT6 (Prop_LUT6_I4_O)        0.038     5.632 r  rsp_detail[3]_i_81/O
                         net (fo=9, unplaced)         0.216     5.848    rsp_detail[3]_i_81_n_0
                         LUT3 (Prop_LUT3_I2_O)        0.070     5.918 r  rsp_detail[3]_i_64/O
                         net (fo=1, unplaced)         0.185     6.103    rsp_detail[3]_i_64_n_0
                         LUT6 (Prop_LUT6_I5_O)        0.038     6.141 r  rsp_detail[3]_i_53/O
                         net (fo=7, unplaced)         0.210     6.351    rsp_detail[3]_i_53_n_0
                         LUT6 (Prop_LUT6_I5_O)        0.038     6.389 f  rsp_detail[3]_i_47/O
                         net (fo=2, unplaced)         0.185     6.574    rsp_detail[3]_i_47_n_0
                         LUT6 (Prop_LUT6_I4_O)        0.038     6.612 f  rsp_detail[3]_i_37/O
                         net (fo=9, unplaced)         0.216     6.828    rsp_detail[3]_i_37_n_0
                         LUT3 (Prop_LUT3_I2_O)        0.070     6.898 f  rsp_detail[2]_i_10/O
                         net (fo=1, unplaced)         0.185     7.083    rsp_detail[2]_i_10_n_0
                         LUT6 (Prop_LUT6_I4_O)        0.038     7.121 f  rsp_detail[2]_i_6/O
                         net (fo=7, unplaced)         0.166     7.287    rsp_detail[2]_i_6_n_0
                         LUT6 (Prop_LUT6_I1_O)        0.038     7.325 f  rsp_detail[2]_i_4/O
                         net (fo=3, unplaced)         0.191     7.516    first_fault8[2]
                         LUT6 (Prop_LUT6_I4_O)        0.038     7.554 r  raw_acc[63]_i_10/O
                         net (fo=26, unplaced)        0.240     7.794    raw_acc[63]_i_10_n_0
                         LUT6 (Prop_LUT6_I5_O)        0.038     7.832 f  raw_acc[63]_i_15/O
                         net (fo=70, unplaced)        0.262     8.094    state2267_out
                         LUT5 (Prop_LUT5_I4_O)        0.038     8.132 f  col_position[10]_i_11/O
                         net (fo=109, unplaced)       0.272     8.404    col_position[10]_i_11_n_0
                         LUT5 (Prop_LUT5_I2_O)        0.038     8.442 r  slot_factor[0][863]_i_3/O
                         net (fo=1, unplaced)         0.185     8.627    slot_factor[0][863]_i_3_n_0
                         LUT5 (Prop_LUT5_I0_O)        0.038     8.665 r  slot_factor[0][863]_i_1/O
                         net (fo=864, unplaced)       0.274     8.939    slot_factor[0][863]_i_1_n_0
                         FDRE                                         r  slot_factor_reg[0][0]/CE
  -------------------------------------------------------------------    -------------------

                         (clock clk rise edge)        0.000     0.000 r  
                                                      0.000     0.000 r  clk (IN)
                         net (fo=17022, unset)        0.000     0.000    clk
                         FDRE                                         r  slot_factor_reg[0][0]/C





Min Delay Paths
--------------------------------------------------------------------------------------
Slack:                    inf
  Source:                 req_index[0]
                            (input port)
  Destination:            col_start_reg[0]/D
                            (rising edge-triggered cell FDRE clocked by clk  {rise@0.000ns fall@5.000ns period=10.000ns})
  Path Group:             (none)
  Path Type:              Hold (Min at Slow Process Corner)
  Data Path Delay:        0.000ns  (logic 0.000ns (0.000%)  route 0.000ns (0.000%))
  Logic Levels:           0  

    Location             Delay type                Incr(ns)  Path(ns)    Netlist Resource(s)
  -------------------------------------------------------------------    -------------------
                                                      0.000     0.000 r  req_index[0] (IN)
                         net (fo=8, unset)            0.000     0.000    req_index[0]
                         FDRE                                         r  col_start_reg[0]/D
  -------------------------------------------------------------------    -------------------

                         (clock clk rise edge)        0.000     0.000 r  
                                                      0.000     0.000 r  clk (IN)
                         net (fo=17022, unset)        0.000     0.000    clk
                         FDRE                                         r  col_start_reg[0]/C





