PROFILE mode=0 setup=39420 load=305 compute=20396 writeback=2091 total=62212 native=20375 iterations=8 dma_active=0 dma_stall=0 read_beats=0 write_beats=0 upload_active=0 upload_stall=0
X 0 00000000
X 1 00000000
X 2 00000000
X 3 00000000
X 4 00000000
X 5 00000000
X 6 00000000
X 7 00000000
X 8 00000000
X 9 00000000
X 10 00000000
X 11 00000000
X 12 00000000
X 13 00000000
X 14 00000000
X 15 00000000
X 16 00000000
X 17 00140f48
X 18 00000000
X 19 00000000
X 20 00000000
X 21 00000000
X 22 00000000
X 23 00000000
X 24 00000000
X 25 00000000
X 26 00000000
X 27 00000000
X 28 00000000
X 29 07e4ea10
X 30 00000000
X 31 07dd8e04
X 32 001d4fe4
X 33 00000000
X 34 00000000
X 35 00000000
X 36 00000000
X 37 00000000
X 38 00000000
X 39 00000000
X 40 00000000
X 41 001fe9e8
X 42 00000000
X 43 00000000
X 44 00000000
X 45 00000000
X 46 00000000
X 47 00000000
X 48 00000000
X 49 07deb9a8
X 50 00000000
X 51 00000000
X 52 00000000
X 53 00000000
X 54 00000000
X 55 00000000
X 56 00000000
X 57 00261804
X 58 00000000
X 59 07de9b70
X 60 00000000
X 61 00000000
X 62 00000000
X 63 00000000
SUPPORT 00000000000000000000000000000000000000000000000000000000000000000000000000000000000000000000000000000000000000000000000000000000000000000000000000000000000000000000000000000000000000000000000000000000000000000000000000000441d0ec200c42907c39
V 0 0000013
V 1 7ffff7c
V 2 7ffff8e
V 3 000003c
V 4 000006c
V 5 7ffffb3
V 6 0000024
V 7 7ffffe3
V 8 7ffff8c
V 9 0000044
V 10 000002c
V 11 0000033
V 12 0000022
V 13 0000065
V 14 7ffffba
V 15 000003b
V 16 000001b
V 17 000008d
V 18 7fffffe
V 19 7ffffdc
V 20 0000016
V 21 7ffffcc
V 22 0000003
V 23 0000043
V 24 0000033
V 25 7fffff4
V 26 7fffffa
V 27 0000024
V 28 7fffffa
V 29 000005d
V 30 7ffffc4
V 31 7ffffc5
PASS payload_benchmark
