PROFILE mode=1 setup=32378 load=93 compute=132448 writeback=268 total=165187 native=132429 iterations=8 dma_active=198 dma_stall=31 read_beats=8 write_beats=16 upload_active=29 upload_stall=15
X 0 00000000
X 1 00000000
X 2 00000000
X 3 00000000
X 4 00000000
X 5 00000000
X 6 00000000
X 7 00000000
X 8 00000000
X 9 00000000
X 10 00000000
X 11 00000000
X 12 00000000
X 13 00000000
X 14 00000000
X 15 00000000
X 16 00000000
X 17 00140f50
X 18 00000000
X 19 00000000
X 20 00000000
X 21 00000000
X 22 00000000
X 23 00000000
X 24 00000000
X 25 00000000
X 26 00000000
X 27 00000000
X 28 00000000
X 29 07e4ea14
X 30 00000000
X 31 07dd8e00
X 32 001d4fa4
X 33 00000000
X 34 00000000
X 35 00000000
X 36 00000000
X 37 00000000
X 38 00000000
X 39 00000000
X 40 00000000
X 41 001fea30
X 42 00000000
X 43 00000000
X 44 00000000
X 45 00000000
X 46 00000000
X 47 00000000
X 48 00000000
X 49 07deb928
X 50 00000000
X 51 00000000
X 52 00000000
X 53 00000000
X 54 00000000
X 55 00000000
X 56 00000000
X 57 0026175c
X 58 00000000
X 59 07de9bc0
X 60 00000000
X 61 00000000
X 62 00000000
X 63 00000000
SUPPORT 00000000000000000000000000000000000000000000000000000000000000000000000000000000000000000000000000000000000000000000000000000000000000000000000000000000000000000000000000000000000000000000000000000000000000000000000000000ec390c4290801f07411
V 0 0000037
V 1 7ffff40
V 2 7ffff7c
V 3 7fffffd
V 4 0000067
V 5 7ffffc7
V 6 000002b
V 7 7ffffcd
V 8 7ffffc8
V 9 7ffffff
V 10 000003d
V 11 000005a
V 12 000001f
V 13 0000055
V 14 7ffffcf
V 15 0000079
V 16 000003f
V 17 0000097
V 18 000001b
V 19 7ffffe1
V 20 0000005
V 21 7ffffa5
V 22 0000016
V 23 0000059
V 24 000005a
V 25 7ffffe7
V 26 7ffffdd
V 27 000002b
V 28 7ffffdd
V 29 000001c
V 30 0000009
V 31 7ffff6b
PASS payload_benchmark
