PROFILE mode=1 setup=17024 load=93 compute=6520 writeback=268 total=23905 native=6502 iterations=8 dma_active=200 dma_stall=33 read_beats=8 write_beats=16 upload_active=29 upload_stall=15
X 0 00000000
X 1 00000000
X 2 00000000
X 3 00000000
X 4 00000000
X 5 00000000
X 6 00000000
X 7 00000000
X 8 00000000
X 9 00000000
X 10 00000000
X 11 00000000
X 12 00000000
X 13 00000000
X 14 00000000
X 15 00000000
X 16 00000000
X 17 00000000
X 18 00000000
X 19 00000000
X 20 00000000
X 21 00000000
X 22 00000000
X 23 000b6e8c
X 24 00000000
X 25 00000000
X 26 00000000
X 27 07f620e8
X 28 00000000
X 29 07f33a88
X 30 00000000
X 31 07ec734c
X 32 00000000
X 33 00000000
X 34 00000000
X 35 00000000
X 36 00000000
X 37 00000000
X 38 00000000
X 39 00000000
X 40 00000000
X 41 00137c0c
X 42 00000000
X 43 00000000
X 44 07f7feac
X 45 00000000
X 46 00000000
X 47 00000000
X 48 00000000
X 49 07f40790
X 50 00000000
X 51 00000000
X 52 00000000
X 53 00000000
X 54 00000000
X 55 00000000
X 56 00000000
X 57 00162698
X 58 00000000
X 59 00000000
X 60 00000000
X 61 00000000
X 62 00000000
X 63 00000000
SUPPORT 00000000000000000000000000000000000000000000000000000000000000000000000000000000000000000000000000000000000000000000000000000000000000000000000000000000000000000000000000000000000000000000000000000000000000000000000000000e4310b02907c1d06c17
V 0 0078c05
V 1 7fc4b40
V 2 7ffe557
V 3 7ed4ee4
V 4 7f7910e
V 5 012208d
V 6 7ffade5
V 7 7f89647
V 8 7f55562
V 9 7fe74ce
V 10 7f7b29d
V 11 7f7b2f8
V 12 0045e82
V 13 005de50
V 14 00c4b6f
V 15 00acd7c
V 16 7fd3852
V 17 7f05f2d
V 18 0095257
V 19 7fd4b8b
V 20 7fa98c9
V 21 7f80767
V 22 00532b3
V 23 00b098d
V 24 7ff3b15
V 25 7fbf1c7
V 26 7fa2228
V 27 7ff20ac
V 28 7fcf6b0
V 29 0052a6a
V 30 7f7377f
V 31 7f6525e
PASS payload_benchmark
