PROFILE mode=0 setup=17420 load=305 compute=6284 writeback=2091 total=26100 native=6266 iterations=8 dma_active=0 dma_stall=0 read_beats=0 write_beats=0 upload_active=0 upload_stall=0
X 0 00000000
X 1 00000000
X 2 00000000
X 3 00000000
X 4 00000000
X 5 00000000
X 6 00000000
X 7 00000000
X 8 00000000
X 9 00000000
X 10 00000000
X 11 00000000
X 12 00000000
X 13 00000000
X 14 00000000
X 15 00000000
X 16 00000000
X 17 0012ded8
X 18 00000000
X 19 00000000
X 20 00000000
X 21 00000000
X 22 00000000
X 23 00000000
X 24 00000000
X 25 00000000
X 26 00000000
X 27 00000000
X 28 00000000
X 29 07eb7e60
X 30 00000000
X 31 07dae58c
X 32 001cf9a0
X 33 00000000
X 34 00000000
X 35 00000000
X 36 00000000
X 37 00000000
X 38 00000000
X 39 00000000
X 40 00000000
X 41 0020093c
X 42 00000000
X 43 00000000
X 44 00000000
X 45 00000000
X 46 00000000
X 47 00000000
X 48 00000000
X 49 07df37f0
X 50 00000000
X 51 00000000
X 52 00000000
X 53 00000000
X 54 00000000
X 55 00000000
X 56 00000000
X 57 00247d70
X 58 00000000
X 59 07e07634
X 60 00000000
X 61 00000000
X 62 00000000
X 63 00000000
SUPPORT 00000000000000000000000000000000000000000000000000000000000000000000000000000000000000000000000000000000000000000000000000000000000000000000000000000000000000000000000000000000000000000000000000000000000000000000000000000441d0ec200c42907c39
V 0 000cf63
V 1 7ff2519
V 2 7ff6428
V 3 7fe8913
V 4 001d989
V 5 0029416
V 6 7ff179c
V 7 7fd7eed
V 8 7ff7707
V 9 7ff0829
V 10 00135ed
V 11 0015474
V 12 7fec654
V 13 7ffbb37
V 14 7ffd4ff
V 15 7ff23e9
V 16 7ff6c83
V 17 7ff0498
V 18 000f112
V 19 7ffdd75
V 20 001b82b
V 21 000fa9e
V 22 0018bfd
V 23 0022903
V 24 0015474
V 25 7ff4f24
V 26 00071ce
V 27 7ff179c
V 28 00071ce
V 29 7fea108
V 30 7ff94f7
V 31 0013ca6
PASS payload_benchmark
