PROFILE mode=1 setup=32864 load=93 compute=11764 writeback=268 total=44989 native=11746 iterations=8 dma_active=201 dma_stall=34 read_beats=8 write_beats=16 upload_active=29 upload_stall=15
X 0 00000000
X 1 00000000
X 2 00000000
X 3 00000000
X 4 00000000
X 5 00000000
X 6 00000000
X 7 00000000
X 8 00000000
X 9 00000000
X 10 00000000
X 11 00000000
X 12 00000000
X 13 00000000
X 14 00000000
X 15 00000000
X 16 00000000
X 17 00000000
X 18 00000000
X 19 00000000
X 20 00000000
X 21 00000000
X 22 00000000
X 23 000bba4c
X 24 00000000
X 25 00000000
X 26 00000000
X 27 07f55634
X 28 00000000
X 29 07f37294
X 30 00000000
X 31 07de1c50
X 32 00000000
X 33 00000000
X 34 00000000
X 35 00000000
X 36 00000000
X 37 00000000
X 38 00000000
X 39 00000000
X 40 00000000
X 41 001dad04
X 42 00000000
X 43 00000000
X 44 07fc8f8c
X 45 00000000
X 46 00000000
X 47 00000000
X 48 00000000
X 49 07eb74fc
X 50 00000000
X 51 00000000
X 52 00000000
X 53 00000000
X 54 00000000
X 55 00000000
X 56 00000000
X 57 0021d0b0
X 58 00000000
X 59 00000000
X 60 00000000
X 61 00000000
X 62 00000000
X 63 00000000
SUPPORT 00000000000000000000000000000000000000000000000000000000000000000000000000000000000000000000000000000000000000000000000000000000000000000000000000000000000000000000000000000000000000000000000000000000000000000000000000000e4310b02907c1d06c17
V 0 00398f3
V 1 7fcd0d0
V 2 0038d92
V 3 7f326e1
V 4 7f8fab0
V 5 00fefcb
V 6 0030e76
V 7 7f711dd
V 8 7f9b316
V 9 7feb2b4
V 10 7f74ef0
V 11 7f88a19
V 12 7fd4fbd
V 13 009b69a
V 14 008b146
V 15 0067eef
V 16 7fe434c
V 17 7f78703
V 18 00d1962
V 19 7ff901d
V 20 7ff8fa3
V 21 7fbf382
V 22 0056187
V 23 008d8cb
V 24 00074a8
V 25 0016752
V 26 7f2df89
V 27 002ae1e
V 28 7f416d1
V 29 0005673
V 30 7fbf7a5
V 31 7f84155
PASS payload_benchmark
