D:\vivado_pj\work\synth_memory_replay_dih9f4c5
PASS m32_MP/PIO: byte-identical trace including all cycle buckets
PASS m32_MP/DMA: byte-identical trace including all cycle buckets
PASS m32_GP/PIO: byte-identical trace including all cycle buckets
PASS m32_GP/DMA: byte-identical trace including all cycle buckets
PASS m32_IHT/PIO: byte-identical trace including all cycle buckets
PASS m32_IHT/DMA: byte-identical trace including all cycle buckets
PASS m32_OMP/PIO: byte-identical trace including all cycle buckets
PASS m32_OMP/DMA: byte-identical trace including all cycle buckets
PASS m32_GOMP/PIO: byte-identical trace including all cycle buckets
PASS m32_GOMP/DMA: byte-identical trace including all cycle buckets
PASS m32_CoSaMP/PIO: byte-identical trace including all cycle buckets
PASS m32_CoSaMP/DMA: byte-identical trace including all cycle buckets
PASS m32_SP/PIO: byte-identical trace including all cycle buckets
PASS m32_SP/DMA: byte-identical trace including all cycle buckets
PASS m32_HTP/PIO: byte-identical trace including all cycle buckets
PASS m32_HTP/DMA: byte-identical trace including all cycle buckets
PASS m32_FISTA/PIO: byte-identical trace including all cycle buckets
PASS m32_FISTA/DMA: byte-identical trace including all cycle buckets
PASS m32_PDHG/PIO: byte-identical trace including all cycle buckets
PASS m32_PDHG/DMA: byte-identical trace including all cycle buckets
PASS m64_MP/PIO: byte-identical trace including all cycle buckets
PASS m64_MP/DMA: byte-identical trace including all cycle buckets
PASS m64_GP/PIO: byte-identical trace including all cycle buckets
PASS m64_GP/DMA: byte-identical trace including all cycle buckets
PASS m64_IHT/PIO: byte-identical trace including all cycle buckets
PASS m64_IHT/DMA: byte-identical trace including all cycle buckets
PASS m64_OMP/PIO: byte-identical trace including all cycle buckets
PASS m64_OMP/DMA: byte-identical trace including all cycle buckets
PASS m64_GOMP/PIO: byte-identical trace including all cycle buckets
PASS m64_GOMP/DMA: byte-identical trace including all cycle buckets
PASS m64_CoSaMP/PIO: byte-identical trace including all cycle buckets
PASS m64_CoSaMP/DMA: byte-identical trace including all cycle buckets
PASS m64_SP/PIO: byte-identical trace including all cycle buckets
PASS m64_SP/DMA: byte-identical trace including all cycle buckets
PASS m64_HTP/PIO: byte-identical trace including all cycle buckets
PASS m64_HTP/DMA: byte-identical trace including all cycle buckets
PASS m64_FISTA/PIO: byte-identical trace including all cycle buckets
PASS m64_FISTA/DMA: byte-identical trace including all cycle buckets
PASS m64_PDHG/PIO: byte-identical trace including all cycle buckets
PASS m64_PDHG/DMA: byte-identical trace including all cycle buckets
