PROFILE mode=1 setup=18080 load=93 compute=4040 writeback=256 total=22469 native=4022 iterations=8 dma_active=200 dma_stall=33 read_beats=8 write_beats=16 upload_active=29 upload_stall=15
X 0 07fc6d00
X 1 00000000
X 2 07fc9600
X 3 07f8ab00
X 4 00090300
X 5 07fd9300
X 6 07fc8900
X 7 07f94d00
X 8 07f8ae00
X 9 00040800
X 10 07ff8c00
X 11 00024e00
X 12 00001000
X 13 00030e00
X 14 0003ec00
X 15 0004ec00
X 16 07faf300
X 17 000b0700
X 18 0000fd00
X 19 00043900
X 20 00039100
X 21 00011e00
X 22 07fd0d00
X 23 000a4500
X 24 07fb8000
X 25 07fcc300
X 26 07f94b00
X 27 07f54400
X 28 07ffc600
X 29 07f28500
X 30 07ffdf00
X 31 07eb3100
X 32 000bf500
X 33 00028300
X 34 07f73000
X 35 0001e500
X 36 00043300
X 37 07fca500
X 38 0003de00
X 39 07fede00
X 40 00034100
X 41 0012d300
X 42 07fb3200
X 43 00059b00
X 44 07f95600
X 45 07fda500
X 46 00046100
X 47 0001cc00
X 48 07fc7300
X 49 07f08200
X 50 00043700
X 51 07f7c600
X 52 00002300
X 53 07fddb00
X 54 07fa3000
X 55 07f8ca00
X 56 07ff2600
X 57 00147b00
X 58 0005c400
X 59 07f9b500
X 60 0008ee00
X 61 00054f00
X 62 07fd5700
X 63 07faf900
SUPPORT 000000000000000000000000000000000000000000000000000000000000000000000000000000000000000000000000000000000000000000000000000000000000000000000000000000000000000000000000000000000000000000000000000000000000000000000000000000000000000000000000
V 0 00387ef
V 1 0006130
V 2 00109e0
V 3 7fd4fd7
V 4 7fd4cee
V 5 000bf7e
V 6 0013959
V 7 7fb1506
V 8 7fd7a3a
V 9 00233ce
V 10 7fd3023
V 11 0010209
V 12 001d45a
V 13 7ffa83a
V 14 00135e1
V 15 000e071
V 16 7fe8bb1
V 17 7fde021
V 18 0009d09
V 19 7fe2f6d
V 20 7fb9da9
V 21 000bf51
V 22 00106f4
V 23 7ff1648
V 24 001e5b8
V 25 7fedcc0
V 26 000ceb5
V 27 7ff2fde
V 28 7feb87f
V 29 7ffa722
V 30 7fdad24
V 31 7ff89b1
PASS payload_benchmark
