Copyright 1986-2018 Xilinx, Inc. All Rights Reserved.
-------------------------------------------------------------------------------------------------------------------------------------
| Tool Version      : Vivado v.2018.1 (win64) Build 2188600 Wed Apr  4 18:40:38 MDT 2018
| Date              : Sat Sep 12 11:02:07 2026
| Host              : DESKTOP-4VU606L running 64-bit major release  (build 9200)
| Command           : report_timing_summary -report_unconstrained -file D:/vivado_pj/work/v4_ooc_panel_mux2_20260912_1038/timing.rpt
| Design            : factor_panel_service
| Device            : xczu7ev-ffvc1156
| Speed File        : -2  PRODUCTION 1.19 03-17-2018
| Temperature Grade : E
-------------------------------------------------------------------------------------------------------------------------------------

Timing Summary Report

------------------------------------------------------------------------------------------------
| Timer Settings
| --------------
------------------------------------------------------------------------------------------------

  Enable Multi Corner Analysis               :  Yes
  Enable Pessimism Removal                   :  Yes
  Pessimism Removal Resolution               :  Nearest Common Node
  Enable Input Delay Default Clock           :  No
  Enable Preset / Clear Arcs                 :  No
  Disable Flight Delays                      :  No
  Ignore I/O Paths                           :  No
  Timing Early Launch at Borrowing Latches   :  false

  Corner  Analyze    Analyze    
  Name    Max Paths  Min Paths  
  ------  ---------  ---------  
  Slow    Yes        Yes        
  Fast    Yes        Yes        



check_timing report

Table of Contents
-----------------
1. checking no_clock
2. checking constant_clock
3. checking pulse_width_clock
4. checking unconstrained_internal_endpoints
5. checking no_input_delay
6. checking no_output_delay
7. checking multiple_clock
8. checking generated_clocks
9. checking loops
10. checking partial_input_delay
11. checking partial_output_delay
12. checking latch_loops

1. checking no_clock
--------------------
 There are 0 register/latch pins with no clock.


2. checking constant_clock
--------------------------
 There are 0 register/latch pins with constant_clock.


3. checking pulse_width_clock
-----------------------------
 There are 0 register/latch pins which need pulse_width check


4. checking unconstrained_internal_endpoints
--------------------------------------------
 There are 0 pins that are not constrained for maximum delay.

 There are 0 pins that are not constrained for maximum delay due to constant clock.


5. checking no_input_delay
--------------------------
 There are 5618 input ports with no input delay specified. (HIGH)

 There are 0 input ports with no input delay but user has a false path constraint.


6. checking no_output_delay
---------------------------
 There are 6396 ports with no output delay specified. (HIGH)

 There are 0 ports with no output delay but user has a false path constraint

 There are 0 ports with no output delay but with a timing clock defined on it or propagating through it


7. checking multiple_clock
--------------------------
 There are 0 register/latch pins with multiple clocks.


8. checking generated_clocks
----------------------------
 There are 0 generated clocks that are not connected to a clock source.


9. checking loops
-----------------
 There are 0 combinational loops in the design.


10. checking partial_input_delay
--------------------------------
 There are 0 input ports with partial input delay specified.


11. checking partial_output_delay
---------------------------------
 There are 0 ports with partial output delay specified.


12. checking latch_loops
------------------------
 There are 0 combinational latch loops in the design through latch input



------------------------------------------------------------------------------------------------
| Design Timing Summary
| ---------------------
------------------------------------------------------------------------------------------------

    WNS(ns)      TNS(ns)  TNS Failing Endpoints  TNS Total Endpoints      WHS(ns)      THS(ns)  THS Failing Endpoints  THS Total Endpoints     WPWS(ns)     TPWS(ns)  TPWS Failing Endpoints  TPWS Total Endpoints  
    -------      -------  ---------------------  -------------------      -------      -------  ---------------------  -------------------     --------     --------  ----------------------  --------------------  
      2.767        0.000                      0                31648        0.067        0.000                      0                31648        4.725        0.000                       0                 17078  


All user specified timing constraints are met.


------------------------------------------------------------------------------------------------
| Clock Summary
| -------------
------------------------------------------------------------------------------------------------

Clock  Waveform(ns)       Period(ns)      Frequency(MHz)
-----  ------------       ----------      --------------
clk    {0.000 5.000}      10.000          100.000         


------------------------------------------------------------------------------------------------
| Intra Clock Table
| -----------------
------------------------------------------------------------------------------------------------

Clock             WNS(ns)      TNS(ns)  TNS Failing Endpoints  TNS Total Endpoints      WHS(ns)      THS(ns)  THS Failing Endpoints  THS Total Endpoints     WPWS(ns)     TPWS(ns)  TPWS Failing Endpoints  TPWS Total Endpoints  
-----             -------      -------  ---------------------  -------------------      -------      -------  ---------------------  -------------------     --------     --------  ----------------------  --------------------  
clk                 2.767        0.000                      0                31648        0.067        0.000                      0                31648        4.725        0.000                       0                 17078  


------------------------------------------------------------------------------------------------
| Inter Clock Table
| -----------------
------------------------------------------------------------------------------------------------

From Clock    To Clock          WNS(ns)      TNS(ns)  TNS Failing Endpoints  TNS Total Endpoints      WHS(ns)      THS(ns)  THS Failing Endpoints  THS Total Endpoints  
----------    --------          -------      -------  ---------------------  -------------------      -------      -------  ---------------------  -------------------  


------------------------------------------------------------------------------------------------
| Other Path Groups Table
| -----------------------
------------------------------------------------------------------------------------------------

Path Group    From Clock    To Clock          WNS(ns)      TNS(ns)  TNS Failing Endpoints  TNS Total Endpoints      WHS(ns)      THS(ns)  THS Failing Endpoints  THS Total Endpoints  
----------    ----------    --------          -------      -------  ---------------------  -------------------      -------      -------  ---------------------  -------------------  


------------------------------------------------------------------------------------------------
| User Ignored Path Table
| -----------------------
------------------------------------------------------------------------------------------------

Path Group    From Clock    To Clock    
----------    ----------    --------    


------------------------------------------------------------------------------------------------
| Unconstrained Path Table
| ------------------------
------------------------------------------------------------------------------------------------

Path Group    From Clock    To Clock    
----------    ----------    --------    
(none)                                    
(none)        clk                         
(none)                      clk           


------------------------------------------------------------------------------------------------
| Timing Details
| --------------
------------------------------------------------------------------------------------------------


---------------------------------------------------------------------------------------------------
From Clock:  clk
  To Clock:  clk

Setup :            0  Failing Endpoints,  Worst Slack        2.767ns,  Total Violation        0.000ns
Hold  :            0  Failing Endpoints,  Worst Slack        0.067ns,  Total Violation        0.000ns
PW    :            0  Failing Endpoints,  Worst Slack        4.725ns,  Total Violation        0.000ns
---------------------------------------------------------------------------------------------------


Max Delay Paths
--------------------------------------------------------------------------------------
Slack (MET) :             2.767ns  (required time - arrival time)
  Source:                 slot_row_reg[0][0]/C
                            (rising edge-triggered cell FDRE clocked by clk  {rise@0.000ns fall@5.000ns period=10.000ns})
  Destination:            tail_nonzero_seen_reg/D
                            (rising edge-triggered cell FDRE clocked by clk  {rise@0.000ns fall@5.000ns period=10.000ns})
  Path Group:             clk
  Path Type:              Setup (Max at Slow Process Corner)
  Requirement:            10.000ns  (clk rise@10.000ns - clk rise@0.000ns)
  Data Path Delay:        7.223ns  (logic 1.837ns (25.433%)  route 5.386ns (74.567%))
  Logic Levels:           31  (CARRY8=2 LUT2=1 LUT3=1 LUT4=1 LUT5=5 LUT6=21)
  Clock Uncertainty:      0.035ns  ((TSJ^2 + TIJ^2)^1/2 + DJ) / 2 + PE
    Total System Jitter     (TSJ):    0.071ns
    Total Input Jitter      (TIJ):    0.000ns
    Discrete Jitter          (DJ):    0.000ns
    Phase Error              (PE):    0.000ns

    Location             Delay type                Incr(ns)  Path(ns)    Netlist Resource(s)
  -------------------------------------------------------------------    -------------------
                         (clock clk rise edge)        0.000     0.000 r  
                                                      0.000     0.000 r  clk (IN)
                         net (fo=17077, unset)        0.000     0.000    clk
                         FDRE                                         r  slot_row_reg[0][0]/C
  -------------------------------------------------------------------    -------------------
                         FDRE (Prop_FDRE_C_Q)         0.077     0.077 r  slot_row_reg[0][0]/Q
                         net (fo=30, unplaced)        0.195     0.272    slot_row_reg_n_0_[0][0]
                         LUT2 (Prop_LUT2_I1_O)        0.038     0.310 r  rsp_fault[2]_i_508/O
                         net (fo=1, unplaced)         0.020     0.330    rsp_fault[2]_i_508_n_0
                         CARRY8 (Prop_CARRY8_S[0]_CO[7])
                                                      0.199     0.529 r  rsp_fault_reg[2]_i_342/CO[7]
                         net (fo=1, unplaced)         0.005     0.534    rsp_fault_reg[2]_i_342_n_0
                         CARRY8 (Prop_CARRY8_CI_O[2])
                                                      0.067     0.601 r  rsp_fault_reg[2]_i_228/O[2]
                         net (fo=1, unplaced)         0.185     0.786    response_found6[10]
                         LUT6 (Prop_LUT6_I4_O)        0.038     0.824 f  rsp_fault[2]_i_230/O
                         net (fo=1, unplaced)         0.185     1.009    rsp_fault[2]_i_230_n_0
                         LUT6 (Prop_LUT6_I3_O)        0.038     1.047 f  rsp_fault[2]_i_123/O
                         net (fo=1, unplaced)         0.185     1.232    rsp_fault[2]_i_123_n_0
                         LUT5 (Prop_LUT5_I0_O)        0.038     1.270 f  rsp_fault[2]_i_68/O
                         net (fo=2, unplaced)         0.185     1.455    response_found4
                         LUT6 (Prop_LUT6_I3_O)        0.038     1.493 f  rsp_fault[2]_i_117/O
                         net (fo=2, unplaced)         0.185     1.678    rsp_fault[2]_i_117_n_0
                         LUT6 (Prop_LUT6_I2_O)        0.038     1.716 f  rsp_fault[2]_i_65/O
                         net (fo=2, unplaced)         0.185     1.901    rsp_fault[2]_i_65_n_0
                         LUT6 (Prop_LUT6_I3_O)        0.038     1.939 f  rsp_fault[2]_i_130/O
                         net (fo=2, unplaced)         0.185     2.124    rsp_fault[2]_i_130_n_0
                         LUT6 (Prop_LUT6_I3_O)        0.038     2.162 f  rsp_fault[2]_i_71/O
                         net (fo=2, unplaced)         0.185     2.347    rsp_fault[2]_i_71_n_0
                         LUT6 (Prop_LUT6_I3_O)        0.038     2.385 f  rsp_fault[2]_i_54/O
                         net (fo=2, unplaced)         0.185     2.570    rsp_fault[2]_i_54_n_0
                         LUT6 (Prop_LUT6_I2_O)        0.038     2.608 f  rsp_fault[2]_i_23/O
                         net (fo=2, unplaced)         0.185     2.793    rsp_fault[2]_i_23_n_0
                         LUT6 (Prop_LUT6_I3_O)        0.038     2.831 r  rsp_fault[2]_i_24/O
                         net (fo=6, unplaced)         0.207     3.038    response_found12431_out
                         LUT6 (Prop_LUT6_I5_O)        0.038     3.076 r  slot_factor[0][863]_i_15/O
                         net (fo=56, unplaced)        0.257     3.333    response_slot[0]
                         LUT6 (Prop_LUT6_I1_O)        0.038     3.371 r  slot_factor[0][836]_i_29/O
                         net (fo=70, unplaced)        0.262     3.633    slot_factor[0][836]_i_29_n_0
                         LUT5 (Prop_LUT5_I1_O)        0.070     3.703 r  slot_factor[0][836]_i_75/O
                         net (fo=7, unplaced)         0.210     3.913    slot_factor[0][836]_i_75_n_0
                         LUT6 (Prop_LUT6_I5_O)        0.038     3.951 r  slot_factor[0][833]_i_22/O
                         net (fo=117, unplaced)       0.274     4.225    slot_factor[0][833]_i_22_n_0
                         LUT6 (Prop_LUT6_I5_O)        0.038     4.263 r  slot_factor[0][724]_i_11/O
                         net (fo=4, unplaced)         0.117     4.380    response_rotation[2]_270[22]
                         LUT6 (Prop_LUT6_I0_O)        0.150     4.530 r  slot_factor[0][832]_i_17/O
                         net (fo=3, unplaced)         0.146     4.676    response_rotation[4]_810[22]
                         LUT3 (Prop_LUT3_I0_O)        0.112     4.788 r  slot_factor[0][697]_i_6/O
                         net (fo=6, unplaced)         0.207     4.995    response_rotation[5]_378[22]
                         LUT5 (Prop_LUT5_I4_O)        0.038     5.033 r  slot_factor[0][400]_i_3/O
                         net (fo=2, unplaced)         0.141     5.174    response_ordered_378[22]
                         LUT4 (Prop_LUT4_I0_O)        0.100     5.274 r  tail_nonzero_seen_i_288/O
                         net (fo=1, unplaced)         0.185     5.459    tail_nonzero_seen_i_288_n_0
                         LUT5 (Prop_LUT5_I4_O)        0.038     5.497 r  tail_nonzero_seen_i_180/O
                         net (fo=1, unplaced)         0.185     5.682    tail_nonzero_seen_i_180_n_0
                         LUT6 (Prop_LUT6_I3_O)        0.038     5.720 r  tail_nonzero_seen_i_51/O
                         net (fo=1, unplaced)         0.105     5.825    tail_nonzero_seen_i_51_n_0
                         LUT6 (Prop_LUT6_I0_O)        0.150     5.975 r  tail_nonzero_seen_i_18/O
                         net (fo=1, unplaced)         0.185     6.160    tail_nonzero_seen_i_18_n_0
                         LUT6 (Prop_LUT6_I5_O)        0.038     6.198 r  tail_nonzero_seen_i_10/O
                         net (fo=2, unplaced)         0.185     6.383    tail_nonzero_seen_i_10_n_0
                         LUT5 (Prop_LUT5_I4_O)        0.038     6.421 r  tail_nonzero_seen_i_12/O
                         net (fo=1, unplaced)         0.140     6.561    tail_nonzero_seen_i_12_n_0
                         LUT6 (Prop_LUT6_I5_O)        0.038     6.599 r  tail_nonzero_seen_i_8/O
                         net (fo=1, unplaced)         0.140     6.739    tail_nonzero_seen_i_8_n_0
                         LUT6 (Prop_LUT6_I3_O)        0.038     6.777 r  tail_nonzero_seen_i_4/O
                         net (fo=1, unplaced)         0.185     6.962    tail_nonzero_seen_i_4_n_0
                         LUT6 (Prop_LUT6_I1_O)        0.038     7.000 r  tail_nonzero_seen_i_2/O
                         net (fo=1, unplaced)         0.137     7.137    tail_nonzero_seen
                         LUT6 (Prop_LUT6_I1_O)        0.038     7.175 r  tail_nonzero_seen_i_1/O
                         net (fo=1, unplaced)         0.048     7.223    tail_nonzero_seen_i_1_n_0
                         FDRE                                         r  tail_nonzero_seen_reg/D
  -------------------------------------------------------------------    -------------------

                         (clock clk rise edge)       10.000    10.000 r  
                                                      0.000    10.000 r  clk (IN)
                         net (fo=17077, unset)        0.000    10.000    clk
                         FDRE                                         r  tail_nonzero_seen_reg/C
                         clock pessimism              0.000    10.000    
                         clock uncertainty           -0.035     9.965    
                         FDRE (Setup_FDRE_C_D)        0.025     9.990    tail_nonzero_seen_reg
  -------------------------------------------------------------------
                         required time                          9.990    
                         arrival time                          -7.223    
  -------------------------------------------------------------------
                         slack                                  2.767    





Min Delay Paths
--------------------------------------------------------------------------------------
Slack (MET) :             0.067ns  (arrival time - required time)
  Source:                 dense_reg/C
                            (rising edge-triggered cell FDRE clocked by clk  {rise@0.000ns fall@5.000ns period=10.000ns})
  Destination:            dense_reg/D
                            (rising edge-triggered cell FDRE clocked by clk  {rise@0.000ns fall@5.000ns period=10.000ns})
  Path Group:             clk
  Path Type:              Hold (Min at Fast Process Corner)
  Requirement:            0.000ns  (clk rise@0.000ns - clk rise@0.000ns)
  Data Path Delay:        0.113ns  (logic 0.052ns (45.966%)  route 0.061ns (54.034%))
  Logic Levels:           1  (LUT4=1)

    Location             Delay type                Incr(ns)  Path(ns)    Netlist Resource(s)
  -------------------------------------------------------------------    -------------------
                         (clock clk rise edge)        0.000     0.000 r  
                                                      0.000     0.000 r  clk (IN)
                         net (fo=17077, unset)        0.000     0.000    clk
                         FDRE                                         r  dense_reg/C
  -------------------------------------------------------------------    -------------------
                         FDRE (Prop_FDRE_C_Q)         0.038     0.038 r  dense_reg/Q
                         net (fo=2, unplaced)         0.045     0.083    dense
                         LUT4 (Prop_LUT4_I1_O)        0.014     0.097 r  dense_i_1/O
                         net (fo=1, unplaced)         0.016     0.113    dense_i_1_n_0
                         FDRE                                         r  dense_reg/D
  -------------------------------------------------------------------    -------------------

                         (clock clk rise edge)        0.000     0.000 r  
                                                      0.000     0.000 r  clk (IN)
                         net (fo=17077, unset)        0.000     0.000    clk
                         FDRE                                         r  dense_reg/C
                         clock pessimism              0.000     0.000    
                         FDRE (Hold_FDRE_C_D)         0.046     0.046    dense_reg
  -------------------------------------------------------------------
                         required time                         -0.046    
                         arrival time                           0.113    
  -------------------------------------------------------------------
                         slack                                  0.067    





Pulse Width Checks
--------------------------------------------------------------------------------------
Clock Name:         clk
Waveform(ns):       { 0.000 5.000 }
Period(ns):         10.000
Sources:            { clk }

Check Type        Corner  Lib Pin  Reference Pin  Required(ns)  Actual(ns)  Slack(ns)  Location  Pin
Min Period        n/a     FDRE/C   n/a            0.550         10.000      9.450                a_cache_reg[32][2]/C
Low Pulse Width   Slow    FDRE/C   n/a            0.275         5.000       4.725                a_cache_reg[32][2]/C
High Pulse Width  Slow    FDRE/C   n/a            0.275         5.000       4.725                a_cache_reg[32][2]/C



--------------------------------------------------------------------------------------
Path Group:  (none)
From Clock:  
  To Clock:  

Max Delay            13 Endpoints
Min Delay            13 Endpoints
--------------------------------------------------------------------------------------


Max Delay Paths
--------------------------------------------------------------------------------------
Slack:                    inf
  Source:                 cancel
                            (input port)
  Destination:            fabric_done_ready
                            (output port)
  Path Group:             (none)
  Path Type:              Max at Slow Process Corner
  Data Path Delay:        0.334ns  (logic 0.188ns (56.287%)  route 0.146ns (43.713%))
  Logic Levels:           2  (LUT5=1 LUT6=1)

    Location             Delay type                Incr(ns)  Path(ns)    Netlist Resource(s)
  -------------------------------------------------------------------    -------------------
                                                      0.000     0.000 f  cancel (IN)
                         net (fo=106, unset)          0.000     0.000    cancel
                         LUT6 (Prop_LUT6_I0_O)        0.150     0.150 r  panel_rsp_ready_INST_0/O
                         net (fo=3, unplaced)         0.146     0.296    panel_rsp_ready
                         LUT5 (Prop_LUT5_I4_O)        0.038     0.334 r  fabric_done_ready_INST_0/O
                         net (fo=2, unset)            0.000     0.334    fabric_done_ready
                                                                      r  fabric_done_ready (OUT)
  -------------------------------------------------------------------    -------------------





Min Delay Paths
--------------------------------------------------------------------------------------
Slack:                    inf
  Source:                 rst
                            (input port)
  Destination:            candidate_valid
                            (output port)
  Path Group:             (none)
  Path Type:              Min at Fast Process Corner
  Data Path Delay:        0.014ns  (logic 0.014ns (100.000%)  route 0.000ns (0.000%))
  Logic Levels:           1  (LUT6=1)

    Location             Delay type                Incr(ns)  Path(ns)    Netlist Resource(s)
  -------------------------------------------------------------------    -------------------
                                                      0.000     0.000 f  rst (IN)
                         net (fo=106, unset)          0.000     0.000    rst
                         LUT6 (Prop_LUT6_I5_O)        0.014     0.014 r  candidate_valid_INST_0/O
                         net (fo=0)                   0.000     0.014    candidate_valid
                                                                      r  candidate_valid (OUT)
  -------------------------------------------------------------------    -------------------





--------------------------------------------------------------------------------------
Path Group:  (none)
From Clock:  clk
  To Clock:  

Max Delay          6396 Endpoints
Min Delay          6396 Endpoints
--------------------------------------------------------------------------------------


Max Delay Paths
--------------------------------------------------------------------------------------
Slack:                    inf
  Source:                 col_position_reg[0]/C
                            (rising edge-triggered cell FDRE clocked by clk  {rise@0.000ns fall@5.000ns period=10.000ns})
  Destination:            panel_req_addr[223]
                            (output port)
  Path Group:             (none)
  Path Type:              Max at Slow Process Corner
  Data Path Delay:        8.475ns  (logic 1.727ns (20.378%)  route 6.748ns (79.622%))
  Logic Levels:           34  (CARRY8=3 LUT2=6 LUT3=7 LUT4=2 LUT5=4 LUT6=12)
  Clock Uncertainty:      0.025ns  ((TSJ^2 + TIJ^2)^1/2 + DJ) / 2 + PE
    Total System Jitter     (TSJ):    0.050ns
    Total Input Jitter      (TIJ):    0.000ns
    Discrete Jitter          (DJ):    0.000ns
    Phase Error              (PE):    0.000ns

    Location             Delay type                Incr(ns)  Path(ns)    Netlist Resource(s)
  -------------------------------------------------------------------    -------------------
                         (clock clk rise edge)        0.000     0.000 r  
                                                      0.000     0.000 r  clk (IN)
                         net (fo=17077, unset)        0.000     0.000    clk
                         FDRE                                         r  col_position_reg[0]/C
  -------------------------------------------------------------------    -------------------
                         FDRE (Prop_FDRE_C_Q)         0.077     0.077 r  col_position_reg[0]/Q
                         net (fo=324, unplaced)       0.249     0.326    col_position[0]
                         LUT2 (Prop_LUT2_I1_O)        0.038     0.364 r  panel_req_mask[3]_INST_0_i_48/O
                         net (fo=1, unplaced)         0.020     0.384    panel_req_mask[3]_INST_0_i_48_n_0
                         CARRY8 (Prop_CARRY8_S[0]_CO[7])
                                                      0.199     0.583 r  panel_req_mask[3]_INST_0_i_10/CO[7]
                         net (fo=1, unplaced)         0.005     0.588    panel_req_mask[3]_INST_0_i_10_n_0
                         CARRY8 (Prop_CARRY8_CI_O[0])
                                                      0.056     0.644 r  fabric_cmd_terminal_mask[31]_INST_0_i_3/O[0]
                         net (fo=3, unplaced)         0.191     0.835    remaining_columns[8]
                         LUT6 (Prop_LUT6_I3_O)        0.038     0.873 f  fabric_cmd_terminal_mask[29]_INST_0_i_1/O
                         net (fo=138, unplaced)       0.278     1.151    fabric_cmd_terminal_mask[29]_INST_0_i_1_n_0
                         LUT6 (Prop_LUT6_I5_O)        0.038     1.189 r  fabric_cmd_terminal_mask[16]_INST_0_i_2/O
                         net (fo=7, unplaced)         0.210     1.399    tail01432_in
                         LUT6 (Prop_LUT6_I0_O)        0.038     1.437 f  fabric_cmd_terminal_mask[28]_INST_0_i_6/O
                         net (fo=69, unplaced)        0.262     1.699    fabric_cmd_terminal_mask[28]_INST_0_i_6_n_0
                         LUT6 (Prop_LUT6_I5_O)        0.038     1.737 r  fabric_cmd_terminal_mask[28]_INST_0_i_2/O
                         net (fo=18, unplaced)        0.232     1.969    fabric_cmd_terminal_mask[28]_INST_0_i_2_n_0
                         LUT2 (Prop_LUT2_I1_O)        0.038     2.007 f  panel_req_addr[95]_INST_0_i_3/O
                         net (fo=951, unplaced)       0.322     2.329    panel_req_addr[95]_INST_0_i_3_n_0
                         LUT6 (Prop_LUT6_I3_O)        0.038     2.367 f  fabric_in_last_INST_0_i_35/O
                         net (fo=3, unplaced)         0.191     2.558    fabric_in_last_INST_0_i_35_n_0
                         LUT5 (Prop_LUT5_I0_O)        0.038     2.596 f  fabric_in_last_INST_0_i_24/O
                         net (fo=11, unplaced)        0.220     2.816    fabric_in_last_INST_0_i_24_n_0
                         LUT4 (Prop_LUT4_I3_O)        0.070     2.886 r  panel_req_valid_INST_0_i_13/O
                         net (fo=1, unplaced)         0.260     3.146    panel_req_valid_INST_0_i_13_n_0
                         CARRY8 (Prop_CARRY8_DI[0]_CO[5])
                                                      0.170     3.316 r  panel_req_valid_INST_0_i_4/CO[5]
                         net (fo=1, unplaced)         0.095     3.411    request_valid3
                         LUT6 (Prop_LUT6_I0_O)        0.038     3.449 r  panel_req_valid_INST_0_i_3/O
                         net (fo=32, unplaced)        0.245     3.694    request_valid12501_out
                         LUT5 (Prop_LUT5_I3_O)        0.038     3.732 r  req_hold_slot[0]_i_1/O
                         net (fo=23, unplaced)        0.237     3.969    request_slot[0]
                         LUT6 (Prop_LUT6_I4_O)        0.038     4.007 f  panel_req_data[863]_INST_0_i_45/O
                         net (fo=61, unplaced)        0.259     4.266    panel_req_data[863]_INST_0_i_45_n_0
                         LUT3 (Prop_LUT3_I0_O)        0.038     4.304 f  panel_req_mask[31]_INST_0_i_33/O
                         net (fo=116, unplaced)       0.274     4.578    panel_req_mask[31]_INST_0_i_33_n_0
                         LUT2 (Prop_LUT2_I0_O)        0.038     4.616 r  panel_req_mask[31]_INST_0_i_80/O
                         net (fo=20, unplaced)        0.234     4.850    panel_req_mask[31]_INST_0_i_80_n_0
                         LUT6 (Prop_LUT6_I5_O)        0.038     4.888 r  panel_req_mask[24]_INST_0_i_67/O
                         net (fo=1, unplaced)         0.185     5.073    panel_req_mask[24]_INST_0_i_67_n_0
                         LUT6 (Prop_LUT6_I5_O)        0.038     5.111 r  panel_req_mask[24]_INST_0_i_26/O
                         net (fo=3, unplaced)         0.191     5.302    panel_req_mask[24]_INST_0_i_26_n_0
                         LUT4 (Prop_LUT4_I0_O)        0.038     5.340 r  panel_req_addr[216]_INST_0_i_11/O
                         net (fo=4, unplaced)         0.197     5.537    panel_req_addr[216]_INST_0_i_11_n_0
                         LUT2 (Prop_LUT2_I1_O)        0.038     5.575 r  panel_req_addr[216]_INST_0_i_10/O
                         net (fo=2, unplaced)         0.185     5.760    panel_req_addr[216]_INST_0_i_10_n_0
                         LUT6 (Prop_LUT6_I5_O)        0.038     5.798 r  panel_req_addr[216]_INST_0_i_9/O
                         net (fo=3, unplaced)         0.191     5.989    panel_req_addr[216]_INST_0_i_9_n_0
                         LUT6 (Prop_LUT6_I5_O)        0.038     6.027 r  panel_req_addr[216]_INST_0_i_5/O
                         net (fo=3, unplaced)         0.191     6.218    panel_req_addr[216]_INST_0_i_5_n_0
                         LUT2 (Prop_LUT2_I1_O)        0.038     6.256 r  panel_req_addr[222]_INST_0_i_12/O
                         net (fo=6, unplaced)         0.207     6.463    panel_req_addr[222]_INST_0_i_12_n_0
                         LUT2 (Prop_LUT2_I0_O)        0.038     6.501 r  panel_req_addr[217]_INST_0_i_4/O
                         net (fo=2, unplaced)         0.137     6.638    panel_req_addr[217]_INST_0_i_4_n_0
                         LUT3 (Prop_LUT3_I0_O)        0.053     6.691 r  panel_req_addr[218]_INST_0_i_5/O
                         net (fo=2, unplaced)         0.185     6.876    panel_req_addr[218]_INST_0_i_5_n_0
                         LUT3 (Prop_LUT3_I2_O)        0.038     6.914 r  panel_req_addr[219]_INST_0_i_5/O
                         net (fo=2, unplaced)         0.185     7.099    panel_req_addr[219]_INST_0_i_5_n_0
                         LUT3 (Prop_LUT3_I2_O)        0.038     7.137 r  panel_req_addr[220]_INST_0_i_5/O
                         net (fo=2, unplaced)         0.185     7.322    panel_req_addr[220]_INST_0_i_5_n_0
                         LUT3 (Prop_LUT3_I2_O)        0.038     7.360 r  panel_req_addr[221]_INST_0_i_5/O
                         net (fo=2, unplaced)         0.185     7.545    panel_req_addr[221]_INST_0_i_5_n_0
                         LUT3 (Prop_LUT3_I2_O)        0.038     7.583 r  panel_req_addr[222]_INST_0_i_10/O
                         net (fo=2, unplaced)         0.185     7.768    panel_req_addr[222]_INST_0_i_10_n_0
                         LUT3 (Prop_LUT3_I2_O)        0.038     7.806 r  panel_req_addr[224]_INST_0_i_10/O
                         net (fo=2, unplaced)         0.185     7.991    panel_req_addr[224]_INST_0_i_10_n_0
                         LUT5 (Prop_LUT5_I2_O)        0.038     8.029 r  panel_req_addr[223]_INST_0_i_14/O
                         net (fo=1, unplaced)         0.185     8.214    panel_req_addr[223]_INST_0_i_14_n_0
                         LUT6 (Prop_LUT6_I5_O)        0.038     8.252 r  panel_req_addr[223]_INST_0_i_2/O
                         net (fo=1, unplaced)         0.185     8.437    panel_req_addr[223]_INST_0_i_2_n_0
                         LUT5 (Prop_LUT5_I4_O)        0.038     8.475 r  panel_req_addr[223]_INST_0/O
                         net (fo=0)                   0.000     8.475    panel_req_addr[223]
                                                                      r  panel_req_addr[223] (OUT)
  -------------------------------------------------------------------    -------------------





Min Delay Paths
--------------------------------------------------------------------------------------
Slack:                    inf
  Source:                 candidate_block_reg[0]/C
                            (rising edge-triggered cell FDRE clocked by clk  {rise@0.000ns fall@5.000ns period=10.000ns})
  Destination:            candidate_block[0]
                            (output port)
  Path Group:             (none)
  Path Type:              Min at Fast Process Corner
  Data Path Delay:        0.038ns  (logic 0.038ns (100.000%)  route 0.000ns (0.000%))
  Logic Levels:           0  
  Clock Uncertainty:      0.025ns  ((TSJ^2 + TIJ^2)^1/2 + DJ) / 2 + PE
    Total System Jitter     (TSJ):    0.050ns
    Total Input Jitter      (TIJ):    0.000ns
    Discrete Jitter          (DJ):    0.000ns
    Phase Error              (PE):    0.000ns

    Location             Delay type                Incr(ns)  Path(ns)    Netlist Resource(s)
  -------------------------------------------------------------------    -------------------
                         (clock clk rise edge)        0.000     0.000 r  
                                                      0.000     0.000 r  clk (IN)
                         net (fo=17077, unset)        0.000     0.000    clk
                         FDRE                                         r  candidate_block_reg[0]/C
  -------------------------------------------------------------------    -------------------
                         FDRE (Prop_FDRE_C_Q)         0.038     0.038 r  candidate_block_reg[0]/Q
                         net (fo=0)                   0.000     0.038    candidate_block[0]
                                                                      r  candidate_block[0] (OUT)
  -------------------------------------------------------------------    -------------------





--------------------------------------------------------------------------------------
Path Group:  (none)
From Clock:  
  To Clock:  clk

Max Delay         44688 Endpoints
Min Delay         44688 Endpoints
--------------------------------------------------------------------------------------


Max Delay Paths
--------------------------------------------------------------------------------------
Slack:                    inf
  Source:                 fabric_out_faults[7]
                            (input port)
  Destination:            b_cache_reg[17][0]/CE
                            (rising edge-triggered cell FDRE clocked by clk  {rise@0.000ns fall@5.000ns period=10.000ns})
  Path Group:             (none)
  Path Type:              Setup (Max at Slow Process Corner)
  Data Path Delay:        9.224ns  (logic 1.694ns (18.365%)  route 7.530ns (81.635%))
  Logic Levels:           38  (LUT2=1 LUT3=1 LUT4=1 LUT5=2 LUT6=33)

    Location             Delay type                Incr(ns)  Path(ns)    Netlist Resource(s)
  -------------------------------------------------------------------    -------------------
                                                      0.000     0.000 r  fabric_out_faults[7] (IN)
                         net (fo=2, unset)            0.000     0.000    fabric_out_faults[7]
                         LUT4 (Prop_LUT4_I0_O)        0.100     0.100 r  rsp_detail[3]_i_281/O
                         net (fo=6, unplaced)         0.207     0.307    first_fault2
                         LUT6 (Prop_LUT6_I5_O)        0.038     0.345 r  rsp_detail[3]_i_278/O
                         net (fo=5, unplaced)         0.203     0.548    rsp_detail[3]_i_278_n_0
                         LUT6 (Prop_LUT6_I5_O)        0.038     0.586 f  rsp_detail[3]_i_267/O
                         net (fo=5, unplaced)         0.203     0.789    rsp_detail[3]_i_267_n_0
                         LUT6 (Prop_LUT6_I4_O)        0.038     0.827 r  rsp_detail[3]_i_263/O
                         net (fo=5, unplaced)         0.203     1.030    rsp_detail[3]_i_263_n_0
                         LUT6 (Prop_LUT6_I4_O)        0.038     1.068 f  rsp_detail[3]_i_253/O
                         net (fo=5, unplaced)         0.203     1.271    rsp_detail[3]_i_253_n_0
                         LUT6 (Prop_LUT6_I4_O)        0.038     1.309 r  rsp_detail[3]_i_250/O
                         net (fo=5, unplaced)         0.203     1.512    rsp_detail[3]_i_250_n_0
                         LUT6 (Prop_LUT6_I5_O)        0.038     1.550 f  rsp_detail[3]_i_239/O
                         net (fo=5, unplaced)         0.203     1.753    rsp_detail[3]_i_239_n_0
                         LUT6 (Prop_LUT6_I4_O)        0.038     1.791 r  rsp_detail[3]_i_235/O
                         net (fo=5, unplaced)         0.203     1.994    rsp_detail[3]_i_235_n_0
                         LUT6 (Prop_LUT6_I4_O)        0.038     2.032 f  rsp_detail[3]_i_225/O
                         net (fo=5, unplaced)         0.203     2.235    rsp_detail[3]_i_225_n_0
                         LUT6 (Prop_LUT6_I4_O)        0.038     2.273 r  rsp_detail[3]_i_222/O
                         net (fo=5, unplaced)         0.203     2.476    rsp_detail[3]_i_222_n_0
                         LUT6 (Prop_LUT6_I5_O)        0.038     2.514 f  rsp_detail[3]_i_211/O
                         net (fo=5, unplaced)         0.203     2.717    rsp_detail[3]_i_211_n_0
                         LUT6 (Prop_LUT6_I4_O)        0.038     2.755 r  rsp_detail[3]_i_207/O
                         net (fo=5, unplaced)         0.203     2.958    rsp_detail[3]_i_207_n_0
                         LUT6 (Prop_LUT6_I4_O)        0.038     2.996 f  rsp_detail[3]_i_197/O
                         net (fo=5, unplaced)         0.203     3.199    rsp_detail[3]_i_197_n_0
                         LUT6 (Prop_LUT6_I4_O)        0.038     3.237 r  rsp_detail[3]_i_194/O
                         net (fo=5, unplaced)         0.203     3.440    rsp_detail[3]_i_194_n_0
                         LUT6 (Prop_LUT6_I5_O)        0.038     3.478 f  rsp_detail[3]_i_183/O
                         net (fo=5, unplaced)         0.203     3.681    rsp_detail[3]_i_183_n_0
                         LUT6 (Prop_LUT6_I4_O)        0.038     3.719 r  rsp_detail[3]_i_179/O
                         net (fo=5, unplaced)         0.203     3.922    rsp_detail[3]_i_179_n_0
                         LUT6 (Prop_LUT6_I4_O)        0.038     3.960 f  rsp_detail[3]_i_169/O
                         net (fo=5, unplaced)         0.203     4.163    rsp_detail[3]_i_169_n_0
                         LUT6 (Prop_LUT6_I4_O)        0.038     4.201 r  rsp_detail[3]_i_166/O
                         net (fo=5, unplaced)         0.203     4.404    rsp_detail[3]_i_166_n_0
                         LUT6 (Prop_LUT6_I5_O)        0.038     4.442 f  rsp_detail[3]_i_155/O
                         net (fo=5, unplaced)         0.203     4.645    rsp_detail[3]_i_155_n_0
                         LUT6 (Prop_LUT6_I4_O)        0.038     4.683 r  rsp_detail[3]_i_150/O
                         net (fo=3, unplaced)         0.191     4.874    rsp_detail[3]_i_150_n_0
                         LUT6 (Prop_LUT6_I4_O)        0.038     4.912 r  rsp_detail[3]_i_140/O
                         net (fo=5, unplaced)         0.203     5.115    rsp_detail[3]_i_140_n_0
                         LUT5 (Prop_LUT5_I3_O)        0.038     5.153 r  rsp_detail[3]_i_136/O
                         net (fo=10, unplaced)        0.174     5.327    rsp_detail[3]_i_136_n_0
                         LUT6 (Prop_LUT6_I2_O)        0.100     5.427 r  rsp_detail[3]_i_127/O
                         net (fo=1, unplaced)         0.185     5.612    rsp_detail[3]_i_127_n_0
                         LUT6 (Prop_LUT6_I5_O)        0.038     5.650 r  rsp_detail[3]_i_116/O
                         net (fo=7, unplaced)         0.210     5.860    rsp_detail[3]_i_116_n_0
                         LUT6 (Prop_LUT6_I4_O)        0.038     5.898 f  rsp_detail[3]_i_110/O
                         net (fo=2, unplaced)         0.185     6.083    rsp_detail[3]_i_110_n_0
                         LUT6 (Prop_LUT6_I4_O)        0.038     6.121 f  rsp_detail[3]_i_100/O
                         net (fo=9, unplaced)         0.216     6.337    rsp_detail[3]_i_100_n_0
                         LUT3 (Prop_LUT3_I1_O)        0.070     6.407 f  rsp_detail[3]_i_68/O
                         net (fo=1, unplaced)         0.185     6.592    rsp_detail[3]_i_68_n_0
                         LUT6 (Prop_LUT6_I5_O)        0.038     6.630 f  rsp_detail[3]_i_49/O
                         net (fo=7, unplaced)         0.210     6.840    rsp_detail[3]_i_49_n_0
                         LUT6 (Prop_LUT6_I4_O)        0.038     6.878 f  rsp_detail[3]_i_38/O
                         net (fo=3, unplaced)         0.191     7.069    rsp_detail[3]_i_38_n_0
                         LUT6 (Prop_LUT6_I4_O)        0.038     7.107 r  rsp_detail[3]_i_24/O
                         net (fo=7, unplaced)         0.210     7.317    rsp_detail[3]_i_24_n_0
                         LUT6 (Prop_LUT6_I4_O)        0.038     7.355 r  rsp_detail[3]_i_20/O
                         net (fo=8, unplaced)         0.165     7.520    rsp_detail[3]_i_20_n_0
                         LUT6 (Prop_LUT6_I3_O)        0.038     7.558 r  raw_acc[63]_i_10/O
                         net (fo=30, unplaced)        0.243     7.801    raw_acc[63]_i_10_n_0
                         LUT5 (Prop_LUT5_I4_O)        0.038     7.839 r  b_cache[9][26]_i_122/O
                         net (fo=1, unplaced)         0.141     7.980    p_390_in
                         LUT6 (Prop_LUT6_I2_O)        0.100     8.080 r  b_cache[9][26]_i_28/O
                         net (fo=3, unplaced)         0.191     8.271    b_cache[9][26]_i_28_n_0
                         LUT2 (Prop_LUT2_I1_O)        0.070     8.341 r  b_cache[15][26]_i_8/O
                         net (fo=5, unplaced)         0.203     8.544    b_cache[15][26]_i_8_n_0
                         LUT6 (Prop_LUT6_I0_O)        0.038     8.582 r  b_cache[17][26]_i_4/O
                         net (fo=1, unplaced)         0.185     8.767    b_cache[17][26]_i_4_n_0
                         LUT6 (Prop_LUT6_I5_O)        0.038     8.805 r  b_cache[17][26]_i_2/O
                         net (fo=1, unplaced)         0.185     8.990    b_cache[17][26]_i_2_n_0
                         LUT6 (Prop_LUT6_I5_O)        0.038     9.028 r  b_cache[17][26]_i_1/O
                         net (fo=27, unplaced)        0.196     9.224    b_cache[17][26]_i_1_n_0
                         FDRE                                         r  b_cache_reg[17][0]/CE
  -------------------------------------------------------------------    -------------------

                         (clock clk rise edge)        0.000     0.000 r  
                                                      0.000     0.000 r  clk (IN)
                         net (fo=17077, unset)        0.000     0.000    clk
                         FDRE                                         r  b_cache_reg[17][0]/C





Min Delay Paths
--------------------------------------------------------------------------------------
Slack:                    inf
  Source:                 req_index[0]
                            (input port)
  Destination:            col_start_reg[0]/D
                            (rising edge-triggered cell FDRE clocked by clk  {rise@0.000ns fall@5.000ns period=10.000ns})
  Path Group:             (none)
  Path Type:              Hold (Min at Slow Process Corner)
  Data Path Delay:        0.000ns  (logic 0.000ns (0.000%)  route 0.000ns (0.000%))
  Logic Levels:           0  

    Location             Delay type                Incr(ns)  Path(ns)    Netlist Resource(s)
  -------------------------------------------------------------------    -------------------
                                                      0.000     0.000 r  req_index[0] (IN)
                         net (fo=4, unset)            0.000     0.000    req_index[0]
                         FDRE                                         r  col_start_reg[0]/D
  -------------------------------------------------------------------    -------------------

                         (clock clk rise edge)        0.000     0.000 r  
                                                      0.000     0.000 r  clk (IN)
                         net (fo=17077, unset)        0.000     0.000    clk
                         FDRE                                         r  col_start_reg[0]/C





